Archive member included because of file (symbol)

c:/freescale/kds_1.1.1/toolchain/bin/../lib/gcc/arm-none-eabi/4.8.0\libgcc.a(_udivsi3.o)
                              ./Generated_Code/GI2C1.o (__aeabi_uidiv)
c:/freescale/kds_1.1.1/toolchain/bin/../lib/gcc/arm-none-eabi/4.8.0\libgcc.a(_divsi3.o)
                              ./Generated_Code/UTIL1.o (__aeabi_idiv)
c:/freescale/kds_1.1.1/toolchain/bin/../lib/gcc/arm-none-eabi/4.8.0\libgcc.a(_dvmd_tls.o)
                              c:/freescale/kds_1.1.1/toolchain/bin/../lib/gcc/arm-none-eabi/4.8.0\libgcc.a(_udivsi3.o) (__aeabi_idiv0)
c:/freescale/kds_1.1.1/toolchain/bin/../lib/gcc/arm-none-eabi/4.8.0/../../../../arm-none-eabi/lib\libg_s.a(lib_a-atexit.o)
                              c:/freescale/kds_1.1.1/toolchain/bin/../lib/gcc/arm-none-eabi/4.8.0/../../../../arm-none-eabi/lib/crt0.o (atexit)
c:/freescale/kds_1.1.1/toolchain/bin/../lib/gcc/arm-none-eabi/4.8.0/../../../../arm-none-eabi/lib\libg_s.a(lib_a-exit.o)
                              c:/freescale/kds_1.1.1/toolchain/bin/../lib/gcc/arm-none-eabi/4.8.0/../../../../arm-none-eabi/lib/crt0.o (exit)
c:/freescale/kds_1.1.1/toolchain/bin/../lib/gcc/arm-none-eabi/4.8.0/../../../../arm-none-eabi/lib\libg_s.a(lib_a-fini.o)
                              c:/freescale/kds_1.1.1/toolchain/bin/../lib/gcc/arm-none-eabi/4.8.0/../../../../arm-none-eabi/lib\libg_s.a(lib_a-exit.o) (__libc_fini_array)
c:/freescale/kds_1.1.1/toolchain/bin/../lib/gcc/arm-none-eabi/4.8.0/../../../../arm-none-eabi/lib\libg_s.a(lib_a-impure.o)
                              c:/freescale/kds_1.1.1/toolchain/bin/../lib/gcc/arm-none-eabi/4.8.0/../../../../arm-none-eabi/lib\libg_s.a(lib_a-exit.o) (_global_impure_ptr)
c:/freescale/kds_1.1.1/toolchain/bin/../lib/gcc/arm-none-eabi/4.8.0/../../../../arm-none-eabi/lib\libg_s.a(lib_a-memcpy.o)
                              ./Generated_Code/IFsh1.o (memcpy)
c:/freescale/kds_1.1.1/toolchain/bin/../lib/gcc/arm-none-eabi/4.8.0/../../../../arm-none-eabi/lib\libg_s.a(lib_a-memset.o)
                              c:/freescale/kds_1.1.1/toolchain/bin/../lib/gcc/arm-none-eabi/4.8.0/../../../../arm-none-eabi/lib/crt0.o (memset)
c:/freescale/kds_1.1.1/toolchain/bin/../lib/gcc/arm-none-eabi/4.8.0/../../../../arm-none-eabi/lib\libg_s.a(lib_a-setjmp.o)
                              ./Generated_Code/port.o (setjmp)
c:/freescale/kds_1.1.1/toolchain/bin/../lib/gcc/arm-none-eabi/4.8.0/../../../../arm-none-eabi/lib\libg_s.a(lib_a-strchr.o)
                              ./Generated_Code/UTIL1.o (strchr)
c:/freescale/kds_1.1.1/toolchain/bin/../lib/gcc/arm-none-eabi/4.8.0/../../../../arm-none-eabi/lib\libg_s.a(lib_a-strcmp.o)
                              ./Sources/Common/Shell.o (strcmp)
c:/freescale/kds_1.1.1/toolchain/bin/../lib/gcc/arm-none-eabi/4.8.0/../../../../arm-none-eabi/lib\libg_s.a(lib_a-strlen.o)
                              ./Generated_Code/CLS1.o (strlen)
c:/freescale/kds_1.1.1/toolchain/bin/../lib/gcc/arm-none-eabi/4.8.0/../../../../arm-none-eabi/lib\libg_s.a(lib_a-strncmp.o)
                              ./Sources/Common/Shell.o (strncmp)
c:/freescale/kds_1.1.1/toolchain/bin/../lib/gcc/arm-none-eabi/4.8.0/../../../../arm-none-eabi/lib\libg_s.a(lib_a-syscalls.o)
                              c:/freescale/kds_1.1.1/toolchain/bin/../lib/gcc/arm-none-eabi/4.8.0/../../../../arm-none-eabi/lib\libg_s.a(lib_a-exit.o) (_exit)
c:/freescale/kds_1.1.1/toolchain/bin/../lib/gcc/arm-none-eabi/4.8.0/../../../../arm-none-eabi/lib\libg_s.a(lib_a-__atexit.o)
                              c:/freescale/kds_1.1.1/toolchain/bin/../lib/gcc/arm-none-eabi/4.8.0/../../../../arm-none-eabi/lib\libg_s.a(lib_a-atexit.o) (__do_register_exitproc)
c:/freescale/kds_1.1.1/toolchain/bin/../lib/gcc/arm-none-eabi/4.8.0/../../../../arm-none-eabi/lib\libg_s.a(lib_a-__call_atexit.o)
                              c:/freescale/kds_1.1.1/toolchain/bin/../lib/gcc/arm-none-eabi/4.8.0/../../../../arm-none-eabi/lib\libg_s.a(lib_a-__atexit.o) (__call_exitprocs)
c:/freescale/kds_1.1.1/toolchain/bin/../lib/gcc/arm-none-eabi/4.8.0/../../../../arm-none-eabi/lib\libg_s.a(lib_a-errno.o)
                              c:/freescale/kds_1.1.1/toolchain/bin/../lib/gcc/arm-none-eabi/4.8.0/../../../../arm-none-eabi/lib\libg_s.a(lib_a-syscalls.o) (__errno)
c:/freescale/kds_1.1.1/toolchain/bin/../lib/gcc/arm-none-eabi/4.8.0/../../../../arm-none-eabi/lib\libg_s.a(lib_a-malloc.o)
                              c:/freescale/kds_1.1.1/toolchain/bin/../lib/gcc/arm-none-eabi/4.8.0/../../../../arm-none-eabi/lib\libg_s.a(lib_a-__atexit.o) (malloc)
c:/freescale/kds_1.1.1/toolchain/bin/../lib/gcc/arm-none-eabi/4.8.0/../../../../arm-none-eabi/lib\libg_s.a(lib_a-mallocr.o)
                              c:/freescale/kds_1.1.1/toolchain/bin/../lib/gcc/arm-none-eabi/4.8.0/../../../../arm-none-eabi/lib\libg_s.a(lib_a-malloc.o) (_malloc_r)
c:/freescale/kds_1.1.1/toolchain/bin/../lib/gcc/arm-none-eabi/4.8.0/../../../../arm-none-eabi/lib\libg_s.a(lib_a-sbrkr.o)
[...]
Memory Configuration

Name             Origin             Length             Attributes
m_interrupts     0x00000000         0x000000c0         xr
m_text           0x00000410         0x0001fbf0         xr
m_data           0x1ffff000         0x00004000         rw
m_cfmprotrom     0x00000400         0x00000010         xr
*default*        0x00000000         0xffffffff

Linker script and memory map

LOAD c:/freescale/kds_1.1.1/toolchain/bin/../lib/gcc/arm-none-eabi/4.8.0/crti.o
LOAD c:/freescale/kds_1.1.1/toolchain/bin/../lib/gcc/arm-none-eabi/4.8.0/crtbegin.o
LOAD c:/freescale/kds_1.1.1/toolchain/bin/../lib/gcc/arm-none-eabi/4.8.0/../../../../arm-none-eabi/lib/crt0.o
LOAD ./Sources/Common/Accel.o
LOAD ./Sources/Common/Application.o
LOAD ./Sources/Common/Buzzer.o
LOAD ./Sources/Common/Debounce.o
LOAD ./Sources/Common/Drive.o
LOAD ./Sources/Common/Event.o
LOAD ./Sources/Common/KeyDebounce.o
LOAD ./Sources/Common/Keys.o
LOAD ./Sources/Common/LED.o
LOAD ./Sources/Common/MCP4728.o
LOAD ./Sources/Common/Mealy.o
LOAD ./Sources/Common/Motor.o
LOAD ./Sources/Common/NVM_Config.o
LOAD ./Sources/Common/Pid.o
LOAD ./Sources/Common/Platform.o
LOAD ./Sources/Common/QuadCalib.o
LOAD ./Sources/Common/RNet_App.o
LOAD ./Sources/Common/RTOS.o
LOAD ./Sources/Common/Reflectance.o
LOAD ./Sources/Common/Remote.o
LOAD ./Sources/Common/Sem.o
LOAD ./Sources/Common/Shell.o
LOAD ./Sources/Common/ShellQueue.o
LOAD ./Sources/Common/Tacho.o
LOAD ./Sources/Common/Timer.o
LOAD ./Sources/Common/Trigger.o
LOAD ./Sources/Common/Ultrasonic.o
LOAD ./Sources/Events.o
LOAD ./Sources/main.o
LOAD ./Project_Settings/Startup_Code/startup.o
LOAD ./Generated_Code/AD1.o
LOAD ./Generated_Code/AS1.o
LOAD ./Generated_Code/ASerialLdd1.o
LOAD ./Generated_Code/AdcLdd1.o
LOAD ./Generated_Code/BitIoLdd1.o
LOAD ./Generated_Code/BitIoLdd12.o
LOAD ./Generated_Code/BitIoLdd13.o
LOAD ./Generated_Code/BitIoLdd2.o
LOAD ./Generated_Code/BitIoLdd8.o
LOAD ./Generated_Code/BitIoLdd9.o
LOAD ./Generated_Code/CDC1.o
LOAD ./Generated_Code/CE1.o
LOAD ./Generated_Code/CLS1.o
LOAD ./Generated_Code/CS1.o
LOAD ./Generated_Code/CSN1.o
LOAD ./Generated_Code/Cpu.o
LOAD ./Generated_Code/ExtIntLdd1.o
LOAD ./Generated_Code/ExtIntLdd2.o
LOAD ./Generated_Code/ExtIntLdd3.o
LOAD ./Generated_Code/ExtIntLdd4.o
LOAD ./Generated_Code/ExtIntLdd5.o
LOAD ./Generated_Code/FRTOS1.o
LOAD ./Generated_Code/GI2C1.o
LOAD ./Generated_Code/HF1.o
LOAD ./Generated_Code/I2C1.o
LOAD ./Generated_Code/IFsh1.o
LOAD ./Generated_Code/IntFlashLdd1.o
LOAD ./Generated_Code/LedBit1.o
LOAD ./Generated_Code/LedBit2.o
LOAD ./Generated_Code/MMA1.o
LOAD ./Generated_Code/PE_LDD.o
LOAD ./Generated_Code/PTA.o
LOAD ./Generated_Code/RApp.o
LOAD ./Generated_Code/RF1.o
LOAD ./Generated_Code/RMAC.o
LOAD ./Generated_Code/RMSG.o
LOAD ./Generated_Code/RNET1.o
LOAD ./Generated_Code/RNWK.o
LOAD ./Generated_Code/RPHY.o
LOAD ./Generated_Code/RStack.o
LOAD ./Generated_Code/RStdIO.o
LOAD ./Generated_Code/RTOSCNTRLDD1.o
LOAD ./Generated_Code/Radio.o
LOAD ./Generated_Code/Rx1.o
LOAD ./Generated_Code/SM1.o
LOAD ./Generated_Code/SMasterLdd1.o
LOAD ./Generated_Code/SW1.o
LOAD ./Generated_Code/SW2.o
LOAD ./Generated_Code/SW3.o
LOAD ./Generated_Code/SW4.o
LOAD ./Generated_Code/SW5.o
LOAD ./Generated_Code/SW6.o
LOAD ./Generated_Code/SW7.o
LOAD ./Generated_Code/TMOUT1.o
LOAD ./Generated_Code/Tx1.o
LOAD ./Generated_Code/USB0.o
LOAD ./Generated_Code/USB1.o
LOAD ./Generated_Code/UTIL1.o
LOAD ./Generated_Code/Vectors.o
LOAD ./Generated_Code/WAIT1.o
LOAD ./Generated_Code/croutine.o
LOAD ./Generated_Code/event_groups.o
LOAD ./Generated_Code/heap_1.o
LOAD ./Generated_Code/heap_2.o
LOAD ./Generated_Code/heap_3.o
LOAD ./Generated_Code/heap_4.o
LOAD ./Generated_Code/list.o
LOAD ./Generated_Code/port.o
LOAD ./Generated_Code/queue.o
LOAD ./Generated_Code/tasks.o
LOAD ./Generated_Code/timers.o
LOAD ./Generated_Code/usb_cdc.o
LOAD ./Generated_Code/usb_cdc_pstn.o
LOAD ./Generated_Code/usb_class.o
LOAD ./Generated_Code/usb_dci_kinetis.o
LOAD ./Generated_Code/usb_descriptor.o
LOAD ./Generated_Code/usb_driver.o
LOAD ./Generated_Code/usb_framework.o
LOAD ./Generated_Code/wdt_kinetis.o
LOAD c:/freescale/kds_1.1.1/toolchain/bin/../lib/gcc/arm-none-eabi/4.8.0/../../../../arm-none-eabi/lib\libstdc++.a
LOAD c:/freescale/kds_1.1.1/toolchain/bin/../lib/gcc/arm-none-eabi/4.8.0/../../../../arm-none-eabi/lib\libm.a
START GROUP
LOAD c:/freescale/kds_1.1.1/toolchain/bin/../lib/gcc/arm-none-eabi/4.8.0\libgcc.a
LOAD c:/freescale/kds_1.1.1/toolchain/bin/../lib/gcc/arm-none-eabi/4.8.0/../../../../arm-none-eabi/lib\libg_s.a
LOAD c:/freescale/kds_1.1.1/toolchain/bin/../lib/gcc/arm-none-eabi/4.8.0/../../../../arm-none-eabi/lib\libc_s.a
END GROUP
LOAD c:/freescale/kds_1.1.1/toolchain/bin/../lib/gcc/arm-none-eabi/4.8.0/crtend.o
LOAD c:/freescale/kds_1.1.1/toolchain/bin/../lib/gcc/arm-none-eabi/4.8.0/crtn.o
                0x20003000                _estack = 0x20003000
                0x20003000                __SP_INIT = _estack
                0x00000000                __heap_size = 0x0
                0x00000200                __stack_size = 0x200

.interrupts     0x00000000       0xc0
                0x00000000                __vector_table = .
                0x00000000                . = ALIGN (0x4)
 *(.vectortable)
 .vectortable   0x00000000       0xc0 ./Generated_Code/Vectors.o
                0x00000000                __vect_table
                0x000000c0                . = ALIGN (0x4)

.cfmprotect     0x00000400       0x10
                0x00000400                . = ALIGN (0x4)
 *(.cfmconfig)
 .cfmconfig     0x00000400       0x10 ./Generated_Code/Cpu.o
                0x00000400                _cfm
                0x00000410                . = ALIGN (0x4)

.text           0x00000410     0xccc4
                0x00000410                . = ALIGN (0x4)
 *(.text)
 .text          0x00000410       0x9c c:/freescale/kds_1.1.1/toolchain/bin/../lib/gcc/arm-none-eabi/4.8.0\libgcc.a(_udivsi3.o)
                0x00000410                __aeabi_uidiv
                0x00000410                __udivsi3
                0x00000498                __aeabi_uidivmod
 .text          0x000004ac       0xc0 c:/freescale/kds_1.1.1/toolchain/bin/../lib/gcc/arm-none-eabi/4.8.0\libgcc.a(_divsi3.o)
                0x000004ac                __divsi3
                0x000004ac                __aeabi_idiv
                0x00000558                __aeabi_idivmod
 .text          0x0000056c        0x4 c:/freescale/kds_1.1.1/toolchain/bin/../lib/gcc/arm-none-eabi/4.8.0\libgcc.a(_dvmd_tls.o)
                0x0000056c                __aeabi_idiv0
                0x0000056c                __aeabi_ldiv0
 .text          0x00000570       0x34 c:/freescale/kds_1.1.1/toolchain/bin/../lib/gcc/arm-none-eabi/4.8.0/../../../../arm-none-eabi/lib\libg_s.a(lib_a-setjmp.o)
                0x00000570                setjmp
                0x00000588                longjmp
 *(.text*)
 .text.deregister_tm_clones
                0x000005a4       0x24 c:/freescale/kds_1.1.1/toolchain/bin/../lib/gcc/arm-none-eabi/4.8.0/crtbegin.o
 .text.register_tm_clones
                0x000005c8       0x28 c:/freescale/kds_1.1.1/toolchain/bin/../lib/gcc/arm-none-eabi/4.8.0/crtbegin.o
 .text.__do_global_dtors_aux
                0x000005f0       0x30 c:/freescale/kds_1.1.1/toolchain/bin/../lib/gcc/arm-none-eabi/4.8.0/crtbegin.o
 .text.frame_dummy
                0x00000620       0x3c c:/freescale/kds_1.1.1/toolchain/bin/../lib/gcc/arm-none-eabi/4.8.0/crtbegin.o
 .text.HandleEvents
                0x0000065c      0x2d8 ./Sources/Common/Application.o
                0x0000065c                HandleEvents
 .text.AppTask  0x00000934       0x18 ./Sources/Common/Application.o
 .text.APP_Start
                0x0000094c       0x4c ./Sources/Common/Application.o
                0x0000094c                APP_Start
 .text.DBNC_Process
                0x00000998      0x170 ./Sources/Common/Debounce.o
                0x00000998                DBNC_Process
 .text.DBNC_Deinit
                0x00000b08        0x8 ./Sources/Common/Debounce.o
                0x00000b08                DBNC_Deinit
 .text.DBNC_Init
                0x00000b10        0x8 ./Sources/Common/Debounce.o
                0x00000b10                DBNC_Init
 .text.EVNT_SetEvent
                0x00000b18       0x58 ./Sources/Common/Event.o
                0x00000b18                EVNT_SetEvent
 .text.EVNT_EventIsSetAutoClear
                0x00000b70       0x98 ./Sources/Common/Event.o
                0x00000b70                EVNT_EventIsSetAutoClear
 .text.EVNT_Init
                0x00000c08       0x34 ./Sources/Common/Event.o
                0x00000c08                EVNT_Init
 .text.EVNT_Deinit
                0x00000c3c        0x8 ./Sources/Common/Event.o
                0x00000c3c                EVNT_Deinit
 .text.KEYDBNC_GetKeys
                0x00000c44       0xe0 ./Sources/Common/KeyDebounce.o
 .text.KEYDBNC_OnDebounceEvent
                0x00000d24      0x170 ./Sources/Common/KeyDebounce.o
 .text.KEYDBNC_Process
                0x00000e94       0x2c ./Sources/Common/KeyDebounce.o
                0x00000e94                KEYDBNC_Process
 .text.KEYDBNC_Init
                0x00000ec0        0x8 ./Sources/Common/KeyDebounce.o
                0x00000ec0                KEYDBNC_Init
 .text.KEYDBNC_Deinit
                0x00000ec8        0x8 ./Sources/Common/KeyDebounce.o
                0x00000ec8                KEYDBNC_Deinit
 .text.KEY_Scan
                0x00000ed0        0xc ./Sources/Common/Keys.o
                0x00000ed0                KEY_Scan
 .text.KEY_OnInterrupt
                0x00000edc       0x18 ./Sources/Common/Keys.o
                0x00000edc                KEY_OnInterrupt
 .text.KEY_EnableInterrupts
                0x00000ef4       0x68 ./Sources/Common/Keys.o
                0x00000ef4                KEY_EnableInterrupts
 .text.KEY_DisableInterrupts
                0x00000f5c       0x54 ./Sources/Common/Keys.o
                0x00000f5c                KEY_DisableInterrupts
 .text.PORTA_OnInterrupt
                0x00000fb0        0xc ./Sources/Common/Keys.o
                0x00000fb0                PORTA_OnInterrupt
 .text.KEY_Init
                0x00000fbc        0x8 ./Sources/Common/Keys.o
                0x00000fbc                KEY_Init
 .text.KEY_Deinit
                0x00000fc4        0x8 ./Sources/Common/Keys.o
                0x00000fc4                KEY_Deinit
 .text.LED_Init
                0x00000fcc       0x20 ./Sources/Common/LED.o
                0x00000fcc                LED_Init
 .text.LED_Deinit
                0x00000fec        0x8 ./Sources/Common/LED.o
                0x00000fec                LED_Deinit
 .text.NVMC_Init
                0x00000ff4        0x8 ./Sources/Common/NVM_Config.o
                0x00000ff4                NVMC_Init
 .text.NVMC_Deinit
                0x00000ffc        0x8 ./Sources/Common/NVM_Config.o
                0x00000ffc                NVMC_Deinit
 .text.PL_Init  0x00001004       0x38 ./Sources/Common/Platform.o
                0x00001004                PL_Init
 .text.PL_Deinit
                0x0000103c       0x38 ./Sources/Common/Platform.o
                0x0000103c                PL_Deinit
 .text.T1       0x00001074        0xc ./Sources/Common/RTOS.o
 .text.T2       0x00001080        0xc ./Sources/Common/RTOS.o
 .text.RTOS_Run
                0x0000108c        0xc ./Sources/Common/RTOS.o
                0x0000108c                RTOS_Run
 .text.RTOS_Init
                0x00001098       0x70 ./Sources/Common/RTOS.o
                0x00001098                RTOS_Init
 .text.RTOS_Deinit
                0x00001108        0x8 ./Sources/Common/RTOS.o
                0x00001108                RTOS_Deinit
 .text.vSlaveTask
                0x00001110       0x28 ./Sources/Common/Sem.o
 .text.vMasterTask
                0x00001138       0x98 ./Sources/Common/Sem.o
 .text.SEM_Deinit
                0x000011d0        0x8 ./Sources/Common/Sem.o
                0x000011d0                SEM_Deinit
 .text.SEM_Init
                0x000011d8       0x3c ./Sources/Common/Sem.o
                0x000011d8                SEM_Init
 .text.SHELL_SendString
                0x00001214       0x18 ./Sources/Common/Shell.o
                0x00001214                SHELL_SendString
 .text.SHELL_PrintHelp
                0x0000122c       0x60 ./Sources/Common/Shell.o
 .text.SHELL_PrintStatus
                0x0000128c       0x6c ./Sources/Common/Shell.o
 .text.SHELL_ParseCommand
                0x000012f8       0xdc ./Sources/Common/Shell.o
 .text.CDC_StdIOKeyPressed
                0x000013d4       0x18 ./Sources/Common/Shell.o
 .text.CDC_StdIOReadChar
                0x000013ec       0x24 ./Sources/Common/Shell.o
 .text.CDC_StdIOSendChar
                0x00001410       0x24 ./Sources/Common/Shell.o
 .text.ShellTask
                0x00001434       0x94 ./Sources/Common/Shell.o
 .text.SHELL_Init
                0x000014c8       0x40 ./Sources/Common/Shell.o
                0x000014c8                SHELL_Init
 .text.SHELL_Deinit
                0x00001508        0xc ./Sources/Common/Shell.o
                0x00001508                SHELL_Deinit
 .text.SQUEUE_SendString
                0x00001514       0x40 ./Sources/Common/ShellQueue.o
                0x00001514                SQUEUE_SendString
 .text.SQUEUE_ReceiveChar
                0x00001554       0x38 ./Sources/Common/ShellQueue.o
                0x00001554                SQUEUE_ReceiveChar
 .text.SQUEUE_Deinit
                0x0000158c       0x18 ./Sources/Common/ShellQueue.o
                0x0000158c                SQUEUE_Deinit
 .text.SQUEUE_Init
                0x000015a4       0x38 ./Sources/Common/ShellQueue.o
                0x000015a4                SQUEUE_Init
 .text.TMR_OnInterrupt
                0x000015dc       0x38 ./Sources/Common/Timer.o
                0x000015dc                TMR_OnInterrupt
 .text.TMR_Init
                0x00001614        0x8 ./Sources/Common/Timer.o
                0x00001614                TMR_Init
 .text.TMR_Deinit
                0x0000161c        0x8 ./Sources/Common/Timer.o
                0x0000161c                TMR_Deinit
 .text.TRG_SetTrigger
                0x00001624       0x84 ./Sources/Common/Trigger.o
                0x00001624                TRG_SetTrigger
 .text.CheckCallbacks
                0x000016a8       0xe0 ./Sources/Common/Trigger.o
 .text.TRG_IncTick
                0x00001788       0x80 ./Sources/Common/Trigger.o
                0x00001788                TRG_IncTick
 .text.TRG_Deinit
                0x00001808        0x8 ./Sources/Common/Trigger.o
                0x00001808                TRG_Deinit
 .text.TRG_Init
                0x00001810       0x68 ./Sources/Common/Trigger.o
                0x00001810                TRG_Init
 .text.SW1_OnInterrupt
                0x00001878       0x24 ./Sources/Events.o
                0x00001878                SW1_OnInterrupt
 .text.SW2_OnInterrupt
                0x0000189c       0x24 ./Sources/Events.o
                0x0000189c                SW2_OnInterrupt
 .text.SW3_OnInterrupt
                0x000018c0       0x2c ./Sources/Events.o
                0x000018c0                SW3_OnInterrupt
 .text.SW7_OnInterrupt
                0x000018ec       0x24 ./Sources/Events.o
                0x000018ec                SW7_OnInterrupt
 .text.SW4_OnInterrupt
                0x00001910       0x24 ./Sources/Events.o
                0x00001910                SW4_OnInterrupt
 .text.Cpu_OnNMIINT
                0x00001934        0x8 ./Sources/Events.o
                0x00001934                Cpu_OnNMIINT
 .text.FRTOS1_vApplicationStackOverflowHook
                0x0000193c       0x10 ./Sources/Events.o
                0x0000193c                FRTOS1_vApplicationStackOverflowHook
 .text.FRTOS1_vApplicationMallocFailedHook
                0x0000194c        0x8 ./Sources/Events.o
                0x0000194c                FRTOS1_vApplicationMallocFailedHook
 .text.FRTOS1_vApplicationTickHook
                0x00001954        0xc ./Sources/Events.o
                0x00001954                FRTOS1_vApplicationTickHook
 .text.FRTOS1_vApplicationIdleHook
                0x00001960        0x8 ./Sources/Events.o
                0x00001960                FRTOS1_vApplicationIdleHook
 .text.GI2C1_OnError
                0x00001968        0x8 ./Sources/Events.o
                0x00001968                GI2C1_OnError
 .text.main     0x00001970       0x14 ./Sources/main.o
                0x00001970                main
 .text.__flush_cache
                0x00001984       0x10 ./Project_Settings/Startup_Code/startup.o
                0x00001984                __flush_cache
 .text.__copy_rom_section
                0x00001994       0xd8 ./Project_Settings/Startup_Code/startup.o
                0x00001994                __copy_rom_section
 .text.__copy_rom_sections_to_ram
                0x00001a6c       0xc0 ./Project_Settings/Startup_Code/startup.o
                0x00001a6c                __copy_rom_sections_to_ram
 .text.zero_fill_bss
                0x00001b2c       0xac ./Project_Settings/Startup_Code/startup.o
 .text.__init_registers
                0x00001bd8        0x8 ./Project_Settings/Startup_Code/startup.o
                0x00001bd8                __init_registers
 .text.__init_user
                0x00001be0        0x8 ./Project_Settings/Startup_Code/startup.o
                0x00001be0                __init_user
 .text.__thumb_startup
                0x00001be8       0x48 ./Project_Settings/Startup_Code/startup.o
                0x00001be8                __thumb_startup
 .text.AD1_Init
                0x00001c30       0x2c ./Generated_Code/AD1.o
                0x00001c30                AD1_Init
 .text.HWEnDi   0x00001c5c       0x20 ./Generated_Code/AS1.o
 .text.AS1_RecvChar
                0x00001c7c       0xe8 ./Generated_Code/AS1.o
                0x00001c7c                AS1_RecvChar
 .text.AS1_SendChar
                0x00001d64       0xec ./Generated_Code/AS1.o
                0x00001d64                AS1_SendChar
 .text.AS1_GetCharsInRxBuf
                0x00001e50       0x14 ./Generated_Code/AS1.o
                0x00001e50                AS1_GetCharsInRxBuf
 .text.AS1_Init
                0x00001e64       0x64 ./Generated_Code/AS1.o
                0x00001e64                AS1_Init
 .text.ASerialLdd1_OnBlockReceived
                0x00001ec8       0x7c ./Generated_Code/AS1.o
                0x00001ec8                ASerialLdd1_OnBlockReceived
 .text.ASerialLdd1_OnBlockSent
                0x00001f44       0x88 ./Generated_Code/AS1.o
                0x00001f44                ASerialLdd1_OnBlockSent
 .text.ASerialLdd1_OnError
                0x00001fcc       0x90 ./Generated_Code/AS1.o
                0x00001fcc                ASerialLdd1_OnError
 .text.ASerialLdd1_OnBreak
                0x0000205c       0x20 ./Generated_Code/AS1.o
                0x0000205c                ASerialLdd1_OnBreak
 .text.ASerialLdd1_Init
                0x0000207c      0x1c4 ./Generated_Code/ASerialLdd1.o
                0x0000207c                ASerialLdd1_Init
 .text.ASerialLdd1_ReceiveBlock
                0x00002240       0x50 ./Generated_Code/ASerialLdd1.o
                0x00002240                ASerialLdd1_ReceiveBlock
 .text.ASerialLdd1_SendBlock
                0x00002290       0x80 ./Generated_Code/ASerialLdd1.o
                0x00002290                ASerialLdd1_SendBlock
 .text.InterruptRx
                0x00002310       0x58 ./Generated_Code/ASerialLdd1.o
 .text.InterruptTx
                0x00002368       0x80 ./Generated_Code/ASerialLdd1.o
 .text.ASerialLdd1_Interrupt
                0x000023e8       0xec ./Generated_Code/ASerialLdd1.o
                0x000023e8                ASerialLdd1_Interrupt
 .text.ASerialLdd1_GetError
                0x000024d4       0x30 ./Generated_Code/ASerialLdd1.o
                0x000024d4                ASerialLdd1_GetError
 .text.AdcLdd1_Init
                0x00002504       0x8c ./Generated_Code/AdcLdd1.o
                0x00002504                AdcLdd1_Init
 .text.BitIoLdd1_Init
                0x00002590       0x64 ./Generated_Code/BitIoLdd1.o
                0x00002590                BitIoLdd1_Init
 .text.BitIoLdd1_ClrVal
                0x000025f4       0x1c ./Generated_Code/BitIoLdd1.o
                0x000025f4                BitIoLdd1_ClrVal
 .text.BitIoLdd1_SetVal
                0x00002610       0x1c ./Generated_Code/BitIoLdd1.o
                0x00002610                BitIoLdd1_SetVal
 .text.BitIoLdd1_NegVal
                0x0000262c       0x1c ./Generated_Code/BitIoLdd1.o
                0x0000262c                BitIoLdd1_NegVal
 .text.BitIoLdd12_Init
                0x00002648       0x60 ./Generated_Code/BitIoLdd12.o
                0x00002648                BitIoLdd12_Init
 .text.BitIoLdd13_Init
                0x000026a8       0x60 ./Generated_Code/BitIoLdd13.o
                0x000026a8                BitIoLdd13_Init
 .text.BitIoLdd2_Init
                0x00002708       0x64 ./Generated_Code/BitIoLdd2.o
                0x00002708                BitIoLdd2_Init
 .text.BitIoLdd2_ClrVal
                0x0000276c       0x1c ./Generated_Code/BitIoLdd2.o
                0x0000276c                BitIoLdd2_ClrVal
 .text.BitIoLdd2_SetVal
                0x00002788       0x1c ./Generated_Code/BitIoLdd2.o
                0x00002788                BitIoLdd2_SetVal
 .text.BitIoLdd2_NegVal
                0x000027a4       0x1c ./Generated_Code/BitIoLdd2.o
                0x000027a4                BitIoLdd2_NegVal
 .text.BitIoLdd8_Init
                0x000027c0       0x58 ./Generated_Code/BitIoLdd8.o
                0x000027c0                BitIoLdd8_Init
 .text.BitIoLdd8_GetVal
                0x00002818       0x28 ./Generated_Code/BitIoLdd8.o
                0x00002818                BitIoLdd8_GetVal
 .text.BitIoLdd9_Init
                0x00002840       0x58 ./Generated_Code/BitIoLdd9.o
                0x00002840                BitIoLdd9_Init
 .text.BitIoLdd9_GetVal
                0x00002898       0x28 ./Generated_Code/BitIoLdd9.o
                0x00002898                BitIoLdd9_GetVal
 .text.CDC1_GetCharsInRxBuf
                0x000028c0       0x20 ./Generated_Code/CDC1.o
                0x000028c0                CDC1_GetCharsInRxBuf
 .text.CDC1_SendChar
                0x000028e0       0x68 ./Generated_Code/CDC1.o
                0x000028e0                CDC1_SendChar
 .text.CDC1_App_Callback
                0x00002948       0xf4 ./Generated_Code/CDC1.o
                0x00002948                CDC1_App_Callback
 .text.CDC1_Notify_Callback
                0x00002a3c       0x50 ./Generated_Code/CDC1.o
                0x00002a3c                CDC1_Notify_Callback
 .text.CDC1_RunUsbEngine
                0x00002a8c        0x8 ./Generated_Code/CDC1.o
                0x00002a8c                CDC1_RunUsbEngine
 .text.CDC1_SendDataBlock
                0x00002a94       0x5c ./Generated_Code/CDC1.o
                0x00002a94                CDC1_SendDataBlock
 .text.CDC1_App_Task
                0x00002af0       0xe0 ./Generated_Code/CDC1.o
                0x00002af0                CDC1_App_Task
 .text.CDC1_Init
                0x00002bd0       0x3c ./Generated_Code/CDC1.o
                0x00002bd0                CDC1_Init
 .text.CLS1_SendStr
                0x00002c0c       0x28 ./Generated_Code/CLS1.o
                0x00002c0c                CLS1_SendStr
 .text.CLS1_SendNum16s
                0x00002c34       0x38 ./Generated_Code/CLS1.o
                0x00002c34                CLS1_SendNum16s
 .text.CLS1_ParseCommand
                0x00002c6c      0x12c ./Generated_Code/CLS1.o
                0x00002c6c                CLS1_ParseCommand
 .text.CLS1_PrintPrompt
                0x00002d98       0x20 ./Generated_Code/CLS1.o
                0x00002d98                CLS1_PrintPrompt
 .text.CLS1_ReadLine
                0x00002db8       0x80 ./Generated_Code/CLS1.o
                0x00002db8                CLS1_ReadLine
 .text.CLS1_PrintStatus
                0x00002e38       0xb0 ./Generated_Code/CLS1.o
                0x00002e38                CLS1_PrintStatus
 .text.CLS1_PrintCommandFailed
                0x00002ee8       0x78 ./Generated_Code/CLS1.o
                0x00002ee8                CLS1_PrintCommandFailed
 .text.CLS1_IterateTable
                0x00002f60       0x58 ./Generated_Code/CLS1.o
                0x00002f60                CLS1_IterateTable
 .text.CLS1_ParseWithCommandTable
                0x00002fb8      0x174 ./Generated_Code/CLS1.o
                0x00002fb8                CLS1_ParseWithCommandTable
 .text.CLS1_GetStdio
                0x0000312c       0x14 ./Generated_Code/CLS1.o
                0x0000312c                CLS1_GetStdio
 .text.CLS1_ReadAndParseWithCommandTable
                0x00003140       0xf8 ./Generated_Code/CLS1.o
                0x00003140                CLS1_ReadAndParseWithCommandTable
 .text.SendSeparatedStrings
                0x00003238       0x7c ./Generated_Code/CLS1.o
 .text.CLS1_SendHelpStr
                0x000032b4       0x28 ./Generated_Code/CLS1.o
                0x000032b4                CLS1_SendHelpStr
 .text.CLS1_SendStatusStr
                0x000032dc       0x28 ./Generated_Code/CLS1.o
                0x000032dc                CLS1_SendStatusStr
 .text.CLS1_ReadChar
                0x00003304       0x4c ./Generated_Code/CLS1.o
                0x00003304                CLS1_ReadChar
 .text.CLS1_SendChar
                0x00003350       0x5c ./Generated_Code/CLS1.o
                0x00003350                CLS1_SendChar
 .text.CLS1_KeyPressed
                0x000033ac       0x44 ./Generated_Code/CLS1.o
                0x000033ac                CLS1_KeyPressed
 .text.CLS1_Init
                0x000033f0       0x5c ./Generated_Code/CLS1.o
                0x000033f0                CLS1_Init
 .text.CLS1_Deinit
                0x0000344c       0x1c ./Generated_Code/CLS1.o
                0x0000344c                CLS1_Deinit
 .text.Cpu_ivINT_PORTA
                0x00003468       0x18 ./Generated_Code/Cpu.o
                0x00003468                Cpu_ivINT_PORTA
 .text.Cpu_INT_NMIInterrupt
                0x00003480        0xc ./Generated_Code/Cpu.o
                0x00003480                Cpu_INT_NMIInterrupt
 .text.Cpu_Interrupt
                0x0000348c        0xc ./Generated_Code/Cpu.o
                0x0000348c                Cpu_Interrupt
 .text.__init_hardware
                0x00003498      0x174 ./Generated_Code/Cpu.o
                0x00003498                __init_hardware
 .text.PE_low_level_init
                0x0000360c      0x1a8 ./Generated_Code/Cpu.o
                0x0000360c                PE_low_level_init
 .text.ExtIntLdd1_Init
                0x000037b4       0x90 ./Generated_Code/ExtIntLdd1.o
                0x000037b4                ExtIntLdd1_Init
 .text.ExtIntLdd1_Enable
                0x00003844       0x38 ./Generated_Code/ExtIntLdd1.o
                0x00003844                ExtIntLdd1_Enable
 .text.ExtIntLdd1_Disable
                0x0000387c       0x24 ./Generated_Code/ExtIntLdd1.o
                0x0000387c                ExtIntLdd1_Disable
 .text.ExtIntLdd1_Interrupt
                0x000038a0       0x34 ./Generated_Code/ExtIntLdd1.o
                0x000038a0                ExtIntLdd1_Interrupt
 .text.ExtIntLdd1_GetVal
                0x000038d4       0x24 ./Generated_Code/ExtIntLdd1.o
                0x000038d4                ExtIntLdd1_GetVal
 .text.ExtIntLdd2_Init
                0x000038f8       0x94 ./Generated_Code/ExtIntLdd2.o
                0x000038f8                ExtIntLdd2_Init
 .text.ExtIntLdd2_Enable
                0x0000398c       0x38 ./Generated_Code/ExtIntLdd2.o
                0x0000398c                ExtIntLdd2_Enable
 .text.ExtIntLdd2_Disable
                0x000039c4       0x24 ./Generated_Code/ExtIntLdd2.o
                0x000039c4                ExtIntLdd2_Disable
 .text.ExtIntLdd2_Interrupt
                0x000039e8       0x40 ./Generated_Code/ExtIntLdd2.o
                0x000039e8                ExtIntLdd2_Interrupt
 .text.ExtIntLdd2_GetVal
                0x00003a28       0x28 ./Generated_Code/ExtIntLdd2.o
                0x00003a28                ExtIntLdd2_GetVal
 .text.ExtIntLdd3_Init
                0x00003a50       0x84 ./Generated_Code/ExtIntLdd3.o
                0x00003a50                ExtIntLdd3_Init
 .text.ExtIntLdd3_Enable
                0x00003ad4       0x18 ./Generated_Code/ExtIntLdd3.o
                0x00003ad4                ExtIntLdd3_Enable
 .text.ExtIntLdd3_Disable
                0x00003aec       0x18 ./Generated_Code/ExtIntLdd3.o
                0x00003aec                ExtIntLdd3_Disable
 .text.ExtIntLdd3_Interrupt
                0x00003b04       0x2c ./Generated_Code/ExtIntLdd3.o
                0x00003b04                ExtIntLdd3_Interrupt
 .text.ExtIntLdd3_GetVal
                0x00003b30       0x24 ./Generated_Code/ExtIntLdd3.o
                0x00003b30                ExtIntLdd3_GetVal
 .text.ExtIntLdd4_Init
                0x00003b54       0x94 ./Generated_Code/ExtIntLdd4.o
                0x00003b54                ExtIntLdd4_Init
 .text.ExtIntLdd4_Enable
                0x00003be8       0x38 ./Generated_Code/ExtIntLdd4.o
                0x00003be8                ExtIntLdd4_Enable
 .text.ExtIntLdd4_Disable
                0x00003c20       0x24 ./Generated_Code/ExtIntLdd4.o
                0x00003c20                ExtIntLdd4_Disable
 .text.ExtIntLdd4_Interrupt
                0x00003c44       0x40 ./Generated_Code/ExtIntLdd4.o
                0x00003c44                ExtIntLdd4_Interrupt
 .text.ExtIntLdd4_GetVal
                0x00003c84       0x24 ./Generated_Code/ExtIntLdd4.o
                0x00003c84                ExtIntLdd4_GetVal
 .text.ExtIntLdd5_Init
                0x00003ca8       0x94 ./Generated_Code/ExtIntLdd5.o
                0x00003ca8                ExtIntLdd5_Init
 .text.ExtIntLdd5_Enable
                0x00003d3c       0x38 ./Generated_Code/ExtIntLdd5.o
                0x00003d3c                ExtIntLdd5_Enable
 .text.ExtIntLdd5_Disable
                0x00003d74       0x24 ./Generated_Code/ExtIntLdd5.o
                0x00003d74                ExtIntLdd5_Disable
 .text.ExtIntLdd5_Interrupt
                0x00003d98       0x40 ./Generated_Code/ExtIntLdd5.o
                0x00003d98                ExtIntLdd5_Interrupt
 .text.ExtIntLdd5_GetVal
                0x00003dd8       0x28 ./Generated_Code/ExtIntLdd5.o
                0x00003dd8                ExtIntLdd5_GetVal
 .text.PrintStatus
                0x00003e00      0x210 ./Generated_Code/FRTOS1.o
 .text.PrintHelp
                0x00004010       0x48 ./Generated_Code/FRTOS1.o
 .text.RTOSCNTRLDD1_OnCounterRestart
                0x00004058       0x1c ./Generated_Code/FRTOS1.o
                0x00004058                RTOSCNTRLDD1_OnCounterRestart
 .text.FRTOS1_ParseCommand
                0x00004074       0x94 ./Generated_Code/FRTOS1.o
                0x00004074                FRTOS1_ParseCommand
 .text.GI2C1_RequestBus
                0x00004108       0x1c ./Generated_Code/GI2C1.o
                0x00004108                GI2C1_RequestBus
 .text.GI2C1_ReleaseBus
                0x00004124       0x18 ./Generated_Code/GI2C1.o
                0x00004124                GI2C1_ReleaseBus
 .text.GI2C1_SelectSlave
                0x0000413c       0x44 ./Generated_Code/GI2C1.o
                0x0000413c                GI2C1_SelectSlave
 .text.GI2C1_UnselectSlave
                0x00004180       0x10 ./Generated_Code/GI2C1.o
                0x00004180                GI2C1_UnselectSlave
 .text.GI2C1_ReadAddress
                0x00004190       0xe8 ./Generated_Code/GI2C1.o
                0x00004190                GI2C1_ReadAddress
 .text.GI2C1_WriteAddress
                0x00004278      0x148 ./Generated_Code/GI2C1.o
                0x00004278                GI2C1_WriteAddress
 .text.I2C1_OnMasterBlockSent
                0x000043c0       0x24 ./Generated_Code/GI2C1.o
                0x000043c0                I2C1_OnMasterBlockSent
 .text.I2C1_OnMasterBlockReceived
                0x000043e4       0x24 ./Generated_Code/GI2C1.o
                0x000043e4                I2C1_OnMasterBlockReceived
 .text.GI2C1_Init
                0x00004408       0x48 ./Generated_Code/GI2C1.o
                0x00004408                GI2C1_Init
 .text.GI2C1_ReadByteAddress8
                0x00004450       0x34 ./Generated_Code/GI2C1.o
                0x00004450                GI2C1_ReadByteAddress8
 .text.GI2C1_WriteByteAddress8
                0x00004484       0x34 ./Generated_Code/GI2C1.o
                0x00004484                GI2C1_WriteByteAddress8
 .text.HF1_HandlerC
                0x000044b8       0xd0 ./Generated_Code/HF1.o
                0x000044b8                HF1_HandlerC
 .text.HF1_HardFaultHandler
                0x00004588       0x18 ./Generated_Code/HF1.o
                0x00004588                HF1_HardFaultHandler
 .text.I2C1_Interrupt
                0x000045a0      0x2ac ./Generated_Code/I2C1.o
                0x000045a0                I2C1_Interrupt
 .text.I2C1_Init
                0x0000484c      0x11c ./Generated_Code/I2C1.o
                0x0000484c                I2C1_Init
 .text.I2C1_MasterSendBlock
                0x00004968      0x158 ./Generated_Code/I2C1.o
                0x00004968                I2C1_MasterSendBlock
 .text.I2C1_MasterReceiveBlock
                0x00004ac0      0x158 ./Generated_Code/I2C1.o
                0x00004ac0                I2C1_MasterReceiveBlock
 .text.I2C1_SelectSlaveDevice
                0x00004c18      0x100 ./Generated_Code/I2C1.o
                0x00004c18                I2C1_SelectSlaveDevice
 .text.IFsh1_Init
                0x00004d18       0x2c ./Generated_Code/IFsh1.o
                0x00004d18                IFsh1_Init
 .text.IntFlashLdd1_Init
                0x00004d44       0x5c ./Generated_Code/IntFlashLdd1.o
                0x00004d44                IntFlashLdd1_Init
 .text.PrintStatus
                0x00004da0      0x41c ./Generated_Code/MMA1.o
 .text.PrintHelp
                0x000051bc       0x60 ./Generated_Code/MMA1.o
 .text.MMA1_GetXmg
                0x0000521c       0x30 ./Generated_Code/MMA1.o
                0x0000521c                MMA1_GetXmg
 .text.MMA1_GetYmg
                0x0000524c       0x30 ./Generated_Code/MMA1.o
                0x0000524c                MMA1_GetYmg
 .text.MMA1_GetZmg
                0x0000527c       0x30 ./Generated_Code/MMA1.o
                0x0000527c                MMA1_GetZmg
 .text.MMA1_MeasureGetRawX
                0x000052ac       0x40 ./Generated_Code/MMA1.o
                0x000052ac                MMA1_MeasureGetRawX
 .text.MMA1_MeasureGetRawY
                0x000052ec       0x40 ./Generated_Code/MMA1.o
                0x000052ec                MMA1_MeasureGetRawY
 .text.MMA1_MeasureGetRawZ
                0x0000532c       0x40 ./Generated_Code/MMA1.o
                0x0000532c                MMA1_MeasureGetRawZ
 .text.MMA1_GetXOffset
                0x0000536c       0x10 ./Generated_Code/MMA1.o
                0x0000536c                MMA1_GetXOffset
 .text.MMA1_GetYOffset
                0x0000537c       0x10 ./Generated_Code/MMA1.o
                0x0000537c                MMA1_GetYOffset
 .text.MMA1_GetZOffset
                0x0000538c       0x10 ./Generated_Code/MMA1.o
                0x0000538c                MMA1_GetZOffset
 .text.MMA1_GetX1gValue
                0x0000539c       0x10 ./Generated_Code/MMA1.o
                0x0000539c                MMA1_GetX1gValue
 .text.MMA1_GetY1gValue
                0x000053ac       0x10 ./Generated_Code/MMA1.o
                0x000053ac                MMA1_GetY1gValue
 .text.MMA1_GetZ1gValue
                0x000053bc       0x10 ./Generated_Code/MMA1.o
                0x000053bc                MMA1_GetZ1gValue
 .text.MMA1_GetX
                0x000053cc       0x28 ./Generated_Code/MMA1.o
                0x000053cc                MMA1_GetX
 .text.MMA1_GetY
                0x000053f4       0x28 ./Generated_Code/MMA1.o
                0x000053f4                MMA1_GetY
 .text.MMA1_GetZ
                0x0000541c       0x28 ./Generated_Code/MMA1.o
                0x0000541c                MMA1_GetZ
 .text.MMA1_ParseCommand
                0x00005444       0xd4 ./Generated_Code/MMA1.o
                0x00005444                MMA1_ParseCommand
 .text.MMA1_Enable
                0x00005518       0x4c ./Generated_Code/MMA1.o
                0x00005518                MMA1_Enable
 .text.MMA1_Disable
                0x00005564       0x4c ./Generated_Code/MMA1.o
                0x00005564                MMA1_Disable
 .text.MMA1_isEnabled
                0x000055b0       0x54 ./Generated_Code/MMA1.o
                0x000055b0                MMA1_isEnabled
 .text.PTA_Init
                0x00005604        0x8 ./Generated_Code/PTA.o
                0x00005604                PTA_Init
 .text.RTOSCNTRLDD1_Init
                0x0000560c       0xb8 ./Generated_Code/RTOSCNTRLDD1.o
                0x0000560c                RTOSCNTRLDD1_Init
 .text.RTOSCNTRLDD1_Enable
                0x000056c4       0x30 ./Generated_Code/RTOSCNTRLDD1.o
                0x000056c4                RTOSCNTRLDD1_Enable
 .text.RTOSCNTRLDD1_Interrupt
                0x000056f4       0x5c ./Generated_Code/RTOSCNTRLDD1.o
                0x000056f4                RTOSCNTRLDD1_Interrupt
 .text.Rx1_Put  0x00005750       0x88 ./Generated_Code/Rx1.o
                0x00005750                Rx1_Put
 .text.Rx1_Get  0x000057d8       0x84 ./Generated_Code/Rx1.o
                0x000057d8                Rx1_Get
 .text.Rx1_NofElements
                0x0000585c       0x14 ./Generated_Code/Rx1.o
                0x0000585c                Rx1_NofElements
 .text.Rx1_Init
                0x00005870       0x28 ./Generated_Code/Rx1.o
                0x00005870                Rx1_Init
 .text.SM1_Init
                0x00005898       0x7c ./Generated_Code/SM1.o
                0x00005898                SM1_Init
 .text.SMasterLdd1_OnBlockReceived
                0x00005914       0x94 ./Generated_Code/SM1.o
                0x00005914                SMasterLdd1_OnBlockReceived
 .text.SMasterLdd1_OnBlockSent
                0x000059a8       0x8c ./Generated_Code/SM1.o
                0x000059a8                SMasterLdd1_OnBlockSent
 .text.SMasterLdd1_Init
                0x00005a34      0x10c ./Generated_Code/SMasterLdd1.o
                0x00005a34                SMasterLdd1_Init
 .text.SMasterLdd1_ReceiveBlock
                0x00005b40       0x68 ./Generated_Code/SMasterLdd1.o
                0x00005b40                SMasterLdd1_ReceiveBlock
 .text.SMasterLdd1_SendBlock
                0x00005ba8       0x54 ./Generated_Code/SMasterLdd1.o
                0x00005ba8                SMasterLdd1_SendBlock
 .text.SMasterLdd1_Interrupt
                0x00005bfc       0xe0 ./Generated_Code/SMasterLdd1.o
                0x00005bfc                SMasterLdd1_Interrupt
 .text.ExtIntLdd1_OnInterrupt
                0x00005cdc       0x14 ./Generated_Code/SW1.o
                0x00005cdc                ExtIntLdd1_OnInterrupt
 .text.ExtIntLdd2_OnInterrupt
                0x00005cf0       0x14 ./Generated_Code/SW2.o
                0x00005cf0                ExtIntLdd2_OnInterrupt
 .text.ExtIntLdd3_OnInterrupt
                0x00005d04       0x14 ./Generated_Code/SW3.o
                0x00005d04                ExtIntLdd3_OnInterrupt
 .text.ExtIntLdd4_OnInterrupt
                0x00005d18       0x14 ./Generated_Code/SW4.o
                0x00005d18                ExtIntLdd4_OnInterrupt
 .text.ExtIntLdd5_OnInterrupt
                0x00005d2c       0x14 ./Generated_Code/SW7.o
                0x00005d2c                ExtIntLdd5_OnInterrupt
 .text.TMOUT1_AddTick
                0x00005d40       0x64 ./Generated_Code/TMOUT1.o
                0x00005d40                TMOUT1_AddTick
 .text.TMOUT1_Init
                0x00005da4       0x44 ./Generated_Code/TMOUT1.o
                0x00005da4                TMOUT1_Init
 .text.Tx1_Put  0x00005de8       0x68 ./Generated_Code/Tx1.o
                0x00005de8                Tx1_Put
 .text.Tx1_Get  0x00005e50       0x78 ./Generated_Code/Tx1.o
                0x00005e50                Tx1_Get
 .text.Tx1_NofElements
                0x00005ec8       0x14 ./Generated_Code/Tx1.o
                0x00005ec8                Tx1_NofElements
 .text.Tx1_Init
                0x00005edc       0x28 ./Generated_Code/Tx1.o
                0x00005edc                Tx1_Init
 .text.USB0_Init
                0x00005f04      0x17c ./Generated_Code/USB0.o
                0x00005f04                USB0_Init
 .text.USB1_usb_int_en
                0x00006080       0x20 ./Generated_Code/USB1.o
                0x00006080                USB1_usb_int_en
 .text.USB1_Init
                0x000060a0       0x2c ./Generated_Code/USB1.o
                0x000060a0                USB1_Init
 .text.UTIL1_strcpy
                0x000060cc       0x44 ./Generated_Code/UTIL1.o
                0x000060cc                UTIL1_strcpy
 .text.UTIL1_strcat
                0x00006110       0x60 ./Generated_Code/UTIL1.o
                0x00006110                UTIL1_strcat
 .text.UTIL1_chcat
                0x00006170       0x50 ./Generated_Code/UTIL1.o
                0x00006170                UTIL1_chcat
 .text.UTIL1_Num16sToStr
                0x000061c0      0x1ac ./Generated_Code/UTIL1.o
                0x000061c0                UTIL1_Num16sToStr
 .text.UTIL1_strcatNum16Hex
                0x0000636c       0x90 ./Generated_Code/UTIL1.o
                0x0000636c                UTIL1_strcatNum16Hex
 .text.UTIL1_strcatNum32u
                0x000063fc       0x34 ./Generated_Code/UTIL1.o
                0x000063fc                UTIL1_strcatNum32u
 .text.UTIL1_Num32sToStr
                0x00006430      0x188 ./Generated_Code/UTIL1.o
                0x00006430                UTIL1_Num32sToStr
 .text.UTIL1_Num32uToStr
                0x000065b8      0x120 ./Generated_Code/UTIL1.o
                0x000065b8                UTIL1_Num32uToStr
 .text.UTIL1_xatoi
                0x000066d8      0x1f0 ./Generated_Code/UTIL1.o
                0x000066d8                UTIL1_xatoi
 .text.WAIT1_Wait10Cycles
                0x000068c8        0x8 ./Generated_Code/WAIT1.o
                0x000068c8                WAIT1_Wait10Cycles
 .text.WAIT1_Wait100Cycles
                0x000068d0       0x18 ./Generated_Code/WAIT1.o
                0x000068d0                WAIT1_Wait100Cycles
 .text.WAIT1_WaitCycles
                0x000068e8       0x44 ./Generated_Code/WAIT1.o
                0x000068e8                WAIT1_WaitCycles
 .text.WAIT1_WaitLongCycles
                0x0000692c       0x3c ./Generated_Code/WAIT1.o
                0x0000692c                WAIT1_WaitLongCycles
 .text.WAIT1_Waitms
                0x00006968       0x38 ./Generated_Code/WAIT1.o
                0x00006968                WAIT1_Waitms
 .text.pvPortMalloc
                0x000069a0      0x124 ./Generated_Code/heap_2.o
                0x000069a0                pvPortMalloc
 .text.vPortFree
                0x00006ac4       0x70 ./Generated_Code/heap_2.o
                0x00006ac4                vPortFree
 .text.xPortGetFreeHeapSize
                0x00006b34       0x14 ./Generated_Code/heap_2.o
                0x00006b34                xPortGetFreeHeapSize
 .text.prvHeapInit
                0x00006b48       0x4c ./Generated_Code/heap_2.o
 .text.vListInitialise
                0x00006b94       0x3c ./Generated_Code/list.o
                0x00006b94                vListInitialise
 .text.vListInitialiseItem
                0x00006bd0       0x14 ./Generated_Code/list.o
                0x00006bd0                vListInitialiseItem
 .text.vListInsertEnd
                0x00006be4       0x44 ./Generated_Code/list.o
                0x00006be4                vListInsertEnd
 .text.vListInsert
                0x00006c28       0x6c ./Generated_Code/list.o
                0x00006c28                vListInsert
 .text.uxListRemove
                0x00006c94       0x50 ./Generated_Code/list.o
                0x00006c94                uxListRemove
 .text.prvTaskExitError
                0x00006ce4       0x18 ./Generated_Code/port.o
 .text.pxPortInitialiseStack
                0x00006cfc       0x54 ./Generated_Code/port.o
                0x00006cfc                pxPortInitialiseStack
 .text.vPortInitTickTimer
                0x00006d50       0x3c ./Generated_Code/port.o
                0x00006d50                vPortInitTickTimer
 .text.vPortStartTickTimer
                0x00006d8c       0x14 ./Generated_Code/port.o
                0x00006d8c                vPortStartTickTimer
 .text.vPortStopTickTimer
                0x00006da0       0x14 ./Generated_Code/port.o
                0x00006da0                vPortStopTickTimer
 .text.xPortStartScheduler
                0x00006db4       0x4c ./Generated_Code/port.o
                0x00006db4                xPortStartScheduler
 .text.vPortEnterCritical
                0x00006e00       0x20 ./Generated_Code/port.o
                0x00006e00                vPortEnterCritical
 .text.vPortExitCritical
                0x00006e20       0x20 ./Generated_Code/port.o
                0x00006e20                vPortExitCritical
 .text.vPortYieldFromISR
                0x00006e40       0x1c ./Generated_Code/port.o
                0x00006e40                vPortYieldFromISR
 .text.vPortTickHandler
                0x00006e5c       0x1c ./Generated_Code/port.o
                0x00006e5c                vPortTickHandler
 .text.vPortStartFirstTask
                0x00006e78       0x1c ./Generated_Code/port.o
                0x00006e78                vPortStartFirstTask
 .text.vPortSVCHandler
                0x00006e94       0x28 ./Generated_Code/port.o
                0x00006e94                vPortSVCHandler
 .text.vPortPendSVHandler
                0x00006ebc       0x44 ./Generated_Code/port.o
                0x00006ebc                vPortPendSVHandler
 .text.xQueueGenericReset
                0x00006f00       0xac ./Generated_Code/queue.o
                0x00006f00                xQueueGenericReset
 .text.xQueueGenericCreate
                0x00006fac       0x8c ./Generated_Code/queue.o
                0x00006fac                xQueueGenericCreate
 .text.xQueueCreateMutex
                0x00007038       0x98 ./Generated_Code/queue.o
                0x00007038                xQueueCreateMutex
 .text.xQueueGiveMutexRecursive
                0x000070d0       0x58 ./Generated_Code/queue.o
                0x000070d0                xQueueGiveMutexRecursive
 .text.xQueueTakeMutexRecursive
                0x00007128       0x64 ./Generated_Code/queue.o
                0x00007128                xQueueTakeMutexRecursive
 .text.xQueueGenericSend
                0x0000718c      0x180 ./Generated_Code/queue.o
                0x0000718c                xQueueGenericSend
 .text.xQueueGenericReceive
                0x0000730c      0x1bc ./Generated_Code/queue.o
                0x0000730c                xQueueGenericReceive
 .text.vQueueDelete
                0x000074c8       0x40 ./Generated_Code/queue.o
                0x000074c8                vQueueDelete
 .text.prvCopyDataToQueue
                0x00007508       0xd4 ./Generated_Code/queue.o
 .text.prvCopyDataFromQueue
                0x000075dc       0x50 ./Generated_Code/queue.o
 .text.prvUnlockQueue
                0x0000762c       0x98 ./Generated_Code/queue.o
 .text.prvIsQueueEmpty
                0x000076c4       0x2c ./Generated_Code/queue.o
 .text.prvIsQueueFull
                0x000076f0       0x30 ./Generated_Code/queue.o
 .text.vQueueAddToRegistry
                0x00007720       0x4c ./Generated_Code/queue.o
                0x00007720                vQueueAddToRegistry
 .text.vQueueUnregisterQueue
                0x0000776c       0x40 ./Generated_Code/queue.o
                0x0000776c                vQueueUnregisterQueue
 .text.xTaskGenericCreate
                0x000077ac      0x174 ./Generated_Code/tasks.o
                0x000077ac                xTaskGenericCreate
 .text.vTaskDelay
                0x00007920       0x64 ./Generated_Code/tasks.o
                0x00007920                vTaskDelay
 .text.vTaskStartScheduler
                0x00007984       0x88 ./Generated_Code/tasks.o
                0x00007984                vTaskStartScheduler
 .text.vTaskSuspendAll
                0x00007a0c       0x18 ./Generated_Code/tasks.o
                0x00007a0c                vTaskSuspendAll
 .text.xTaskResumeAll
                0x00007a24      0x108 ./Generated_Code/tasks.o
                0x00007a24                xTaskResumeAll
 .text.uxTaskGetNumberOfTasks
                0x00007b2c       0x14 ./Generated_Code/tasks.o
                0x00007b2c                uxTaskGetNumberOfTasks
 .text.uxTaskGetSystemState
                0x00007b40       0xe4 ./Generated_Code/tasks.o
                0x00007b40                uxTaskGetSystemState
 .text.xTaskIncrementTick
                0x00007c24      0x17c ./Generated_Code/tasks.o
                0x00007c24                xTaskIncrementTick
 .text.vTaskSwitchContext
                0x00007da0      0x100 ./Generated_Code/tasks.o
                0x00007da0                vTaskSwitchContext
 .text.vTaskPlaceOnEventList
                0x00007ea0       0x6c ./Generated_Code/tasks.o
                0x00007ea0                vTaskPlaceOnEventList
 .text.xTaskRemoveFromEventList
                0x00007f0c       0xb8 ./Generated_Code/tasks.o
                0x00007f0c                xTaskRemoveFromEventList
 .text.vTaskSetTimeOutState
                0x00007fc4       0x30 ./Generated_Code/tasks.o
                0x00007fc4                vTaskSetTimeOutState
 .text.xTaskCheckForTimeOut
                0x00007ff4       0x9c ./Generated_Code/tasks.o
                0x00007ff4                xTaskCheckForTimeOut
 .text.vTaskMissedYield
                0x00008090       0x14 ./Generated_Code/tasks.o
                0x00008090                vTaskMissedYield
 .text.prvIdleTask
                0x000080a4       0x24 ./Generated_Code/tasks.o
 .text.prvInitialiseTCBVariables
                0x000080c8       0x98 ./Generated_Code/tasks.o
 .text.prvInitialiseTaskLists
                0x00008160       0x7c ./Generated_Code/tasks.o
 .text.prvCheckTasksWaitingTermination
                0x000081dc        0x8 ./Generated_Code/tasks.o
 .text.prvAddCurrentTaskToDelayedList
                0x000081e4       0x6c ./Generated_Code/tasks.o
 .text.prvAllocateTCBAndStack
                0x00008250       0x70 ./Generated_Code/tasks.o
 .text.prvListTaskWithinSingleList
                0x000082c0      0x120 ./Generated_Code/tasks.o
 .text.prvTaskCheckFreeStackSpace
                0x000083e0       0x34 ./Generated_Code/tasks.o
 .text.prvResetNextTaskUnblockTime
                0x00008414       0x44 ./Generated_Code/tasks.o
 .text.xTaskGetCurrentTaskHandle
                0x00008458       0x1c ./Generated_Code/tasks.o
                0x00008458                xTaskGetCurrentTaskHandle
 .text.xTaskGetSchedulerState
                0x00008474       0x38 ./Generated_Code/tasks.o
                0x00008474                xTaskGetSchedulerState
 .text.vTaskPriorityInherit
                0x000084ac       0xbc ./Generated_Code/tasks.o
                0x000084ac                vTaskPriorityInherit
 .text.vTaskPriorityDisinherit
                0x00008568       0x84 ./Generated_Code/tasks.o
                0x00008568                vTaskPriorityDisinherit
 .text.vTaskList
                0x000085ec      0x180 ./Generated_Code/tasks.o
                0x000085ec                vTaskList
 .text.vTaskGetRunTimeStats
                0x0000876c      0x17c ./Generated_Code/tasks.o
                0x0000876c                vTaskGetRunTimeStats
 .text.USB_Class_CDC_Service_Cic_Notify
                0x000088e8      0x148 ./Generated_Code/usb_cdc.o
                0x000088e8                USB_Class_CDC_Service_Cic_Notify
 .text.USB_Class_CDC_Service_Dic_Bulk_In
                0x00008a30      0x17c ./Generated_Code/usb_cdc.o
                0x00008a30                USB_Class_CDC_Service_Dic_Bulk_In
 .text.USB_Class_CDC_Service_Dic_Bulk_Out
                0x00008bac       0x78 ./Generated_Code/usb_cdc.o
                0x00008bac                USB_Class_CDC_Service_Dic_Bulk_Out
 .text.USB_Class_CDC_Event
                0x00008c24      0x1dc ./Generated_Code/usb_cdc.o
                0x00008c24                USB_Class_CDC_Event
 .text.USB_Other_Requests
                0x00008e00      0x180 ./Generated_Code/usb_cdc.o
 .text.USB_Class_CDC_Init
                0x00008f80      0x154 ./Generated_Code/usb_cdc.o
                0x00008f80                USB_Class_CDC_Init
 .text.USB_Class_CDC_Send_Data
                0x000090d4      0x1bc ./Generated_Code/usb_cdc.o
                0x000090d4                USB_Class_CDC_Send_Data
 .text.USB_Class_CDC_Pstn_Init
                0x00009290       0x30 ./Generated_Code/usb_cdc_pstn.o
                0x00009290                USB_Class_CDC_Pstn_Init
 .text.USB_Class_CDC_PSTN_Get_Line_Coding
                0x000092c0       0x50 ./Generated_Code/usb_cdc_pstn.o
                0x000092c0                USB_Class_CDC_PSTN_Get_Line_Coding
 .text.USB_Class_CDC_PSTN_Set_Line_Coding
                0x00009310       0x58 ./Generated_Code/usb_cdc_pstn.o
                0x00009310                USB_Class_CDC_PSTN_Set_Line_Coding
 .text.USB_Class_CDC_PSTN_Set_Ctrl_Line_State
                0x00009368       0xdc ./Generated_Code/usb_cdc_pstn.o
                0x00009368                USB_Class_CDC_PSTN_Set_Ctrl_Line_State
 .text.USB_Class_CDC_PSTN_Send_Break
                0x00009444       0x30 ./Generated_Code/usb_cdc_pstn.o
                0x00009444                USB_Class_CDC_PSTN_Send_Break
 .text.USB_Class_CDC_PSTN_Get_Comm_Feature
                0x00009474       0x94 ./Generated_Code/usb_cdc_pstn.o
                0x00009474                USB_Class_CDC_PSTN_Get_Comm_Feature
 .text.USB_Class_CDC_PSTN_Set_Comm_Feature
                0x00009508       0x94 ./Generated_Code/usb_cdc_pstn.o
                0x00009508                USB_Class_CDC_PSTN_Set_Comm_Feature
 .text.USB_Class_CDC_PSTN_Send_Serial_State
                0x0000959c       0x40 ./Generated_Code/usb_cdc_pstn.o
                0x0000959c                USB_Class_CDC_PSTN_Send_Serial_State
 .text.USB_Suspend_Service
                0x000095dc       0x44 ./Generated_Code/usb_class.o
                0x000095dc                USB_Suspend_Service
 .text.USB_Resume_Service
                0x00009620       0x54 ./Generated_Code/usb_class.o
                0x00009620                USB_Resume_Service
 .text.USB_Stall_Service
                0x00009674       0x34 ./Generated_Code/usb_class.o
                0x00009674                USB_Stall_Service
 .text.USB_Sof_Service
                0x000096a8       0x7c ./Generated_Code/usb_class.o
                0x000096a8                USB_Sof_Service
 .text.USB_Reset_Service
                0x00009724      0x118 ./Generated_Code/usb_class.o
                0x00009724                USB_Reset_Service
 .text.USB_Error_Service
                0x0000983c       0x28 ./Generated_Code/usb_class.o
                0x0000983c                USB_Error_Service
 .text.USB_Class_Init
                0x00009864      0x158 ./Generated_Code/usb_class.o
                0x00009864                USB_Class_Init
 .text.USB_Class_Initiate_Resume
                0x000099bc       0x84 ./Generated_Code/usb_class.o
                0x000099bc                USB_Class_Initiate_Resume
 .text.USB_Class_Send_Data
                0x00009a40       0x60 ./Generated_Code/usb_class.o
                0x00009a40                USB_Class_Send_Data
 .text.USB_Class_Periodic_Task
                0x00009aa0        0x8 ./Generated_Code/usb_class.o
                0x00009aa0                USB_Class_Periodic_Task
 .text.USB_Bus_Reset_Handler
                0x00009aa8       0xd0 ./Generated_Code/usb_dci_kinetis.o
 .text.USB_DCI_Get_BDT_Index
                0x00009b78       0x5c ./Generated_Code/usb_dci_kinetis.o
 .text.USB_DCI_Validate_Param
                0x00009bd4       0x78 ./Generated_Code/usb_dci_kinetis.o
 .text.USB_DCI_Prepare_Send_Data
                0x00009c4c       0xfc ./Generated_Code/usb_dci_kinetis.o
 .text.USB_DCI_Init
                0x00009d48      0x184 ./Generated_Code/usb_dci_kinetis.o
                0x00009d48                USB_DCI_Init
 .text.USB_DCI_Init_EndPoint
                0x00009ecc      0x35c ./Generated_Code/usb_dci_kinetis.o
                0x00009ecc                USB_DCI_Init_EndPoint
 .text._usb_device_cancel_transfer
                0x0000a228       0xd0 ./Generated_Code/usb_dci_kinetis.o
                0x0000a228                _usb_device_cancel_transfer
 .text.USB_DCI_Deinit_EndPoint
                0x0000a2f8       0xdc ./Generated_Code/usb_dci_kinetis.o
                0x0000a2f8                USB_DCI_Deinit_EndPoint
 .text._usb_device_stall_endpoint
                0x0000a3d4       0xa0 ./Generated_Code/usb_dci_kinetis.o
                0x0000a3d4                _usb_device_stall_endpoint
 .text._usb_device_unstall_endpoint
                0x0000a474      0x120 ./Generated_Code/usb_dci_kinetis.o
                0x0000a474                _usb_device_unstall_endpoint
 .text._usb_device_clear_data0_endpoint
                0x0000a594       0x7c ./Generated_Code/usb_dci_kinetis.o
                0x0000a594                _usb_device_clear_data0_endpoint
 .text._usb_device_recv_data
                0x0000a610      0x294 ./Generated_Code/usb_dci_kinetis.o
                0x0000a610                _usb_device_recv_data
 .text._usb_device_send_data
                0x0000a8a4      0x168 ./Generated_Code/usb_dci_kinetis.o
                0x0000a8a4                _usb_device_send_data
 .text._usb_device_set_address
                0x0000aa0c       0x34 ./Generated_Code/usb_dci_kinetis.o
                0x0000aa0c                _usb_device_set_address
 .text._usb_device_assert_resume
                0x0000aa40       0xd0 ./Generated_Code/usb_dci_kinetis.o
                0x0000aa40                _usb_device_assert_resume
 .text.USB_Bus_Token_Cpl_Handler
                0x0000ab10      0x634 ./Generated_Code/usb_dci_kinetis.o
 .text.USB_ISR  0x0000b144      0x358 ./Generated_Code/usb_dci_kinetis.o
                0x0000b144                USB_ISR
 .text.Clear_Mem
                0x0000b49c       0x28 ./Generated_Code/usb_dci_kinetis.o
                0x0000b49c                Clear_Mem
 .text.USB_Desc_Get_Descriptor
                0x0000b4c4      0x13c ./Generated_Code/usb_descriptor.o
                0x0000b4c4                USB_Desc_Get_Descriptor
 .text.USB_Desc_Get_Interface
                0x0000b600       0x3c ./Generated_Code/usb_descriptor.o
                0x0000b600                USB_Desc_Get_Interface
 .text.USB_Desc_Set_Interface
                0x0000b63c       0x38 ./Generated_Code/usb_descriptor.o
                0x0000b63c                USB_Desc_Set_Interface
 .text.USB_Desc_Valid_Configation
                0x0000b674       0x58 ./Generated_Code/usb_descriptor.o
                0x0000b674                USB_Desc_Valid_Configation
 .text.USB_Desc_Remote_Wakeup
                0x0000b6cc       0x18 ./Generated_Code/usb_descriptor.o
                0x0000b6cc                USB_Desc_Remote_Wakeup
 .text.USB_Desc_Get_Endpoints
                0x0000b6e4       0x1c ./Generated_Code/usb_descriptor.o
                0x0000b6e4                USB_Desc_Get_Endpoints
 .text.USB_Desc_Get_Line_Coding
                0x0000b700       0x40 ./Generated_Code/usb_descriptor.o
                0x0000b700                USB_Desc_Get_Line_Coding
 .text.USB_Desc_Set_Line_Coding
                0x0000b740       0x78 ./Generated_Code/usb_descriptor.o
                0x0000b740                USB_Desc_Set_Line_Coding
 .text.USB_Desc_Get_Abstract_State
                0x0000b7b8       0x3c ./Generated_Code/usb_descriptor.o
                0x0000b7b8                USB_Desc_Get_Abstract_State
 .text.USB_Desc_Get_Country_Setting
                0x0000b7f4       0x3c ./Generated_Code/usb_descriptor.o
                0x0000b7f4                USB_Desc_Get_Country_Setting
 .text.USB_Desc_Set_Abstract_State
                0x0000b830       0x70 ./Generated_Code/usb_descriptor.o
                0x0000b830                USB_Desc_Set_Abstract_State
 .text.USB_Desc_Set_Country_Setting
                0x0000b8a0       0x70 ./Generated_Code/usb_descriptor.o
                0x0000b8a0                USB_Desc_Set_Country_Setting
 .text.USB_Device_Init_Params
                0x0000b910       0x74 ./Generated_Code/usb_driver.o
 .text._usb_device_init
                0x0000b984       0x5c ./Generated_Code/usb_driver.o
                0x0000b984                _usb_device_init
 .text._usb_device_init_endpoint
                0x0000b9e0       0xc8 ./Generated_Code/usb_driver.o
                0x0000b9e0                _usb_device_init_endpoint
 .text._usb_device_deinit_endpoint
                0x0000baa8       0x84 ./Generated_Code/usb_driver.o
                0x0000baa8                _usb_device_deinit_endpoint
 .text._usb_device_get_status
                0x0000bb2c       0x84 ./Generated_Code/usb_driver.o
                0x0000bb2c                _usb_device_get_status
 .text._usb_device_set_status
                0x0000bbb0      0x10c ./Generated_Code/usb_driver.o
                0x0000bbb0                _usb_device_set_status
 .text._usb_device_register_service
                0x0000bcbc       0x20 ./Generated_Code/usb_driver.o
                0x0000bcbc                _usb_device_register_service
 .text.USB_Device_Call_Service
                0x0000bcdc       0x48 ./Generated_Code/usb_driver.o
                0x0000bcdc                USB_Device_Call_Service
 .text.USB_NULL_CALLBACK
                0x0000bd24       0x10 ./Generated_Code/usb_driver.o
                0x0000bd24                USB_NULL_CALLBACK
 .text.USB_Framework_Init
                0x0000bd34       0x5c ./Generated_Code/usb_framework.o
                0x0000bd34                USB_Framework_Init
 .text.USB_Control_Service
                0x0000bd90      0x21c ./Generated_Code/usb_framework.o
                0x0000bd90                USB_Control_Service
 .text.USB_Control_Service_Handler
                0x0000bfac       0x84 ./Generated_Code/usb_framework.o
 .text.USB_Strd_Req_Get_Status
                0x0000c030      0x1c4 ./Generated_Code/usb_framework.o
 .text.USB_Strd_Req_Feature
                0x0000c1f4      0x208 ./Generated_Code/usb_framework.o
 .text.USB_Strd_Req_Set_Address
                0x0000c3fc       0x40 ./Generated_Code/usb_framework.o
 .text.USB_Strd_Req_Assign_Address
                0x0000c43c       0x44 ./Generated_Code/usb_framework.o
 .text.USB_Strd_Req_Get_Config
                0x0000c480       0x54 ./Generated_Code/usb_framework.o
 .text.USB_Strd_Req_Set_Config
                0x0000c4d4       0xdc ./Generated_Code/usb_framework.o
 .text.USB_Strd_Req_Get_Interface
                0x0000c5b0       0x64 ./Generated_Code/usb_framework.o
 .text.USB_Strd_Req_Set_Interface
                0x0000c614       0x5c ./Generated_Code/usb_framework.o
 .text.USB_Strd_Req_Sync_Frame
                0x0000c670       0x58 ./Generated_Code/usb_framework.o
 .text.USB_Strd_Req_Get_Descriptor
                0x0000c6c8       0x84 ./Generated_Code/usb_framework.o
 .text.Watchdog_Reset
                0x0000c74c       0x1c ./Generated_Code/wdt_kinetis.o
                0x0000c74c                Watchdog_Reset
 .text.memcpy   0x0000c768       0x12 c:/freescale/kds_1.1.1/toolchain/bin/../lib/gcc/arm-none-eabi/4.8.0/../../../../arm-none-eabi/lib\libg_s.a(lib_a-memcpy.o)
                0x0000c768                memcpy
 .text.memset   0x0000c77a       0x12 c:/freescale/kds_1.1.1/toolchain/bin/../lib/gcc/arm-none-eabi/4.8.0/../../../../arm-none-eabi/lib\libg_s.a(lib_a-memset.o)
                0x0000c77a                memset
 .text.strcmp   0x0000c78c       0x14 c:/freescale/kds_1.1.1/toolchain/bin/../lib/gcc/arm-none-eabi/4.8.0/../../../../arm-none-eabi/lib\libg_s.a(lib_a-strcmp.o)
                0x0000c78c                strcmp
 .text.strlen   0x0000c7a0        0xe c:/freescale/kds_1.1.1/toolchain/bin/../lib/gcc/arm-none-eabi/4.8.0/../../../../arm-none-eabi/lib\libg_s.a(lib_a-strlen.o)
                0x0000c7a0                strlen
 .text.strncmp  0x0000c7ae       0x2c c:/freescale/kds_1.1.1/toolchain/bin/../lib/gcc/arm-none-eabi/4.8.0/../../../../arm-none-eabi/lib\libg_s.a(lib_a-strncmp.o)
                0x0000c7ae                strncmp
 *(.rodata)
 *fill*         0x0000c7da        0x2 
 .rodata        0x0000c7dc      0x170 ./Sources/Common/Application.o
 .rodata        0x0000c94c        0x8 ./Sources/Common/RTOS.o
 .rodata        0x0000c954       0x14 ./Sources/Common/Sem.o
 .rodata        0x0000c968       0xb8 ./Sources/Common/Shell.o
 .rodata        0x0000ca20        0xc ./Sources/Common/ShellQueue.o
 .rodata        0x0000ca2c      0x164 ./Generated_Code/CLS1.o
 .rodata        0x0000cb90      0x180 ./Generated_Code/FRTOS1.o
 .rodata        0x0000cd10      0x174 ./Generated_Code/MMA1.o
 .rodata        0x0000ce84       0x18 ./Generated_Code/UTIL1.o
 .rodata        0x0000ce9c       0x1c ./Generated_Code/tasks.o
 .rodata        0x0000ceb8        0x8 ./Generated_Code/usb_dci_kinetis.o
 *(.rodata*)
 .rodata.CmdParserTable
                0x0000cec0       0x14 ./Sources/Common/Shell.o
 .rodata.CDC_stdio
                0x0000ced4       0x10 ./Sources/Common/Shell.o
 .rodata.CLS1_stdio
                0x0000cee4       0x10 ./Generated_Code/CLS1.o
 .rodata.addr.6628
                0x0000cef4        0x1 ./Generated_Code/MMA1.o
 .rodata.addr.6636
                0x0000cef5        0x1 ./Generated_Code/MMA1.o
 .rodata.addr.6644
                0x0000cef6        0x1 ./Generated_Code/MMA1.o
 *fill*         0x0000cef7        0x1 
 .rodata.USB_Other_Requests
                0x0000cef8       0x90 ./Generated_Code/usb_cdc.o
 .rodata.usb_desc_ep
                0x0000cf88       0x10 ./Generated_Code/usb_descriptor.o
                0x0000cf88                usb_desc_ep
 .rodata.g_std_desc_size
                0x0000cf98       0x10 ./Generated_Code/usb_descriptor.o
                0x0000cf98                g_std_desc_size
 .rodata.g_std_descriptors
                0x0000cfa8       0x20 ./Generated_Code/usb_descriptor.o
                0x0000cfa8                g_std_descriptors
 .rodata.g_string_desc_size
                0x0000cfc8        0x4 ./Generated_Code/usb_descriptor.o
                0x0000cfc8                g_string_desc_size
 .rodata.g_string_descriptors
                0x0000cfcc       0x10 ./Generated_Code/usb_descriptor.o
                0x0000cfcc                g_string_descriptors
 .rodata.g_languages
                0x0000cfdc       0x20 ./Generated_Code/usb_descriptor.o
                0x0000cfdc                g_languages
 .rodata.g_valid_config_values
                0x0000cffc        0x4 ./Generated_Code/usb_descriptor.o
                0x0000cffc                g_valid_config_values
 .rodata.g_usb_CB
                0x0000d000       0x60 ./Generated_Code/usb_driver.o
 .rodata.g_validate_request
                0x0000d060       0x28 ./Generated_Code/usb_framework.o
                0x0000d060                g_validate_request
 .rodata.g_standard_request
                0x0000d088       0x34 ./Generated_Code/usb_framework.o
                0x0000d088                g_standard_request
 *(.glue_7)
 .glue_7        0x00000000        0x0 linker stubs
 *(.glue_7t)
 .glue_7t       0x00000000        0x0 linker stubs
 *(.eh_frame)
 .eh_frame      0x0000d0bc        0x0 c:/freescale/kds_1.1.1/toolchain/bin/../lib/gcc/arm-none-eabi/4.8.0/crtbegin.o
 *(.init)
 .init          0x0000d0bc        0x4 c:/freescale/kds_1.1.1/toolchain/bin/../lib/gcc/arm-none-eabi/4.8.0/crti.o
                0x0000d0bc                _init
 .init          0x0000d0c0        0x8 c:/freescale/kds_1.1.1/toolchain/bin/../lib/gcc/arm-none-eabi/4.8.0/crtn.o
 *(.fini)
 .fini          0x0000d0c8        0x4 c:/freescale/kds_1.1.1/toolchain/bin/../lib/gcc/arm-none-eabi/4.8.0/crti.o
                0x0000d0c8                _fini
 .fini          0x0000d0cc        0x8 c:/freescale/kds_1.1.1/toolchain/bin/../lib/gcc/arm-none-eabi/4.8.0/crtn.o
                0x0000d0d4                . = ALIGN (0x4)
                0x0000d0d4                _etext = .

.vfp11_veneer   0x0000d0d4        0x0
 .vfp11_veneer  0x00000000        0x0 linker stubs

.v4_bx          0x0000d0d4        0x0
 .v4_bx         0x00000000        0x0 linker stubs

.iplt           0x0000d0d4        0x0
 .iplt          0x00000000        0x0 c:/freescale/kds_1.1.1/toolchain/bin/../lib/gcc/arm-none-eabi/4.8.0/crtbegin.o

.rel.dyn        0x0000d0d4        0x0
 .rel.iplt      0x00000000        0x0 c:/freescale/kds_1.1.1/toolchain/bin/../lib/gcc/arm-none-eabi/4.8.0/crtbegin.o

.ARM.extab
 *(.ARM.extab* .gnu.linkonce.armextab.*)

.ARM            0x0000d0d4        0x0
                0x0000d0d4                __exidx_start = .
 *(.ARM.exidx*)
                0x0000d0d4                __exidx_end = .

.ctors          0x0000d0d4        0x0
                0x0000d0d4                __CTOR_LIST__ = .
 *crtbegin.o(.ctors)
 *(EXCLUDE_FILE(*crtend.o) .ctors)
 *(SORT(.ctors.*))
 *(.ctors)
                0x0000d0d4                __CTOR_END__ = .

.dtors          0x0000d0d4        0x0
                0x0000d0d4                __DTOR_LIST__ = .
 *crtbegin.o(.dtors)
 *(EXCLUDE_FILE(*crtend.o) .dtors)
 *(SORT(.dtors.*))
 *(.dtors)
                0x0000d0d4                __DTOR_END__ = .

.preinit_array  0x0000d0d4        0x0
                0x0000d0d4                PROVIDE (__preinit_array_start, .)
 *(.preinit_array*)
                0x0000d0d4                PROVIDE (__preinit_array_end, .)

.init_array     0x0000d0d4        0x4
                0x0000d0d4                PROVIDE (__init_array_start, .)
 *(SORT(.init_array.*))
 *(.init_array*)
 .init_array    0x0000d0d4        0x4 c:/freescale/kds_1.1.1/toolchain/bin/../lib/gcc/arm-none-eabi/4.8.0/crtbegin.o
                0x0000d0d8                PROVIDE (__init_array_end, .)

.fini_array     0x0000d0d8        0x4
                0x0000d0d8                PROVIDE (__fini_array_start, .)
 *(SORT(.fini_array.*))
 *(.fini_array*)
 .fini_array    0x0000d0d8        0x4 c:/freescale/kds_1.1.1/toolchain/bin/../lib/gcc/arm-none-eabi/4.8.0/crtbegin.o
                0x0000d0dc                PROVIDE (__fini_array_end, .)
                0x0000d0dc                ___ROM_AT = .

.mtb            0x1ffff000        0x0
                0x1ffff000                . = ALIGN (0x8)
                0x1ffff000                _mtb_start = .
 *(.mtb_buf)
                0x1ffff000                . = ALIGN (0x8)
                0x1ffff000                _mtb_end = .

.data           0x1ffff000      0x120 load address 0x0000d0dc
                0x1ffff000                . = ALIGN (0x4)
                0x1ffff000                _sdata = .
 *(.data)
 *(.data*)
 .data.KEYDBNC_FSMdata
                0x1ffff000       0x14 ./Sources/Common/KeyDebounce.o
 .data.CLS1_currStdIO
                0x1ffff014        0x4 ./Generated_Code/CLS1.o
 .data.xFreeBytesRemaining
                0x1ffff018        0x4 ./Generated_Code/heap_2.o
 .data.uxCriticalNesting
                0x1ffff01c        0x4 ./Generated_Code/port.o
 .data.xNextTaskUnblockTime
                0x1ffff020        0x4 ./Generated_Code/tasks.o
 .data.g_serial_state_buf
                0x1ffff024        0xc ./Generated_Code/usb_cdc_pstn.o
 .data.g_trf_direction
                0x1ffff030        0x1 ./Generated_Code/usb_dci_kinetis.o
 *fill*         0x1ffff031        0x3 
 .data.g_device_descriptor
                0x1ffff034       0x14 ./Generated_Code/usb_descriptor.o
                0x1ffff034                g_device_descriptor
 .data.g_config_descriptor
                0x1ffff048       0x44 ./Generated_Code/usb_descriptor.o
                0x1ffff048                g_config_descriptor
 .data.USB_STR_0
                0x1ffff08c        0x4 ./Generated_Code/usb_descriptor.o
                0x1ffff08c                USB_STR_0
 .data.USB_STR_1
                0x1ffff090       0x3c ./Generated_Code/usb_descriptor.o
                0x1ffff090                USB_STR_1
 .data.USB_STR_2
                0x1ffff0cc       0x20 ./Generated_Code/usb_descriptor.o
                0x1ffff0cc                USB_STR_2
 .data.USB_STR_n
                0x1ffff0ec       0x24 ./Generated_Code/usb_descriptor.o
                0x1ffff0ec                USB_STR_n
 .data.g_line_coding
                0x1ffff110       0x10 ./Generated_Code/usb_descriptor.o
                0x1ffff120                . = ALIGN (0x4)
                0x1ffff120                _edata = .
                0x00000120                ___data_size = (_edata - _sdata)

.jcr            0x1ffff120        0x0 load address 0x0000d1fc
 .jcr           0x1ffff120        0x0 c:/freescale/kds_1.1.1/toolchain/bin/../lib/gcc/arm-none-eabi/4.8.0/crtbegin.o

.tm_clone_table
                0x1ffff120        0x0 load address 0x0000d1fc
 .tm_clone_table
                0x1ffff120        0x0 c:/freescale/kds_1.1.1/toolchain/bin/../lib/gcc/arm-none-eabi/4.8.0/crtbegin.o
 .tm_clone_table
                0x1ffff120        0x0 c:/freescale/kds_1.1.1/toolchain/bin/../lib/gcc/arm-none-eabi/4.8.0/crtend.o

.igot.plt       0x1ffff120        0x0 load address 0x0000d1fc
 .igot.plt      0x00000000        0x0 c:/freescale/kds_1.1.1/toolchain/bin/../lib/gcc/arm-none-eabi/4.8.0/crtbegin.o
                0x1ffff120                . = ALIGN (0x4)

.bss            0x1ffff200     0x3800 load address 0x0000d400
                0x1ffff200                __START_BSS = .
                0x1ffff200                PROVIDE (__bss_start__, __START_BSS)
 *(.bss)
 *(.bss*)
 .bss.completed.6137
                0x1ffff200        0x1 c:/freescale/kds_1.1.1/toolchain/bin/../lib/gcc/arm-none-eabi/4.8.0/crtbegin.o
 *fill*         0x1ffff201        0x3 
 .bss.object.6142
                0x1ffff204       0x18 c:/freescale/kds_1.1.1/toolchain/bin/../lib/gcc/arm-none-eabi/4.8.0/crtbegin.o
 .bss.EVNT_Events
                0x1ffff21c        0x4 ./Sources/Common/Event.o
 .bss.SHELL_val
                0x1ffff220        0x4 ./Sources/Common/Shell.o
 .bss.cdc_buf.6738
                0x1ffff224       0x30 ./Sources/Common/Shell.o
 .bss.localConsole_buf.6739
                0x1ffff254       0x30 ./Sources/Common/Shell.o
 .bss.SQUEUE_Queue
                0x1ffff284        0x4 ./Sources/Common/ShellQueue.o
 .bss.cntr.5567
                0x1ffff288        0x4 ./Sources/Common/Timer.o
 .bss.TRG_Triggers
                0x1ffff28c       0x30 ./Sources/Common/Trigger.o
 .bss.argv      0x1ffff2bc       0x28 ./Project_Settings/Startup_Code/startup.o
 .bss.ModeFlg   0x1ffff2e4        0x1 ./Generated_Code/AD1.o
 .bss.OutFlg    0x1ffff2e5        0x1 ./Generated_Code/AD1.o
 .bss.SerFlag   0x1ffff2e6        0x2 ./Generated_Code/AS1.o
 .bss.AS1_InpLen
                0x1ffff2e8        0x2 ./Generated_Code/AS1.o
 .bss.InpIndexR
                0x1ffff2ea        0x2 ./Generated_Code/AS1.o
 .bss.InpIndexW
                0x1ffff2ec        0x2 ./Generated_Code/AS1.o
 *fill*         0x1ffff2ee        0x2 
 .bss.InpBuffer
                0x1ffff2f0       0x20 ./Generated_Code/AS1.o
 .bss.BufferRead
                0x1ffff310        0x1 ./Generated_Code/AS1.o
 *fill*         0x1ffff311        0x1 
 .bss.AS1_OutLen
                0x1ffff312        0x2 ./Generated_Code/AS1.o
 .bss.OutIndexR
                0x1ffff314        0x2 ./Generated_Code/AS1.o
 .bss.OutIndexW
                0x1ffff316        0x2 ./Generated_Code/AS1.o
 .bss.OutBuffer
                0x1ffff318      0x100 ./Generated_Code/AS1.o
 .bss.DeviceDataPrv__DEFAULT_RTOS_ALLOC
                0x1ffff418       0x20 ./Generated_Code/ASerialLdd1.o
 .bss.INT_UART0__BAREBOARD_RTOS_ISRPARAM
                0x1ffff438        0x4 ./Generated_Code/ASerialLdd1.o
 .bss.DeviceDataPrv__DEFAULT_RTOS_ALLOC
                0x1ffff43c        0x8 ./Generated_Code/AdcLdd1.o
 .bss.DeviceDataPrv__DEFAULT_RTOS_ALLOC
                0x1ffff444        0x4 ./Generated_Code/BitIoLdd1.o
 .bss.DeviceDataPrv__DEFAULT_RTOS_ALLOC
                0x1ffff448        0x4 ./Generated_Code/BitIoLdd12.o
 .bss.DeviceDataPrv__DEFAULT_RTOS_ALLOC
                0x1ffff44c        0x4 ./Generated_Code/BitIoLdd13.o
 .bss.DeviceDataPrv__DEFAULT_RTOS_ALLOC
                0x1ffff450        0x4 ./Generated_Code/BitIoLdd2.o
 .bss.DeviceDataPrv__DEFAULT_RTOS_ALLOC
                0x1ffff454        0x4 ./Generated_Code/BitIoLdd8.o
 .bss.DeviceDataPrv__DEFAULT_RTOS_ALLOC
                0x1ffff458        0x4 ./Generated_Code/BitIoLdd9.o
 .bss.start_app
                0x1ffff45c        0x1 ./Generated_Code/CDC1.o
 .bss.start_transactions
                0x1ffff45d        0x1 ./Generated_Code/CDC1.o
 .bss.transactionOngoing
                0x1ffff45e        0x1 ./Generated_Code/CDC1.o
 *fill*         0x1ffff45f        0x1 
 .bss.txBuf.6891
                0x1ffff460       0x40 ./Generated_Code/CDC1.o
 .bss.txBuf.6901
                0x1ffff4a0       0x40 ./Generated_Code/CDC1.o
 .bss.ShellSem  0x1ffff4e0        0x4 ./Generated_Code/CLS1.o
 .bss.SR_lock   0x1ffff4e4        0x1 ./Generated_Code/Cpu.o
                0x1ffff4e4                SR_lock
 *fill*         0x1ffff4e5        0x3 
 .bss.DeviceDataPrv__DEFAULT_RTOS_ALLOC
                0x1ffff4e8        0x4 ./Generated_Code/ExtIntLdd1.o
 .bss.INT_PORTD__BAREBOARD_RTOS_ISRPARAM
                0x1ffff4ec        0x4 ./Generated_Code/ExtIntLdd1.o
 .bss.DeviceDataPrv__DEFAULT_RTOS_ALLOC
                0x1ffff4f0        0x4 ./Generated_Code/ExtIntLdd2.o
 .bss.INT_PORTA__BAREBOARD_RTOS_ISRPARAM
                0x1ffff4f4        0x4 ./Generated_Code/ExtIntLdd2.o
 .bss.DeviceDataPrv__DEFAULT_RTOS_ALLOC
                0x1ffff4f8        0x8 ./Generated_Code/ExtIntLdd3.o
 .bss.INT_PORTA__BAREBOARD_RTOS_ISRPARAM
                0x1ffff500        0x4 ./Generated_Code/ExtIntLdd3.o
 .bss.DeviceDataPrv__DEFAULT_RTOS_ALLOC
                0x1ffff504        0x4 ./Generated_Code/ExtIntLdd4.o
 .bss.INT_PORTA__BAREBOARD_RTOS_ISRPARAM
                0x1ffff508        0x4 ./Generated_Code/ExtIntLdd4.o
 .bss.DeviceDataPrv__DEFAULT_RTOS_ALLOC
                0x1ffff50c        0x4 ./Generated_Code/ExtIntLdd5.o
 .bss.INT_PORTA__BAREBOARD_RTOS_ISRPARAM
                0x1ffff510        0x4 ./Generated_Code/ExtIntLdd5.o
 .bss.GI2C1_deviceData
                0x1ffff514        0x8 ./Generated_Code/GI2C1.o
 .bss.GI2C1_busSem
                0x1ffff51c        0x4 ./Generated_Code/GI2C1.o
 .bss.writeBuf.7199
                0x1ffff520      0x100 ./Generated_Code/GI2C1.o
 .bss.stacked_r0.5443
                0x1ffff620        0x4 ./Generated_Code/HF1.o
 .bss.stacked_r1.5444
                0x1ffff624        0x4 ./Generated_Code/HF1.o
 .bss.stacked_r2.5445
                0x1ffff628        0x4 ./Generated_Code/HF1.o
 .bss.stacked_r3.5446
                0x1ffff62c        0x4 ./Generated_Code/HF1.o
 .bss.stacked_r12.5447
                0x1ffff630        0x4 ./Generated_Code/HF1.o
 .bss.stacked_lr.5448
                0x1ffff634        0x4 ./Generated_Code/HF1.o
 .bss.stacked_pc.5449
                0x1ffff638        0x4 ./Generated_Code/HF1.o
 .bss.stacked_psr.5450
                0x1ffff63c        0x4 ./Generated_Code/HF1.o
 .bss._CFSR.5451
                0x1ffff640        0x4 ./Generated_Code/HF1.o
 .bss._HFSR.5452
                0x1ffff644        0x4 ./Generated_Code/HF1.o
 .bss._DFSR.5453
                0x1ffff648        0x4 ./Generated_Code/HF1.o
 .bss._AFSR.5454
                0x1ffff64c        0x4 ./Generated_Code/HF1.o
 .bss._MMAR.5456
                0x1ffff650        0x4 ./Generated_Code/HF1.o
 .bss._BFAR.5455
                0x1ffff654        0x4 ./Generated_Code/HF1.o
 .bss.DeviceDataPrv__DEFAULT_RTOS_ALLOC
                0x1ffff658       0x18 ./Generated_Code/I2C1.o
 .bss.INT_I2C0__BAREBOARD_RTOS_ISRPARAM
                0x1ffff670        0x4 ./Generated_Code/I2C1.o
 .bss.IFsh1_CmdPending
                0x1ffff674        0x1 ./Generated_Code/IFsh1.o
 .bss.IFsh1_EnEvent
                0x1ffff675        0x1 ./Generated_Code/IFsh1.o
 *fill*         0x1ffff676        0x2 
 .bss.IntFlashLdd1_DevDataPtr
                0x1ffff678        0x4 ./Generated_Code/IFsh1.o
 .bss.DeviceDataPrv__DEFAULT_RTOS_ALLOC
                0x1ffff67c       0x18 ./Generated_Code/IntFlashLdd1.o
 .bss.PE_LDD_DeviceDataList
                0x1ffff694       0x44 ./Generated_Code/PE_LDD.o
                0x1ffff694                PE_LDD_DeviceDataList
 .bss.DeviceDataPrv__DEFAULT_RTOS_ALLOC
                0x1ffff6d8        0xc ./Generated_Code/RTOSCNTRLDD1.o
 .bss.INT_TPM1__BAREBOARD_RTOS_ISRPARAM
                0x1ffff6e4        0x4 ./Generated_Code/RTOSCNTRLDD1.o
 .bss.Rx1_buffer
                0x1ffff6e8       0x40 ./Generated_Code/Rx1.o
 .bss.Rx1_inIdx
                0x1ffff728        0x1 ./Generated_Code/Rx1.o
 .bss.Rx1_outIdx
                0x1ffff729        0x1 ./Generated_Code/Rx1.o
 .bss.Rx1_inSize
                0x1ffff72a        0x1 ./Generated_Code/Rx1.o
 .bss.SerFlag   0x1ffff72b        0x1 ./Generated_Code/SM1.o
 .bss.ErrFlag   0x1ffff72c        0x1 ./Generated_Code/SM1.o
 *fill*         0x1ffff72d        0x1 
 .bss.SM1_InpLen
                0x1ffff72e        0x2 ./Generated_Code/SM1.o
 .bss.InpIndexR
                0x1ffff730        0x1 ./Generated_Code/SM1.o
 .bss.InpIndexW
                0x1ffff731        0x1 ./Generated_Code/SM1.o
 *fill*         0x1ffff732        0x2 
 .bss.InpBuffer
                0x1ffff734       0x30 ./Generated_Code/SM1.o
 .bss.BufferRead
                0x1ffff764        0x1 ./Generated_Code/SM1.o
 *fill*         0x1ffff765        0x1 
 .bss.SM1_OutLen
                0x1ffff766        0x2 ./Generated_Code/SM1.o
 .bss.OutIndexR
                0x1ffff768        0x1 ./Generated_Code/SM1.o
 .bss.OutIndexW
                0x1ffff769        0x1 ./Generated_Code/SM1.o
 *fill*         0x1ffff76a        0x2 
 .bss.OutBuffer
                0x1ffff76c       0x30 ./Generated_Code/SM1.o
 .bss.DeviceDataPrv__DEFAULT_RTOS_ALLOC
                0x1ffff79c       0x1c ./Generated_Code/SMasterLdd1.o
 .bss.INT_SPI0__BAREBOARD_RTOS_ISRPARAM
                0x1ffff7b8        0x4 ./Generated_Code/SMasterLdd1.o
 .bss.TMOUT1_Counters
                0x1ffff7bc        0x4 ./Generated_Code/TMOUT1.o
 .bss.TMOUT1_FreeCounters
                0x1ffff7c0        0x4 ./Generated_Code/TMOUT1.o
 .bss.Tx1_buffer
                0x1ffff7c4      0x100 ./Generated_Code/Tx1.o
 .bss.Tx1_inIdx
                0x1ffff8c4        0x1 ./Generated_Code/Tx1.o
 .bss.Tx1_outIdx
                0x1ffff8c5        0x1 ./Generated_Code/Tx1.o
 .bss.Tx1_inSize
                0x1ffff8c6        0x1 ./Generated_Code/Tx1.o
 *fill*         0x1ffff8c7        0x1 
 .bss.ucHeap    0x1ffff8c8     0x2710 ./Generated_Code/heap_2.o
 .bss.xStart    0x20001fd8        0x8 ./Generated_Code/heap_2.o
 .bss.xEnd      0x20001fe0        0x8 ./Generated_Code/heap_2.o
 .bss.xHeapHasBeenInitialised.7351
                0x20001fe8        0x4 ./Generated_Code/heap_2.o
 .bss.xJumpBuf  0x20001fec       0x5c ./Generated_Code/port.o
 .bss.pxCurrentTCB
                0x20002048        0x4 ./Generated_Code/tasks.o
                0x20002048                pxCurrentTCB
 .bss.pxReadyTasksLists
                0x2000204c       0x78 ./Generated_Code/tasks.o
 .bss.xDelayedTaskList1
                0x200020c4       0x14 ./Generated_Code/tasks.o
 .bss.xDelayedTaskList2
                0x200020d8       0x14 ./Generated_Code/tasks.o
 .bss.pxDelayedTaskList
                0x200020ec        0x4 ./Generated_Code/tasks.o
 .bss.pxOverflowDelayedTaskList
                0x200020f0        0x4 ./Generated_Code/tasks.o
 .bss.xPendingReadyList
                0x200020f4       0x14 ./Generated_Code/tasks.o
 .bss.xSuspendedTaskList
                0x20002108       0x14 ./Generated_Code/tasks.o
 .bss.uxCurrentNumberOfTasks
                0x2000211c        0x4 ./Generated_Code/tasks.o
 .bss.xTickCount
                0x20002120        0x4 ./Generated_Code/tasks.o
 .bss.uxTopReadyPriority
                0x20002124        0x4 ./Generated_Code/tasks.o
 .bss.xSchedulerRunning
                0x20002128        0x4 ./Generated_Code/tasks.o
 .bss.uxPendedTicks
                0x2000212c        0x4 ./Generated_Code/tasks.o
 .bss.xYieldPending
                0x20002130        0x4 ./Generated_Code/tasks.o
 .bss.xNumOfOverflows
                0x20002134        0x4 ./Generated_Code/tasks.o
 .bss.uxTaskNumber
                0x20002138        0x4 ./Generated_Code/tasks.o
 .bss.uxSchedulerSuspended
                0x2000213c        0x4 ./Generated_Code/tasks.o
 .bss.ulTaskSwitchedInTime
                0x20002140        0x4 ./Generated_Code/tasks.o
 .bss.ulTotalRunTime
                0x20002144        0x4 ./Generated_Code/tasks.o
 .bss.g_cdc_class_callback
                0x20002148        0x4 ./Generated_Code/usb_cdc.o
 .bss.g_vendor_req_callback
                0x2000214c        0x4 ./Generated_Code/usb_cdc.o
 .bss.g_cdc_ep  0x20002150       0x9c ./Generated_Code/usb_cdc.o
 .bss.g_pstn_callback
                0x200021ec        0x4 ./Generated_Code/usb_cdc_pstn.o
 .bss.g_dte_present
                0x200021f0        0x1 ./Generated_Code/usb_cdc_pstn.o
 .bss.g_dte_status
                0x200021f1        0x1 ./Generated_Code/usb_cdc_pstn.o
 .bss.g_break_duration
                0x200021f2        0x2 ./Generated_Code/usb_cdc_pstn.o
 .bss.g_current_interface
                0x200021f4        0x1 ./Generated_Code/usb_cdc_pstn.o
 *fill*         0x200021f5        0x3 
 .bss.g_uart_bitmap
                0x200021f8        0x4 ./Generated_Code/usb_cdc_pstn.o
 .bss.g_class_callback
                0x200021fc        0x4 ./Generated_Code/usb_class.o
 .bss.g_device_state_before_suspend
                0x20002200        0x1 ./Generated_Code/usb_class.o
 *fill*         0x20002201        0x3 
 .bss.g_bdtmap  0x20002204        0x4 ./Generated_Code/usb_dci_kinetis.o
                0x20002204                g_bdtmap
 .bss.g_bdt_elem
                0x20002208      0x240 ./Generated_Code/usb_dci_kinetis.o
 .bss.g_dci_controller_Id
                0x20002448        0x1 ./Generated_Code/usb_dci_kinetis.o
 *fill*         0x20002449        0x3 
 .bss.g_bdt_address
                0x2000244c        0x4 ./Generated_Code/usb_dci_kinetis.o
 .bss.g_abstract_state
                0x20002450        0x4 ./Generated_Code/usb_descriptor.o
 .bss.g_country_code
                0x20002454        0x4 ./Generated_Code/usb_descriptor.o
 .bss.g_alternate_interface
                0x20002458        0x4 ./Generated_Code/usb_descriptor.o
 .bss.g_usb_component_status
                0x2000245c        0x8 ./Generated_Code/usb_driver.o
 .bss.g_usb_ep_status
                0x20002464        0x8 ./Generated_Code/usb_driver.o
 .bss.g_EPn     0x2000246c        0x1 ./Generated_Code/usb_driver.o
 .bss.g_EPn_max
                0x2000246d        0x1 ./Generated_Code/usb_driver.o
 *fill*         0x2000246e        0x2 
 .bss.g_setup_pkt
                0x20002470        0x8 ./Generated_Code/usb_framework.o
 .bss.g_std_framework_data
                0x20002478        0x2 ./Generated_Code/usb_framework.o
 .bss.g_assigned_address
                0x2000247a        0x1 ./Generated_Code/usb_framework.o
 *fill*         0x2000247b        0x1 
 .bss.g_framework_callback
                0x2000247c        0x4 ./Generated_Code/usb_framework.o
 .bss.g_other_req_callback
                0x20002480        0x4 ./Generated_Code/usb_framework.o
 .bss.ext_req_to_host
                0x20002484       0x28 ./Generated_Code/usb_framework.o
 *(COMMON)
 COMMON         0x200024ac        0xc ./Generated_Code/AD1.o
                0x200024ac                AD1_OutV
                0x200024b4                AdcLdd1_DeviceDataPtr
 COMMON         0x200024b8        0x4 ./Generated_Code/AS1.o
                0x200024b8                ASerialLdd1_DeviceDataPtr
 COMMON         0x200024bc        0x1 ./Generated_Code/Cpu.o
                0x200024bc                SR_reg
 *fill*         0x200024bd        0x3 
 COMMON         0x200024c0        0x8 ./Generated_Code/FRTOS1.o
                0x200024c0                FRTOS1_RunTimeCounterHandle
                0x200024c4                FRTOS1_RunTimeCounter
 COMMON         0x200024c8        0x4 ./Generated_Code/SM1.o
                0x200024c8                SMasterLdd1_DeviceDataPtr
 COMMON         0x200024cc       0x50 ./Generated_Code/queue.o
                0x200024cc                xQueueRegistry
 *fill*         0x2000251c       0xe4 
 COMMON         0x20002600      0x400 ./Generated_Code/usb_dci_kinetis.o
                0x20002600                g_Mem
                0x20002a00                . = ALIGN (0x4)
                0x20002a00                __END_BSS = .
                0x20002a00                PROVIDE (__bss_end__, __END_BSS)
                0x0000d1fc                _romp_at = (___ROM_AT + SIZEOF (.data))

.romp           0x20002a00       0x18 load address 0x0000d1fc
                0x0000d1fc                __S_romp = _romp_at
                0x20002a00        0x4 LONG 0xd0dc ___ROM_AT
                0x20002a04        0x4 LONG 0x1ffff000 _sdata
                0x20002a08        0x4 LONG 0x120 ___data_size
                0x20002a0c        0x4 LONG 0x0
                0x20002a10        0x4 LONG 0x0
                0x20002a14        0x4 LONG 0x0

._user_heap_stack
                0x20002a18      0x200 load address 0x0000d214
                0x20002a18                . = ALIGN (0x4)
                0x20002a18                PROVIDE (end, .)
                0x20002a18                PROVIDE (_end, .)
                0x20002a18                __heap_addr = .
                0x20002a18                __HeapBase = .
                0x20002a18                . = (. + __heap_size)
                0x20002a18                __HeapLimit = .
                0x20002c18                . = (. + __stack_size)
 *fill*         0x20002a18      0x200 
                0x20002c18                . = ALIGN (0x4)

.ARM.attributes
                0x00000000       0x2d
 *(.ARM.attributes)
 .ARM.attributes
                0x00000000       0x23 c:/freescale/kds_1.1.1/toolchain/bin/../lib/gcc/arm-none-eabi/4.8.0/crti.o
 .ARM.attributes
                0x00000023       0x31 c:/freescale/kds_1.1.1/toolchain/bin/../lib/gcc/arm-none-eabi/4.8.0/crtbegin.o
 .ARM.attributes
                0x00000054       0x32 ./Sources/Common/Application.o
 .ARM.attributes
                0x00000086       0x32 ./Sources/Common/Debounce.o
 .ARM.attributes
                0x000000b8       0x32 ./Sources/Common/Event.o
 .ARM.attributes
                0x000000ea       0x32 ./Sources/Common/KeyDebounce.o
 .ARM.attributes
                0x0000011c       0x32 ./Sources/Common/Keys.o
 .ARM.attributes
                0x0000014e       0x32 ./Sources/Common/LED.o
 .ARM.attributes
                0x00000180       0x32 ./Sources/Common/NVM_Config.o
 .ARM.attributes
                0x000001b2       0x32 ./Sources/Common/Platform.o
 .ARM.attributes
                0x000001e4       0x32 ./Sources/Common/RTOS.o
 .ARM.attributes
                0x00000216       0x32 ./Sources/Common/Sem.o
 .ARM.attributes
                0x00000248       0x32 ./Sources/Common/Shell.o
 .ARM.attributes
                0x0000027a       0x32 ./Sources/Common/ShellQueue.o
 .ARM.attributes
                0x000002ac       0x32 ./Sources/Common/Timer.o
 .ARM.attributes
                0x000002de       0x32 ./Sources/Common/Trigger.o
 .ARM.attributes
                0x00000310       0x32 ./Sources/Events.o
 .ARM.attributes
                0x00000342       0x32 ./Sources/main.o
 .ARM.attributes
                0x00000374       0x32 ./Project_Settings/Startup_Code/startup.o
 .ARM.attributes
                0x000003a6       0x32 ./Generated_Code/AD1.o
 .ARM.attributes
                0x000003d8       0x32 ./Generated_Code/AS1.o
 .ARM.attributes
                0x0000040a       0x32 ./Generated_Code/ASerialLdd1.o
 .ARM.attributes
                0x0000043c       0x32 ./Generated_Code/AdcLdd1.o
 .ARM.attributes
                0x0000046e       0x32 ./Generated_Code/BitIoLdd1.o
 .ARM.attributes
                0x000004a0       0x32 ./Generated_Code/BitIoLdd12.o
 .ARM.attributes
                0x000004d2       0x32 ./Generated_Code/BitIoLdd13.o
 .ARM.attributes
                0x00000504       0x32 ./Generated_Code/BitIoLdd2.o
 .ARM.attributes
                0x00000536       0x32 ./Generated_Code/BitIoLdd8.o
 .ARM.attributes
                0x00000568       0x32 ./Generated_Code/BitIoLdd9.o
 .ARM.attributes
                0x0000059a       0x32 ./Generated_Code/CDC1.o
 .ARM.attributes
                0x000005cc       0x32 ./Generated_Code/CLS1.o
 .ARM.attributes
                0x000005fe       0x32 ./Generated_Code/Cpu.o
 .ARM.attributes
                0x00000630       0x32 ./Generated_Code/ExtIntLdd1.o
 .ARM.attributes
                0x00000662       0x32 ./Generated_Code/ExtIntLdd2.o
 .ARM.attributes
                0x00000694       0x32 ./Generated_Code/ExtIntLdd3.o
 .ARM.attributes
                0x000006c6       0x32 ./Generated_Code/ExtIntLdd4.o
 .ARM.attributes
                0x000006f8       0x32 ./Generated_Code/ExtIntLdd5.o
 .ARM.attributes
                0x0000072a       0x32 ./Generated_Code/FRTOS1.o
 .ARM.attributes
                0x0000075c       0x32 ./Generated_Code/GI2C1.o
 .ARM.attributes
                0x0000078e       0x32 ./Generated_Code/HF1.o
 .ARM.attributes
                0x000007c0       0x32 ./Generated_Code/I2C1.o
 .ARM.attributes
                0x000007f2       0x32 ./Generated_Code/IFsh1.o
 .ARM.attributes
                0x00000824       0x32 ./Generated_Code/IntFlashLdd1.o
 .ARM.attributes
                0x00000856       0x32 ./Generated_Code/MMA1.o
 .ARM.attributes
                0x00000888       0x32 ./Generated_Code/PE_LDD.o
 .ARM.attributes
                0x000008ba       0x32 ./Generated_Code/PTA.o
 .ARM.attributes
                0x000008ec       0x32 ./Generated_Code/RTOSCNTRLDD1.o
 .ARM.attributes
                0x0000091e       0x32 ./Generated_Code/Rx1.o
 .ARM.attributes
                0x00000950       0x32 ./Generated_Code/SM1.o
 .ARM.attributes
                0x00000982       0x32 ./Generated_Code/SMasterLdd1.o
 .ARM.attributes