Archive member included because of file (symbol)

c:/freescale/kds_1.1.1/toolchain/bin/../lib/gcc/arm-none-eabi/4.8.0\libgcc.a(_udivsi3.o)
                              ./Generated_Code/GI2C1.o (__aeabi_uidiv)
c:/freescale/kds_1.1.1/toolchain/bin/../lib/gcc/arm-none-eabi/4.8.0\libgcc.a(_divsi3.o)
                              ./Sources/Common/Remote.o (__aeabi_idiv)
c:/freescale/kds_1.1.1/toolchain/bin/../lib/gcc/arm-none-eabi/4.8.0\libgcc.a(_dvmd_tls.o)
                              c:/freescale/kds_1.1.1/toolchain/bin/../lib/gcc/arm-none-eabi/4.8.0\libgcc.a(_udivsi3.o) (__aeabi_idiv0)
c:/freescale/kds_1.1.1/toolchain/bin/../lib/gcc/arm-none-eabi/4.8.0/../../../../arm-none-eabi/lib\libg_s.a(lib_a-atexit.o)
                              c:/freescale/kds_1.1.1/toolchain/bin/../lib/gcc/arm-none-eabi/4.8.0/../../../../arm-none-eabi/lib/crt0.o (atexit)
c:/freescale/kds_1.1.1/toolchain/bin/../lib/gcc/arm-none-eabi/4.8.0/../../../../arm-none-eabi/lib\libg_s.a(lib_a-exit.o)
                              c:/freescale/kds_1.1.1/toolchain/bin/../lib/gcc/arm-none-eabi/4.8.0/../../../../arm-none-eabi/lib/crt0.o (exit)
c:/freescale/kds_1.1.1/toolchain/bin/../lib/gcc/arm-none-eabi/4.8.0/../../../../arm-none-eabi/lib\libg_s.a(lib_a-fini.o)
                              c:/freescale/kds_1.1.1/toolchain/bin/../lib/gcc/arm-none-eabi/4.8.0/../../../../arm-none-eabi/lib\libg_s.a(lib_a-exit.o) (__libc_fini_array)
c:/freescale/kds_1.1.1/toolchain/bin/../lib/gcc/arm-none-eabi/4.8.0/../../../../arm-none-eabi/lib\libg_s.a(lib_a-impure.o)
                              c:/freescale/kds_1.1.1/toolchain/bin/../lib/gcc/arm-none-eabi/4.8.0/../../../../arm-none-eabi/lib\libg_s.a(lib_a-exit.o) (_global_impure_ptr)
c:/freescale/kds_1.1.1/toolchain/bin/../lib/gcc/arm-none-eabi/4.8.0/../../../../arm-none-eabi/lib\libg_s.a(lib_a-memcpy.o)
                              ./Generated_Code/IFsh1.o (memcpy)
c:/freescale/kds_1.1.1/toolchain/bin/../lib/gcc/arm-none-eabi/4.8.0/../../../../arm-none-eabi/lib\libg_s.a(lib_a-memset.o)
                              c:/freescale/kds_1.1.1/toolchain/bin/../lib/gcc/arm-none-eabi/4.8.0/../../../../arm-none-eabi/lib/crt0.o (memset)
c:/freescale/kds_1.1.1/toolchain/bin/../lib/gcc/arm-none-eabi/4.8.0/../../../../arm-none-eabi/lib\libg_s.a(lib_a-setjmp.o)
                              ./Generated_Code/port.o (setjmp)
c:/freescale/kds_1.1.1/toolchain/bin/../lib/gcc/arm-none-eabi/4.8.0/../../../../arm-none-eabi/lib\libg_s.a(lib_a-strchr.o)
                              ./Generated_Code/UTIL1.o (strchr)
c:/freescale/kds_1.1.1/toolchain/bin/../lib/gcc/arm-none-eabi/4.8.0/../../../../arm-none-eabi/lib\libg_s.a(lib_a-strcmp.o)
                              ./Sources/Common/RNet_App.o (strcmp)
c:/freescale/kds_1.1.1/toolchain/bin/../lib/gcc/arm-none-eabi/4.8.0/../../../../arm-none-eabi/lib\libg_s.a(lib_a-strlen.o)
                              ./Sources/Common/RNet_App.o (strlen)
c:/freescale/kds_1.1.1/toolchain/bin/../lib/gcc/arm-none-eabi/4.8.0/../../../../arm-none-eabi/lib\libg_s.a(lib_a-strncmp.o)
                              ./Sources/Common/RNet_App.o (strncmp)
c:/freescale/kds_1.1.1/toolchain/bin/../lib/gcc/arm-none-eabi/4.8.0/../../../../arm-none-eabi/lib\libg_s.a(lib_a-syscalls.o)
                              c:/freescale/kds_1.1.1/toolchain/bin/../lib/gcc/arm-none-eabi/4.8.0/../../../../arm-none-eabi/lib\libg_s.a(lib_a-exit.o) (_exit)
c:/freescale/kds_1.1.1/toolchain/bin/../lib/gcc/arm-none-eabi/4.8.0/../../../../arm-none-eabi/lib\libg_s.a(lib_a-__atexit.o)
                              c:/freescale/kds_1.1.1/toolchain/bin/../lib/gcc/arm-none-eabi/4.8.0/../../../../arm-none-eabi/lib\libg_s.a(lib_a-atexit.o) (__do_register_exitproc)
c:/freescale/kds_1.1.1/toolchain/bin/../lib/gcc/arm-none-eabi/4.8.0/../../../../arm-none-eabi/lib\libg_s.a(lib_a-__call_atexit.o)
                              c:/freescale/kds_1.1.1/toolchain/bin/../lib/gcc/arm-none-eabi/4.8.0/../../../../arm-none-eabi/lib\libg_s.a(lib_a-__atexit.o) (__call_exitprocs)
c:/freescale/kds_1.1.1/toolchain/bin/../lib/gcc/arm-none-eabi/4.8.0/../../../../arm-none-eabi/lib\libg_s.a(lib_a-errno.o)
                              c:/freescale/kds_1.1.1/toolchain/bin/../lib/gcc/arm-none-eabi/4.8.0/../../../../arm-none-eabi/lib\libg_s.a(lib_a-syscalls.o) (__errno)
c:/freescale/kds_1.1.1/toolchain/bin/../lib/gcc/arm-none-eabi/4.8.0/../../../../arm-none-eabi/lib\libg_s.a(lib_a-malloc.o)
                              c:/freescale/kds_1.1.1/toolchain/bin/../lib/gcc/arm-none-eabi/4.8.0/../../../../arm-none-eabi/lib\libg_s.a(lib_a-__atexit.o) (malloc)
c:/freescale/kds_1.1.1/toolchain/bin/../lib/gcc/arm-none-eabi/4.8.0/../../../../arm-none-eabi/lib\libg_s.a(lib_a-mallocr.o)
                              c:/freescale/kds_1.1.1/toolchain/bin/../lib/gcc/arm-none-eabi/4.8.0/../../../../arm-none-eabi/lib\libg_s.a(lib_a-malloc.o) (_malloc_r)
c:/freescale/kds_1.1.1/toolchain/bin/../lib/gcc/arm-none-eabi/4.8.0/../../../../arm-none-eabi/lib\libg_s.a(lib_a-sbrkr.o)
[...]
Memory Configuration

Name             Origin             Length             Attributes
m_interrupts     0x00000000         0x000000c0         xr
m_text           0x00000410         0x0001fbf0         xr
m_data           0x1ffff000         0x00004000         rw
m_cfmprotrom     0x00000400         0x00000010         xr
*default*        0x00000000         0xffffffff

Linker script and memory map

LOAD c:/freescale/kds_1.1.1/toolchain/bin/../lib/gcc/arm-none-eabi/4.8.0/crti.o
LOAD c:/freescale/kds_1.1.1/toolchain/bin/../lib/gcc/arm-none-eabi/4.8.0/crtbegin.o
LOAD c:/freescale/kds_1.1.1/toolchain/bin/../lib/gcc/arm-none-eabi/4.8.0/../../../../arm-none-eabi/lib/crt0.o
LOAD ./Sources/Common/Accel.o
LOAD ./Sources/Common/Application.o
LOAD ./Sources/Common/Buzzer.o
LOAD ./Sources/Common/Debounce.o
LOAD ./Sources/Common/Drive.o
LOAD ./Sources/Common/Event.o
LOAD ./Sources/Common/KeyDebounce.o
LOAD ./Sources/Common/Keys.o
LOAD ./Sources/Common/LED.o
LOAD ./Sources/Common/MCP4728.o
LOAD ./Sources/Common/Mealy.o
LOAD ./Sources/Common/Motor.o
LOAD ./Sources/Common/NVM_Config.o
LOAD ./Sources/Common/Pid.o
LOAD ./Sources/Common/Platform.o
LOAD ./Sources/Common/QuadCalib.o
LOAD ./Sources/Common/RNet_App.o
LOAD ./Sources/Common/RTOS.o
LOAD ./Sources/Common/Reflectance.o
LOAD ./Sources/Common/Remote.o
LOAD ./Sources/Common/Sem.o
LOAD ./Sources/Common/Shell.o
LOAD ./Sources/Common/ShellQueue.o
LOAD ./Sources/Common/Tacho.o
LOAD ./Sources/Common/Timer.o
LOAD ./Sources/Common/Trigger.o
LOAD ./Sources/Common/Ultrasonic.o
LOAD ./Sources/Events.o
LOAD ./Sources/main.o
LOAD ./Project_Settings/Startup_Code/startup.o
LOAD ./Generated_Code/AD1.o
LOAD ./Generated_Code/AS1.o
LOAD ./Generated_Code/ASerialLdd1.o
LOAD ./Generated_Code/AdcLdd1.o
LOAD ./Generated_Code/BitIoLdd1.o
LOAD ./Generated_Code/BitIoLdd12.o
LOAD ./Generated_Code/BitIoLdd13.o
LOAD ./Generated_Code/BitIoLdd2.o
LOAD ./Generated_Code/BitIoLdd8.o
LOAD ./Generated_Code/BitIoLdd9.o
LOAD ./Generated_Code/CDC1.o
LOAD ./Generated_Code/CE1.o
LOAD ./Generated_Code/CLS1.o
LOAD ./Generated_Code/CS1.o
LOAD ./Generated_Code/CSN1.o
LOAD ./Generated_Code/Cpu.o
LOAD ./Generated_Code/ExtIntLdd1.o
LOAD ./Generated_Code/ExtIntLdd2.o
LOAD ./Generated_Code/ExtIntLdd3.o
LOAD ./Generated_Code/ExtIntLdd4.o
LOAD ./Generated_Code/ExtIntLdd5.o
LOAD ./Generated_Code/FRTOS1.o
LOAD ./Generated_Code/GI2C1.o
LOAD ./Generated_Code/HF1.o
LOAD ./Generated_Code/I2C1.o
LOAD ./Generated_Code/IFsh1.o
LOAD ./Generated_Code/IntFlashLdd1.o
LOAD ./Generated_Code/LedBit1.o
LOAD ./Generated_Code/LedBit2.o
LOAD ./Generated_Code/MMA1.o
LOAD ./Generated_Code/PE_LDD.o
LOAD ./Generated_Code/PTA.o
LOAD ./Generated_Code/RApp.o
LOAD ./Generated_Code/RF1.o
LOAD ./Generated_Code/RMAC.o
LOAD ./Generated_Code/RMSG.o
LOAD ./Generated_Code/RNET1.o
LOAD ./Generated_Code/RNWK.o
LOAD ./Generated_Code/RPHY.o
LOAD ./Generated_Code/RStack.o
LOAD ./Generated_Code/RStdIO.o
LOAD ./Generated_Code/RTOSCNTRLDD1.o
LOAD ./Generated_Code/Radio.o
LOAD ./Generated_Code/Rx1.o
LOAD ./Generated_Code/SM1.o
LOAD ./Generated_Code/SMasterLdd1.o
LOAD ./Generated_Code/SW1.o
LOAD ./Generated_Code/SW2.o
LOAD ./Generated_Code/SW3.o
LOAD ./Generated_Code/SW4.o
LOAD ./Generated_Code/SW5.o
LOAD ./Generated_Code/SW6.o
LOAD ./Generated_Code/SW7.o
LOAD ./Generated_Code/TMOUT1.o
LOAD ./Generated_Code/Tx1.o
LOAD ./Generated_Code/USB0.o
LOAD ./Generated_Code/USB1.o
LOAD ./Generated_Code/UTIL1.o
LOAD ./Generated_Code/Vectors.o
LOAD ./Generated_Code/WAIT1.o
LOAD ./Generated_Code/croutine.o
LOAD ./Generated_Code/event_groups.o
LOAD ./Generated_Code/heap_1.o
LOAD ./Generated_Code/heap_2.o
LOAD ./Generated_Code/heap_3.o
LOAD ./Generated_Code/heap_4.o
LOAD ./Generated_Code/list.o
LOAD ./Generated_Code/port.o
LOAD ./Generated_Code/queue.o
LOAD ./Generated_Code/tasks.o
LOAD ./Generated_Code/timers.o
LOAD ./Generated_Code/usb_cdc.o
LOAD ./Generated_Code/usb_cdc_pstn.o
LOAD ./Generated_Code/usb_class.o
LOAD ./Generated_Code/usb_dci_kinetis.o
LOAD ./Generated_Code/usb_descriptor.o
LOAD ./Generated_Code/usb_driver.o
LOAD ./Generated_Code/usb_framework.o
LOAD ./Generated_Code/wdt_kinetis.o
LOAD c:/freescale/kds_1.1.1/toolchain/bin/../lib/gcc/arm-none-eabi/4.8.0/../../../../arm-none-eabi/lib\libstdc++.a
LOAD c:/freescale/kds_1.1.1/toolchain/bin/../lib/gcc/arm-none-eabi/4.8.0/../../../../arm-none-eabi/lib\libm.a
START GROUP
LOAD c:/freescale/kds_1.1.1/toolchain/bin/../lib/gcc/arm-none-eabi/4.8.0\libgcc.a
LOAD c:/freescale/kds_1.1.1/toolchain/bin/../lib/gcc/arm-none-eabi/4.8.0/../../../../arm-none-eabi/lib\libg_s.a
LOAD c:/freescale/kds_1.1.1/toolchain/bin/../lib/gcc/arm-none-eabi/4.8.0/../../../../arm-none-eabi/lib\libc_s.a
END GROUP
LOAD c:/freescale/kds_1.1.1/toolchain/bin/../lib/gcc/arm-none-eabi/4.8.0/crtend.o
LOAD c:/freescale/kds_1.1.1/toolchain/bin/../lib/gcc/arm-none-eabi/4.8.0/crtn.o
                0x20003000                _estack = 0x20003000
                0x20003000                __SP_INIT = _estack
                0x00000000                __heap_size = 0x0
                0x00000200                __stack_size = 0x200

.interrupts     0x00000000       0xc0
                0x00000000                __vector_table = .
                0x00000000                . = ALIGN (0x4)
 *(.vectortable)
 .vectortable   0x00000000       0xc0 ./Generated_Code/Vectors.o
                0x00000000                __vect_table
                0x000000c0                . = ALIGN (0x4)

.cfmprotect     0x00000400       0x10
                0x00000400                . = ALIGN (0x4)
 *(.cfmconfig)
 .cfmconfig     0x00000400       0x10 ./Generated_Code/Cpu.o
                0x00000400                _cfm
                0x00000410                . = ALIGN (0x4)

.text           0x00000410    0x106ac
                0x00000410                . = ALIGN (0x4)
 *(.text)
 .text          0x00000410       0x9c c:/freescale/kds_1.1.1/toolchain/bin/../lib/gcc/arm-none-eabi/4.8.0\libgcc.a(_udivsi3.o)
                0x00000410                __aeabi_uidiv
                0x00000410                __udivsi3
                0x00000498                __aeabi_uidivmod
 .text          0x000004ac       0xc0 c:/freescale/kds_1.1.1/toolchain/bin/../lib/gcc/arm-none-eabi/4.8.0\libgcc.a(_divsi3.o)
                0x000004ac                __divsi3
                0x000004ac                __aeabi_idiv
                0x00000558                __aeabi_idivmod
 .text          0x0000056c        0x4 c:/freescale/kds_1.1.1/toolchain/bin/../lib/gcc/arm-none-eabi/4.8.0\libgcc.a(_dvmd_tls.o)
                0x0000056c                __aeabi_idiv0
                0x0000056c                __aeabi_ldiv0
 .text          0x00000570       0x34 c:/freescale/kds_1.1.1/toolchain/bin/../lib/gcc/arm-none-eabi/4.8.0/../../../../arm-none-eabi/lib\libg_s.a(lib_a-setjmp.o)
                0x00000570                setjmp
                0x00000588                longjmp
 *(.text*)
 .text.deregister_tm_clones
                0x000005a4       0x24 c:/freescale/kds_1.1.1/toolchain/bin/../lib/gcc/arm-none-eabi/4.8.0/crtbegin.o
 .text.register_tm_clones
                0x000005c8       0x28 c:/freescale/kds_1.1.1/toolchain/bin/../lib/gcc/arm-none-eabi/4.8.0/crtbegin.o
 .text.__do_global_dtors_aux
                0x000005f0       0x30 c:/freescale/kds_1.1.1/toolchain/bin/../lib/gcc/arm-none-eabi/4.8.0/crtbegin.o
 .text.frame_dummy
                0x00000620       0x3c c:/freescale/kds_1.1.1/toolchain/bin/../lib/gcc/arm-none-eabi/4.8.0/crtbegin.o
 .text.HandleEvents
                0x0000065c      0x308 ./Sources/Common/Application.o
                0x0000065c                HandleEvents
 .text.AppTask  0x00000964       0x18 ./Sources/Common/Application.o
 .text.APP_Start
                0x0000097c       0x4c ./Sources/Common/Application.o
                0x0000097c                APP_Start
 .text.DBNC_Process
                0x000009c8      0x170 ./Sources/Common/Debounce.o
                0x000009c8                DBNC_Process
 .text.DBNC_Deinit
                0x00000b38        0x8 ./Sources/Common/Debounce.o
                0x00000b38                DBNC_Deinit
 .text.DBNC_Init
                0x00000b40        0x8 ./Sources/Common/Debounce.o
                0x00000b40                DBNC_Init
 .text.EVNT_SetEvent
                0x00000b48       0x58 ./Sources/Common/Event.o
                0x00000b48                EVNT_SetEvent
 .text.EVNT_EventIsSetAutoClear
                0x00000ba0       0x98 ./Sources/Common/Event.o
                0x00000ba0                EVNT_EventIsSetAutoClear
 .text.EVNT_Init
                0x00000c38       0x34 ./Sources/Common/Event.o
                0x00000c38                EVNT_Init
 .text.EVNT_Deinit
                0x00000c6c        0x8 ./Sources/Common/Event.o
                0x00000c6c                EVNT_Deinit
 .text.KEYDBNC_GetKeys
                0x00000c74       0xe0 ./Sources/Common/KeyDebounce.o
 .text.KEYDBNC_OnDebounceEvent
                0x00000d54      0x170 ./Sources/Common/KeyDebounce.o
 .text.KEYDBNC_Process
                0x00000ec4       0x2c ./Sources/Common/KeyDebounce.o
                0x00000ec4                KEYDBNC_Process
 .text.KEYDBNC_Init
                0x00000ef0        0x8 ./Sources/Common/KeyDebounce.o
                0x00000ef0                KEYDBNC_Init
 .text.KEYDBNC_Deinit
                0x00000ef8        0x8 ./Sources/Common/KeyDebounce.o
                0x00000ef8                KEYDBNC_Deinit
 .text.KEY_Scan
                0x00000f00        0xc ./Sources/Common/Keys.o
                0x00000f00                KEY_Scan
 .text.KEY_OnInterrupt
                0x00000f0c       0x18 ./Sources/Common/Keys.o
                0x00000f0c                KEY_OnInterrupt
 .text.KEY_EnableInterrupts
                0x00000f24       0x68 ./Sources/Common/Keys.o
                0x00000f24                KEY_EnableInterrupts
 .text.KEY_DisableInterrupts
                0x00000f8c       0x54 ./Sources/Common/Keys.o
                0x00000f8c                KEY_DisableInterrupts
 .text.PORTA_OnInterrupt
                0x00000fe0        0xc ./Sources/Common/Keys.o
                0x00000fe0                PORTA_OnInterrupt
 .text.KEY_Init
                0x00000fec        0x8 ./Sources/Common/Keys.o
                0x00000fec                KEY_Init
 .text.KEY_Deinit
                0x00000ff4        0x8 ./Sources/Common/Keys.o
                0x00000ff4                KEY_Deinit
 .text.LED_Init
                0x00000ffc       0x20 ./Sources/Common/LED.o
                0x00000ffc                LED_Init
 .text.LED_Deinit
                0x0000101c        0x8 ./Sources/Common/LED.o
                0x0000101c                LED_Deinit
 .text.NVMC_Init
                0x00001024        0x8 ./Sources/Common/NVM_Config.o
                0x00001024                NVMC_Init
 .text.NVMC_Deinit
                0x0000102c        0x8 ./Sources/Common/NVM_Config.o
                0x0000102c                NVMC_Deinit
 .text.PL_Init  0x00001034       0x38 ./Sources/Common/Platform.o
                0x00001034                PL_Init
 .text.PL_Deinit
                0x0000106c       0x38 ./Sources/Common/Platform.o
                0x0000106c                PL_Deinit
 .text.PrintStatus
                0x000010a4       0x80 ./Sources/Common/RNet_App.o
 .text.PrintHelp
                0x00001124       0xac ./Sources/Common/RNet_App.o
 .text.RNETA_ParseCommand
                0x000011d0      0x2bc ./Sources/Common/RNet_App.o
                0x000011d0                RNETA_ParseCommand
 .text.T1       0x0000148c        0xc ./Sources/Common/RTOS.o
 .text.T2       0x00001498        0xc ./Sources/Common/RTOS.o
 .text.RTOS_Run
                0x000014a4        0xc ./Sources/Common/RTOS.o
                0x000014a4                RTOS_Run
 .text.RTOS_Init
                0x000014b0       0x70 ./Sources/Common/RTOS.o
                0x000014b0                RTOS_Init
 .text.RTOS_Deinit
                0x00001520        0x8 ./Sources/Common/RTOS.o
                0x00001520                RTOS_Deinit
 .text.ToSigned8Bit
                0x00001528       0x9c ./Sources/Common/Remote.o
 .text.APP_GetXY
                0x000015c4       0xb4 ./Sources/Common/Remote.o
 .text.StatusPrintXY
                0x00001678      0x10c ./Sources/Common/Remote.o
 .text.REMOTE_PrintHelp
                0x00001784       0xac ./Sources/Common/Remote.o
 .text.REMOTE_PrintStatus
                0x00001830       0xc8 ./Sources/Common/Remote.o
 .text.REMOTE_ParseCommand
                0x000018f8      0x1c8 ./Sources/Common/Remote.o
                0x000018f8                REMOTE_ParseCommand
 .text.REMOTE_GetOnOff
                0x00001ac0       0x14 ./Sources/Common/Remote.o
                0x00001ac0                REMOTE_GetOnOff
 .text.REMOTE_SetOnOff
                0x00001ad4       0x20 ./Sources/Common/Remote.o
                0x00001ad4                REMOTE_SetOnOff
 .text.vSlaveTask
                0x00001af4       0x28 ./Sources/Common/Sem.o
 .text.vMasterTask
                0x00001b1c       0x98 ./Sources/Common/Sem.o
 .text.SEM_Deinit
                0x00001bb4        0x8 ./Sources/Common/Sem.o
                0x00001bb4                SEM_Deinit
 .text.SEM_Init
                0x00001bbc       0x3c ./Sources/Common/Sem.o
                0x00001bbc                SEM_Init
 .text.SHELL_SendString
                0x00001bf8       0x18 ./Sources/Common/Shell.o
                0x00001bf8                SHELL_SendString
 .text.SHELL_PrintHelp
                0x00001c10       0x60 ./Sources/Common/Shell.o
 .text.SHELL_PrintStatus
                0x00001c70       0x6c ./Sources/Common/Shell.o
 .text.SHELL_ParseCommand
                0x00001cdc       0xdc ./Sources/Common/Shell.o
 .text.CDC_StdIOKeyPressed
                0x00001db8       0x18 ./Sources/Common/Shell.o
 .text.CDC_StdIOReadChar
                0x00001dd0       0x24 ./Sources/Common/Shell.o
 .text.CDC_StdIOSendChar
                0x00001df4       0x24 ./Sources/Common/Shell.o
 .text.ShellTask
                0x00001e18       0xa8 ./Sources/Common/Shell.o
 .text.SHELL_Init
                0x00001ec0       0x40 ./Sources/Common/Shell.o
                0x00001ec0                SHELL_Init
 .text.SHELL_Deinit
                0x00001f00        0xc ./Sources/Common/Shell.o
                0x00001f00                SHELL_Deinit
 .text.SQUEUE_SendString
                0x00001f0c       0x40 ./Sources/Common/ShellQueue.o
                0x00001f0c                SQUEUE_SendString
 .text.SQUEUE_ReceiveChar
                0x00001f4c       0x38 ./Sources/Common/ShellQueue.o
                0x00001f4c                SQUEUE_ReceiveChar
 .text.SQUEUE_Deinit
                0x00001f84       0x18 ./Sources/Common/ShellQueue.o
                0x00001f84                SQUEUE_Deinit
 .text.SQUEUE_Init
                0x00001f9c       0x38 ./Sources/Common/ShellQueue.o
                0x00001f9c                SQUEUE_Init
 .text.TMR_OnInterrupt
                0x00001fd4       0x38 ./Sources/Common/Timer.o
                0x00001fd4                TMR_OnInterrupt
 .text.TMR_Init
                0x0000200c        0x8 ./Sources/Common/Timer.o
                0x0000200c                TMR_Init
 .text.TMR_Deinit
                0x00002014        0x8 ./Sources/Common/Timer.o
                0x00002014                TMR_Deinit
 .text.TRG_SetTrigger
                0x0000201c       0x84 ./Sources/Common/Trigger.o
                0x0000201c                TRG_SetTrigger
 .text.CheckCallbacks
                0x000020a0       0xe0 ./Sources/Common/Trigger.o
 .text.TRG_IncTick
                0x00002180       0x80 ./Sources/Common/Trigger.o
                0x00002180                TRG_IncTick
 .text.TRG_Deinit
                0x00002200        0x8 ./Sources/Common/Trigger.o
                0x00002200                TRG_Deinit
 .text.TRG_Init
                0x00002208       0x68 ./Sources/Common/Trigger.o
                0x00002208                TRG_Init
 .text.SW1_OnInterrupt
                0x00002270       0x24 ./Sources/Events.o
                0x00002270                SW1_OnInterrupt
 .text.SW2_OnInterrupt
                0x00002294       0x24 ./Sources/Events.o
                0x00002294                SW2_OnInterrupt
 .text.SW3_OnInterrupt
                0x000022b8       0x2c ./Sources/Events.o
                0x000022b8                SW3_OnInterrupt
 .text.SW7_OnInterrupt
                0x000022e4       0x24 ./Sources/Events.o
                0x000022e4                SW7_OnInterrupt
 .text.SW4_OnInterrupt
                0x00002308       0x24 ./Sources/Events.o
                0x00002308                SW4_OnInterrupt
 .text.Cpu_OnNMIINT
                0x0000232c        0x8 ./Sources/Events.o
                0x0000232c                Cpu_OnNMIINT
 .text.FRTOS1_vApplicationStackOverflowHook
                0x00002334       0x10 ./Sources/Events.o
                0x00002334                FRTOS1_vApplicationStackOverflowHook
 .text.FRTOS1_vApplicationMallocFailedHook
                0x00002344        0x8 ./Sources/Events.o
                0x00002344                FRTOS1_vApplicationMallocFailedHook
 .text.FRTOS1_vApplicationTickHook
                0x0000234c        0xc ./Sources/Events.o
                0x0000234c                FRTOS1_vApplicationTickHook
 .text.FRTOS1_vApplicationIdleHook
                0x00002358        0x8 ./Sources/Events.o
                0x00002358                FRTOS1_vApplicationIdleHook
 .text.GI2C1_OnError
                0x00002360        0x8 ./Sources/Events.o
                0x00002360                GI2C1_OnError
 .text.main     0x00002368       0x14 ./Sources/main.o
                0x00002368                main
 .text.__flush_cache
                0x0000237c       0x10 ./Project_Settings/Startup_Code/startup.o
                0x0000237c                __flush_cache
 .text.__copy_rom_section
                0x0000238c       0xd8 ./Project_Settings/Startup_Code/startup.o
                0x0000238c                __copy_rom_section
 .text.__copy_rom_sections_to_ram
                0x00002464       0xc0 ./Project_Settings/Startup_Code/startup.o
                0x00002464                __copy_rom_sections_to_ram
 .text.zero_fill_bss
                0x00002524       0xac ./Project_Settings/Startup_Code/startup.o
 .text.__init_registers
                0x000025d0        0x8 ./Project_Settings/Startup_Code/startup.o
                0x000025d0                __init_registers
 .text.__init_user
                0x000025d8        0x8 ./Project_Settings/Startup_Code/startup.o
                0x000025d8                __init_user
 .text.__thumb_startup
                0x000025e0       0x48 ./Project_Settings/Startup_Code/startup.o
                0x000025e0                __thumb_startup
 .text.ClrSumV  0x00002628       0x18 ./Generated_Code/AD1.o
 .text.AD1_MainMeasure
                0x00002640       0xbc ./Generated_Code/AD1.o
 .text.AD1_HWEnDi
                0x000026fc       0x34 ./Generated_Code/AD1.o
                0x000026fc                AD1_HWEnDi
 .text.PE_AD1_Measure
                0x00002730       0x28 ./Generated_Code/AD1.o
                0x00002730                PE_AD1_Measure
 .text.AD1_GetValue16
                0x00002758       0x44 ./Generated_Code/AD1.o
                0x00002758                AD1_GetValue16
 .text.AD1_Init
                0x0000279c       0x2c ./Generated_Code/AD1.o
                0x0000279c                AD1_Init
 .text.HWEnDi   0x000027c8       0x20 ./Generated_Code/AS1.o
 .text.AS1_RecvChar
                0x000027e8       0xe8 ./Generated_Code/AS1.o
                0x000027e8                AS1_RecvChar
 .text.AS1_SendChar
                0x000028d0       0xec ./Generated_Code/AS1.o
                0x000028d0                AS1_SendChar
 .text.AS1_GetCharsInRxBuf
                0x000029bc       0x14 ./Generated_Code/AS1.o
                0x000029bc                AS1_GetCharsInRxBuf
 .text.AS1_Init
                0x000029d0       0x64 ./Generated_Code/AS1.o
                0x000029d0                AS1_Init
 .text.ASerialLdd1_OnBlockReceived
                0x00002a34       0x7c ./Generated_Code/AS1.o
                0x00002a34                ASerialLdd1_OnBlockReceived
 .text.ASerialLdd1_OnBlockSent
                0x00002ab0       0x88 ./Generated_Code/AS1.o
                0x00002ab0                ASerialLdd1_OnBlockSent
 .text.ASerialLdd1_OnError
                0x00002b38       0x90 ./Generated_Code/AS1.o
                0x00002b38                ASerialLdd1_OnError
 .text.ASerialLdd1_OnBreak
                0x00002bc8       0x20 ./Generated_Code/AS1.o
                0x00002bc8                ASerialLdd1_OnBreak
 .text.ASerialLdd1_Init
                0x00002be8      0x1c4 ./Generated_Code/ASerialLdd1.o
                0x00002be8                ASerialLdd1_Init
 .text.ASerialLdd1_ReceiveBlock
                0x00002dac       0x50 ./Generated_Code/ASerialLdd1.o
                0x00002dac                ASerialLdd1_ReceiveBlock
 .text.ASerialLdd1_SendBlock
                0x00002dfc       0x80 ./Generated_Code/ASerialLdd1.o
                0x00002dfc                ASerialLdd1_SendBlock
 .text.InterruptRx
                0x00002e7c       0x58 ./Generated_Code/ASerialLdd1.o
 .text.InterruptTx
                0x00002ed4       0x80 ./Generated_Code/ASerialLdd1.o
 .text.ASerialLdd1_Interrupt
                0x00002f54       0xec ./Generated_Code/ASerialLdd1.o
                0x00002f54                ASerialLdd1_Interrupt
 .text.ASerialLdd1_GetError
                0x00003040       0x30 ./Generated_Code/ASerialLdd1.o
                0x00003040                ASerialLdd1_GetError
 .text.AdcLdd1_Init
                0x00003070       0x8c ./Generated_Code/AdcLdd1.o
                0x00003070                AdcLdd1_Init
 .text.AdcLdd1_StartSingleMeasurement
                0x000030fc       0x44 ./Generated_Code/AdcLdd1.o
                0x000030fc                AdcLdd1_StartSingleMeasurement
 .text.AdcLdd1_CreateSampleGroup
                0x00003140       0x68 ./Generated_Code/AdcLdd1.o
                0x00003140                AdcLdd1_CreateSampleGroup
 .text.AdcLdd1_GetMeasuredValues
                0x000031a8       0x60 ./Generated_Code/AdcLdd1.o
                0x000031a8                AdcLdd1_GetMeasuredValues
 .text.AdcLdd1_GetMeasurementCompleteStatus
                0x00003208       0x30 ./Generated_Code/AdcLdd1.o
                0x00003208                AdcLdd1_GetMeasurementCompleteStatus
 .text.BitIoLdd1_Init
                0x00003238       0x64 ./Generated_Code/BitIoLdd1.o
                0x00003238                BitIoLdd1_Init
 .text.BitIoLdd1_ClrVal
                0x0000329c       0x1c ./Generated_Code/BitIoLdd1.o
                0x0000329c                BitIoLdd1_ClrVal
 .text.BitIoLdd1_SetVal
                0x000032b8       0x1c ./Generated_Code/BitIoLdd1.o
                0x000032b8                BitIoLdd1_SetVal
 .text.BitIoLdd1_NegVal
                0x000032d4       0x1c ./Generated_Code/BitIoLdd1.o
                0x000032d4                BitIoLdd1_NegVal
 .text.BitIoLdd12_Init
                0x000032f0       0x60 ./Generated_Code/BitIoLdd12.o
                0x000032f0                BitIoLdd12_Init
 .text.BitIoLdd13_Init
                0x00003350       0x60 ./Generated_Code/BitIoLdd13.o
                0x00003350                BitIoLdd13_Init
 .text.BitIoLdd13_ClrVal
                0x000033b0       0x18 ./Generated_Code/BitIoLdd13.o
                0x000033b0                BitIoLdd13_ClrVal
 .text.BitIoLdd13_SetVal
                0x000033c8       0x18 ./Generated_Code/BitIoLdd13.o
                0x000033c8                BitIoLdd13_SetVal
 .text.BitIoLdd2_Init
                0x000033e0       0x64 ./Generated_Code/BitIoLdd2.o
                0x000033e0                BitIoLdd2_Init
 .text.BitIoLdd2_ClrVal
                0x00003444       0x1c ./Generated_Code/BitIoLdd2.o
                0x00003444                BitIoLdd2_ClrVal
 .text.BitIoLdd2_SetVal
                0x00003460       0x1c ./Generated_Code/BitIoLdd2.o
                0x00003460                BitIoLdd2_SetVal
 .text.BitIoLdd2_NegVal
                0x0000347c       0x1c ./Generated_Code/BitIoLdd2.o
                0x0000347c                BitIoLdd2_NegVal
 .text.BitIoLdd8_Init
                0x00003498       0x58 ./Generated_Code/BitIoLdd8.o
                0x00003498                BitIoLdd8_Init
 .text.BitIoLdd8_GetVal
                0x000034f0       0x28 ./Generated_Code/BitIoLdd8.o
                0x000034f0                BitIoLdd8_GetVal
 .text.BitIoLdd9_Init
                0x00003518       0x58 ./Generated_Code/BitIoLdd9.o
                0x00003518                BitIoLdd9_Init
 .text.BitIoLdd9_GetVal
                0x00003570       0x28 ./Generated_Code/BitIoLdd9.o
                0x00003570                BitIoLdd9_GetVal
 .text.CDC1_GetCharsInRxBuf
                0x00003598       0x20 ./Generated_Code/CDC1.o
                0x00003598                CDC1_GetCharsInRxBuf
 .text.CDC1_SendChar
                0x000035b8       0x68 ./Generated_Code/CDC1.o
                0x000035b8                CDC1_SendChar
 .text.CDC1_App_Callback
                0x00003620       0xf4 ./Generated_Code/CDC1.o
                0x00003620                CDC1_App_Callback
 .text.CDC1_Notify_Callback
                0x00003714       0x50 ./Generated_Code/CDC1.o
                0x00003714                CDC1_Notify_Callback
 .text.CDC1_RunUsbEngine
                0x00003764        0x8 ./Generated_Code/CDC1.o
                0x00003764                CDC1_RunUsbEngine
 .text.CDC1_SendDataBlock
                0x0000376c       0x5c ./Generated_Code/CDC1.o
                0x0000376c                CDC1_SendDataBlock
 .text.CDC1_App_Task
                0x000037c8       0xe0 ./Generated_Code/CDC1.o
                0x000037c8                CDC1_App_Task
 .text.CDC1_Init
                0x000038a8       0x3c ./Generated_Code/CDC1.o
                0x000038a8                CDC1_Init
 .text.CLS1_SendStr
                0x000038e4       0x28 ./Generated_Code/CLS1.o
                0x000038e4                CLS1_SendStr
 .text.CLS1_SendNum16s
                0x0000390c       0x38 ./Generated_Code/CLS1.o
                0x0000390c                CLS1_SendNum16s
 .text.CLS1_ParseCommand
                0x00003944      0x12c ./Generated_Code/CLS1.o
                0x00003944                CLS1_ParseCommand
 .text.CLS1_PrintPrompt
                0x00003a70       0x20 ./Generated_Code/CLS1.o
                0x00003a70                CLS1_PrintPrompt
 .text.CLS1_ReadLine
                0x00003a90       0x80 ./Generated_Code/CLS1.o
                0x00003a90                CLS1_ReadLine
 .text.CLS1_PrintStatus
                0x00003b10       0xb0 ./Generated_Code/CLS1.o
                0x00003b10                CLS1_PrintStatus
 .text.CLS1_PrintCommandFailed
                0x00003bc0       0x78 ./Generated_Code/CLS1.o
                0x00003bc0                CLS1_PrintCommandFailed
 .text.CLS1_IterateTable
                0x00003c38       0x58 ./Generated_Code/CLS1.o
                0x00003c38                CLS1_IterateTable
 .text.CLS1_ParseWithCommandTable
                0x00003c90      0x174 ./Generated_Code/CLS1.o
                0x00003c90                CLS1_ParseWithCommandTable
 .text.CLS1_GetStdio
                0x00003e04       0x14 ./Generated_Code/CLS1.o
                0x00003e04                CLS1_GetStdio
 .text.CLS1_ReadAndParseWithCommandTable
                0x00003e18       0xf8 ./Generated_Code/CLS1.o
                0x00003e18                CLS1_ReadAndParseWithCommandTable
 .text.SendSeparatedStrings
                0x00003f10       0x7c ./Generated_Code/CLS1.o
 .text.CLS1_SendHelpStr
                0x00003f8c       0x28 ./Generated_Code/CLS1.o
                0x00003f8c                CLS1_SendHelpStr
 .text.CLS1_SendStatusStr
                0x00003fb4       0x28 ./Generated_Code/CLS1.o
                0x00003fb4                CLS1_SendStatusStr
 .text.CLS1_ReadChar
                0x00003fdc       0x4c ./Generated_Code/CLS1.o
                0x00003fdc                CLS1_ReadChar
 .text.CLS1_SendChar
                0x00004028       0x5c ./Generated_Code/CLS1.o
                0x00004028                CLS1_SendChar
 .text.CLS1_KeyPressed
                0x00004084       0x44 ./Generated_Code/CLS1.o
                0x00004084                CLS1_KeyPressed
 .text.CLS1_Init
                0x000040c8       0x5c ./Generated_Code/CLS1.o
                0x000040c8                CLS1_Init
 .text.CLS1_Deinit
                0x00004124       0x1c ./Generated_Code/CLS1.o
                0x00004124                CLS1_Deinit
 .text.Cpu_ivINT_PORTA
                0x00004140       0x18 ./Generated_Code/Cpu.o
                0x00004140                Cpu_ivINT_PORTA
 .text.Cpu_INT_NMIInterrupt
                0x00004158        0xc ./Generated_Code/Cpu.o
                0x00004158                Cpu_INT_NMIInterrupt
 .text.Cpu_Interrupt
                0x00004164        0xc ./Generated_Code/Cpu.o
                0x00004164                Cpu_Interrupt
 .text.__init_hardware
                0x00004170      0x174 ./Generated_Code/Cpu.o
                0x00004170                __init_hardware
 .text.PE_low_level_init
                0x000042e4      0x1a8 ./Generated_Code/Cpu.o
                0x000042e4                PE_low_level_init
 .text.ExtIntLdd1_Init
                0x0000448c       0x90 ./Generated_Code/ExtIntLdd1.o
                0x0000448c                ExtIntLdd1_Init
 .text.ExtIntLdd1_Enable
                0x0000451c       0x38 ./Generated_Code/ExtIntLdd1.o
                0x0000451c                ExtIntLdd1_Enable
 .text.ExtIntLdd1_Disable
                0x00004554       0x24 ./Generated_Code/ExtIntLdd1.o
                0x00004554                ExtIntLdd1_Disable
 .text.ExtIntLdd1_Interrupt
                0x00004578       0x34 ./Generated_Code/ExtIntLdd1.o
                0x00004578                ExtIntLdd1_Interrupt
 .text.ExtIntLdd1_GetVal
                0x000045ac       0x24 ./Generated_Code/ExtIntLdd1.o
                0x000045ac                ExtIntLdd1_GetVal
 .text.ExtIntLdd2_Init
                0x000045d0       0x94 ./Generated_Code/ExtIntLdd2.o
                0x000045d0                ExtIntLdd2_Init
 .text.ExtIntLdd2_Enable
                0x00004664       0x38 ./Generated_Code/ExtIntLdd2.o
                0x00004664                ExtIntLdd2_Enable
 .text.ExtIntLdd2_Disable
                0x0000469c       0x24 ./Generated_Code/ExtIntLdd2.o
                0x0000469c                ExtIntLdd2_Disable
 .text.ExtIntLdd2_Interrupt
                0x000046c0       0x40 ./Generated_Code/ExtIntLdd2.o
                0x000046c0                ExtIntLdd2_Interrupt
 .text.ExtIntLdd2_GetVal
                0x00004700       0x28 ./Generated_Code/ExtIntLdd2.o
                0x00004700                ExtIntLdd2_GetVal
 .text.ExtIntLdd3_Init
                0x00004728       0x84 ./Generated_Code/ExtIntLdd3.o
                0x00004728                ExtIntLdd3_Init
 .text.ExtIntLdd3_Enable
                0x000047ac       0x18 ./Generated_Code/ExtIntLdd3.o
                0x000047ac                ExtIntLdd3_Enable
 .text.ExtIntLdd3_Disable
                0x000047c4       0x18 ./Generated_Code/ExtIntLdd3.o
                0x000047c4                ExtIntLdd3_Disable
 .text.ExtIntLdd3_Interrupt
                0x000047dc       0x2c ./Generated_Code/ExtIntLdd3.o
                0x000047dc                ExtIntLdd3_Interrupt
 .text.ExtIntLdd3_GetVal
                0x00004808       0x24 ./Generated_Code/ExtIntLdd3.o
                0x00004808                ExtIntLdd3_GetVal
 .text.ExtIntLdd4_Init
                0x0000482c       0x94 ./Generated_Code/ExtIntLdd4.o
                0x0000482c                ExtIntLdd4_Init
 .text.ExtIntLdd4_Enable
                0x000048c0       0x38 ./Generated_Code/ExtIntLdd4.o
                0x000048c0                ExtIntLdd4_Enable
 .text.ExtIntLdd4_Disable
                0x000048f8       0x24 ./Generated_Code/ExtIntLdd4.o
                0x000048f8                ExtIntLdd4_Disable
 .text.ExtIntLdd4_Interrupt
                0x0000491c       0x40 ./Generated_Code/ExtIntLdd4.o
                0x0000491c                ExtIntLdd4_Interrupt
 .text.ExtIntLdd4_GetVal
                0x0000495c       0x24 ./Generated_Code/ExtIntLdd4.o
                0x0000495c                ExtIntLdd4_GetVal
 .text.ExtIntLdd5_Init
                0x00004980       0x94 ./Generated_Code/ExtIntLdd5.o
                0x00004980                ExtIntLdd5_Init
 .text.ExtIntLdd5_Enable
                0x00004a14       0x38 ./Generated_Code/ExtIntLdd5.o
                0x00004a14                ExtIntLdd5_Enable
 .text.ExtIntLdd5_Disable
                0x00004a4c       0x24 ./Generated_Code/ExtIntLdd5.o
                0x00004a4c                ExtIntLdd5_Disable
 .text.ExtIntLdd5_Interrupt
                0x00004a70       0x40 ./Generated_Code/ExtIntLdd5.o
                0x00004a70                ExtIntLdd5_Interrupt
 .text.ExtIntLdd5_GetVal
                0x00004ab0       0x28 ./Generated_Code/ExtIntLdd5.o
                0x00004ab0                ExtIntLdd5_GetVal
 .text.PrintStatus
                0x00004ad8      0x210 ./Generated_Code/FRTOS1.o
 .text.PrintHelp
                0x00004ce8       0x48 ./Generated_Code/FRTOS1.o
 .text.RTOSCNTRLDD1_OnCounterRestart
                0x00004d30       0x1c ./Generated_Code/FRTOS1.o
                0x00004d30                RTOSCNTRLDD1_OnCounterRestart
 .text.FRTOS1_ParseCommand
                0x00004d4c       0x94 ./Generated_Code/FRTOS1.o
                0x00004d4c                FRTOS1_ParseCommand
 .text.GI2C1_RequestBus
                0x00004de0       0x1c ./Generated_Code/GI2C1.o
                0x00004de0                GI2C1_RequestBus
 .text.GI2C1_ReleaseBus
                0x00004dfc       0x18 ./Generated_Code/GI2C1.o
                0x00004dfc                GI2C1_ReleaseBus
 .text.GI2C1_SelectSlave
                0x00004e14       0x44 ./Generated_Code/GI2C1.o
                0x00004e14                GI2C1_SelectSlave
 .text.GI2C1_UnselectSlave
                0x00004e58       0x10 ./Generated_Code/GI2C1.o
                0x00004e58                GI2C1_UnselectSlave
 .text.GI2C1_ReadAddress
                0x00004e68       0xe8 ./Generated_Code/GI2C1.o
                0x00004e68                GI2C1_ReadAddress
 .text.GI2C1_WriteAddress
                0x00004f50      0x148 ./Generated_Code/GI2C1.o
                0x00004f50                GI2C1_WriteAddress
 .text.I2C1_OnMasterBlockSent
                0x00005098       0x24 ./Generated_Code/GI2C1.o
                0x00005098                I2C1_OnMasterBlockSent
 .text.I2C1_OnMasterBlockReceived
                0x000050bc       0x24 ./Generated_Code/GI2C1.o
                0x000050bc                I2C1_OnMasterBlockReceived
 .text.GI2C1_Init
                0x000050e0       0x48 ./Generated_Code/GI2C1.o
                0x000050e0                GI2C1_Init
 .text.GI2C1_ReadByteAddress8
                0x00005128       0x34 ./Generated_Code/GI2C1.o
                0x00005128                GI2C1_ReadByteAddress8
 .text.GI2C1_WriteByteAddress8
                0x0000515c       0x34 ./Generated_Code/GI2C1.o
                0x0000515c                GI2C1_WriteByteAddress8
 .text.HF1_HandlerC
                0x00005190       0xd0 ./Generated_Code/HF1.o
                0x00005190                HF1_HandlerC
 .text.HF1_HardFaultHandler
                0x00005260       0x18 ./Generated_Code/HF1.o
                0x00005260                HF1_HardFaultHandler
 .text.I2C1_Interrupt
                0x00005278      0x2ac ./Generated_Code/I2C1.o
                0x00005278                I2C1_Interrupt
 .text.I2C1_Init
                0x00005524      0x11c ./Generated_Code/I2C1.o
                0x00005524                I2C1_Init
 .text.I2C1_MasterSendBlock
                0x00005640      0x158 ./Generated_Code/I2C1.o
                0x00005640                I2C1_MasterSendBlock
 .text.I2C1_MasterReceiveBlock
                0x00005798      0x158 ./Generated_Code/I2C1.o
                0x00005798                I2C1_MasterReceiveBlock
 .text.I2C1_SelectSlaveDevice
                0x000058f0      0x100 ./Generated_Code/I2C1.o
                0x000058f0                I2C1_SelectSlaveDevice
 .text.IFsh1_Init
                0x000059f0       0x2c ./Generated_Code/IFsh1.o
                0x000059f0                IFsh1_Init
 .text.IntFlashLdd1_Init
                0x00005a1c       0x5c ./Generated_Code/IntFlashLdd1.o
                0x00005a1c                IntFlashLdd1_Init
 .text.PrintStatus
                0x00005a78      0x41c ./Generated_Code/MMA1.o
 .text.PrintHelp
                0x00005e94       0x60 ./Generated_Code/MMA1.o
 .text.MMA1_GetXmg
                0x00005ef4       0x30 ./Generated_Code/MMA1.o
                0x00005ef4                MMA1_GetXmg
 .text.MMA1_GetYmg
                0x00005f24       0x30 ./Generated_Code/MMA1.o
                0x00005f24                MMA1_GetYmg
 .text.MMA1_GetZmg
                0x00005f54       0x30 ./Generated_Code/MMA1.o
                0x00005f54                MMA1_GetZmg
 .text.MMA1_MeasureGetRawX
                0x00005f84       0x40 ./Generated_Code/MMA1.o
                0x00005f84                MMA1_MeasureGetRawX
 .text.MMA1_MeasureGetRawY
                0x00005fc4       0x40 ./Generated_Code/MMA1.o
                0x00005fc4                MMA1_MeasureGetRawY
 .text.MMA1_MeasureGetRawZ
                0x00006004       0x40 ./Generated_Code/MMA1.o
                0x00006004                MMA1_MeasureGetRawZ
 .text.MMA1_GetXOffset
                0x00006044       0x10 ./Generated_Code/MMA1.o
                0x00006044                MMA1_GetXOffset
 .text.MMA1_GetYOffset
                0x00006054       0x10 ./Generated_Code/MMA1.o
                0x00006054                MMA1_GetYOffset
 .text.MMA1_GetZOffset
                0x00006064       0x10 ./Generated_Code/MMA1.o
                0x00006064                MMA1_GetZOffset
 .text.MMA1_GetX1gValue
                0x00006074       0x10 ./Generated_Code/MMA1.o
                0x00006074                MMA1_GetX1gValue
 .text.MMA1_GetY1gValue
                0x00006084       0x10 ./Generated_Code/MMA1.o
                0x00006084                MMA1_GetY1gValue
 .text.MMA1_GetZ1gValue
                0x00006094       0x10 ./Generated_Code/MMA1.o
                0x00006094                MMA1_GetZ1gValue
 .text.MMA1_GetX
                0x000060a4       0x28 ./Generated_Code/MMA1.o
                0x000060a4                MMA1_GetX
 .text.MMA1_GetY
                0x000060cc       0x28 ./Generated_Code/MMA1.o
                0x000060cc                MMA1_GetY
 .text.MMA1_GetZ
                0x000060f4       0x28 ./Generated_Code/MMA1.o
                0x000060f4                MMA1_GetZ
 .text.MMA1_ParseCommand
                0x0000611c       0xd4 ./Generated_Code/MMA1.o
                0x0000611c                MMA1_ParseCommand
 .text.MMA1_Enable
                0x000061f0       0x4c ./Generated_Code/MMA1.o
                0x000061f0                MMA1_Enable
 .text.MMA1_Disable
                0x0000623c       0x4c ./Generated_Code/MMA1.o
                0x0000623c                MMA1_Disable
 .text.MMA1_isEnabled
                0x00006288       0x54 ./Generated_Code/MMA1.o
                0x00006288                MMA1_isEnabled
 .text.PTA_Init
                0x000062dc        0x8 ./Generated_Code/PTA.o
                0x000062dc                PTA_Init
 .text.RAPP_PutPayload
                0x000062e4       0x54 ./Generated_Code/RApp.o
                0x000062e4                RAPP_PutPayload
 .text.RAPP_SendPayloadDataBlock
                0x00006338       0x80 ./Generated_Code/RApp.o
                0x00006338                RAPP_SendPayloadDataBlock
 .text.SPIWriteRead
                0x000063b8       0x64 ./Generated_Code/RF1.o
 .text.RF1_WriteRegister
                0x0000641c       0x50 ./Generated_Code/RF1.o
                0x0000641c                RF1_WriteRegister
 .text.RF1_ReadRegister
                0x0000646c       0x50 ./Generated_Code/RF1.o
                0x0000646c                RF1_ReadRegister
 .text.RF1_WriteRead
                0x000064bc       0x48 ./Generated_Code/RF1.o
                0x000064bc                RF1_WriteRead
 .text.RF1_Write
                0x00006504       0x3c ./Generated_Code/RF1.o
                0x00006504                RF1_Write
 .text.RF1_GetStatus
                0x00006540       0x14 ./Generated_Code/RF1.o
                0x00006540                RF1_GetStatus
 .text.RF1_SetChannel
                0x00006554       0x28 ./Generated_Code/RF1.o
                0x00006554                RF1_SetChannel
 .text.RF1_GetChannel
                0x0000657c       0x20 ./Generated_Code/RF1.o
                0x0000657c                RF1_GetChannel
 .text.RF1_ReadObserveTxRegister
                0x0000659c       0x40 ./Generated_Code/RF1.o
                0x0000659c                RF1_ReadObserveTxRegister
 .text.RF1_SetOutputPower
                0x000065dc       0xb8 ./Generated_Code/RF1.o
                0x000065dc                RF1_SetOutputPower
 .text.RF1_GetOutputPower
                0x00006694       0x7c ./Generated_Code/RF1.o
                0x00006694                RF1_GetOutputPower
 .text.RF1_GetDataRate
                0x00006710       0x68 ./Generated_Code/RF1.o
                0x00006710                RF1_GetDataRate
 .text.RF1_GetFifoStatus
                0x00006778       0x20 ./Generated_Code/RF1.o
                0x00006778                RF1_GetFifoStatus
 .text.RMAC_PutPayload
                0x00006798       0x74 ./Generated_Code/RMAC.o
                0x00006798                RMAC_PutPayload
 .text.RMSG_FlushRxQueue
                0x0000680c       0x28 ./Generated_Code/RMSG.o
                0x0000680c                RMSG_FlushRxQueue
 .text.RMSG_FlushTxQueue
                0x00006834       0x28 ./Generated_Code/RMSG.o
                0x00006834                RMSG_FlushTxQueue
 .text.RMSG_QueuePut
                0x0000685c      0x110 ./Generated_Code/RMSG.o
                0x0000685c                RMSG_QueuePut
 .text.RMSG_QueueTxMsg
                0x0000696c       0x44 ./Generated_Code/RMSG.o
                0x0000696c                RMSG_QueueTxMsg
 .text.RNET1_ParseCommand
                0x000069b0       0x28 ./Generated_Code/RNET1.o
                0x000069b0                RNET1_ParseCommand
 .text.RNWK_GetThisNodeAddr
                0x000069d8       0x14 ./Generated_Code/RNWK.o
                0x000069d8                RNWK_GetThisNodeAddr
 .text.RNWK_SetThisNodeAddr
                0x000069ec       0x24 ./Generated_Code/RNWK.o
                0x000069ec                RNWK_SetThisNodeAddr
 .text.RNWK_PutPayload
                0x00006a10       0x58 ./Generated_Code/RNWK.o
                0x00006a10                RNWK_PutPayload
 .text.PrintHelp
                0x00006a68       0x48 ./Generated_Code/RNWK.o
 .text.PrintStatus
                0x00006ab0       0x7c ./Generated_Code/RNWK.o
 .text.RNWK_ParseCommand
                0x00006b2c       0x94 ./Generated_Code/RNWK.o
                0x00006b2c                RNWK_ParseCommand
 .text.RPHY_FlushRxQueue
                0x00006bc0       0x10 ./Generated_Code/RPHY.o
                0x00006bc0                RPHY_FlushRxQueue
 .text.RPHY_FlushTxQueue
                0x00006bd0       0x10 ./Generated_Code/RPHY.o
                0x00006bd0                RPHY_FlushTxQueue
 .text.RPHY_PutPayload
                0x00006be0       0x30 ./Generated_Code/RPHY.o
                0x00006be0                RPHY_PutPayload
 .text.AddToQueue
                0x00006c10       0x4c ./Generated_Code/RStdIO.o
 .text.RSTDIO_AddToQueue
                0x00006c5c       0xd0 ./Generated_Code/RStdIO.o
                0x00006c5c                RSTDIO_AddToQueue
 .text.RSTDIO_NofElements
                0x00006d2c       0x1c ./Generated_Code/RStdIO.o
 .text.RSTDIO_NofInQueue
                0x00006d48       0xa4 ./Generated_Code/RStdIO.o
                0x00006d48                RSTDIO_NofInQueue
 .text.RSTDIO_ReceiveChar
                0x00006dec       0x38 ./Generated_Code/RStdIO.o
 .text.RSTDIO_ReceiveQueueChar
                0x00006e24       0x98 ./Generated_Code/RStdIO.o
                0x00006e24                RSTDIO_ReceiveQueueChar
 .text.FlushAndTxQueue
                0x00006ebc       0xfc ./Generated_Code/RStdIO.o
 .text.RSTDIO_TxStdInSendChar
                0x00006fb8       0x3c ./Generated_Code/RStdIO.o
 .text.RSTDIO_TxStdOut
                0x00006ff4       0x3c ./Generated_Code/RStdIO.o
 .text.RSTDIO_TxStdErr
                0x00007030       0x3c ./Generated_Code/RStdIO.o
 .text.RSTDIO_SendToTxStdio
                0x0000706c       0xa0 ./Generated_Code/RStdIO.o
                0x0000706c                RSTDIO_SendToTxStdio
 .text.RSTDIO_RxStdInReadChar
                0x0000710c       0x1c ./Generated_Code/RStdIO.o
 .text.RSTDIO_RxStdInKeyPressed
                0x00007128       0x20 ./Generated_Code/RStdIO.o
 .text.RSTDIO_GetStdioRx
                0x00007148       0x10 ./Generated_Code/RStdIO.o
                0x00007148                RSTDIO_GetStdioRx
 .text.RTOSCNTRLDD1_Init
                0x00007158       0xb8 ./Generated_Code/RTOSCNTRLDD1.o
                0x00007158                RTOSCNTRLDD1_Init
 .text.RTOSCNTRLDD1_Enable
                0x00007210       0x30 ./Generated_Code/RTOSCNTRLDD1.o
                0x00007210                RTOSCNTRLDD1_Enable
 .text.RTOSCNTRLDD1_Interrupt
                0x00007240       0x5c ./Generated_Code/RTOSCNTRLDD1.o
                0x00007240                RTOSCNTRLDD1_Interrupt
 .text.RADIO_FlushQueues
                0x0000729c       0x38 ./Generated_Code/Radio.o
                0x0000729c                RADIO_FlushQueues
 .text.RADIO_Flush
                0x000072d4       0x18 ./Generated_Code/Radio.o
 .text.RADIO_SetChannel
                0x000072ec       0x2c ./Generated_Code/Radio.o
                0x000072ec                RADIO_SetChannel
 .text.RadioStateStr
                0x00007318       0x68 ./Generated_Code/Radio.o
 .text.RADIO_PrintHelp
                0x00007380       0xe0 ./Generated_Code/Radio.o
 .text.RadioPrintRegisters
                0x00007460       0xa0 ./Generated_Code/Radio.o
 .text.RADIO_PrintStatus
                0x00007500      0x538 ./Generated_Code/Radio.o
 .text.RADIO_ParseCommand
                0x00007a38      0x300 ./Generated_Code/Radio.o
                0x00007a38                RADIO_ParseCommand
 .text.Rx1_Put  0x00007d38       0x88 ./Generated_Code/Rx1.o
                0x00007d38                Rx1_Put
 .text.Rx1_Get  0x00007dc0       0x84 ./Generated_Code/Rx1.o
                0x00007dc0                Rx1_Get
 .text.Rx1_NofElements
                0x00007e44       0x14 ./Generated_Code/Rx1.o
                0x00007e44                Rx1_NofElements
 .text.Rx1_Init
                0x00007e58       0x28 ./Generated_Code/Rx1.o
                0x00007e58                Rx1_Init
 .text.SM1_RecvChar
                0x00007e80       0xd0 ./Generated_Code/SM1.o
                0x00007e80                SM1_RecvChar
 .text.SM1_SendChar
                0x00007f50       0xec ./Generated_Code/SM1.o
                0x00007f50                SM1_SendChar
 .text.SM1_GetCharsInRxBuf
                0x0000803c       0x14 ./Generated_Code/SM1.o
                0x0000803c                SM1_GetCharsInRxBuf
 .text.SM1_GetCharsInTxBuf
                0x00008050       0x14 ./Generated_Code/SM1.o
                0x00008050                SM1_GetCharsInTxBuf
 .text.SM1_Init
                0x00008064       0x7c ./Generated_Code/SM1.o
                0x00008064                SM1_Init
 .text.SMasterLdd1_OnBlockReceived
                0x000080e0       0x94 ./Generated_Code/SM1.o
                0x000080e0                SMasterLdd1_OnBlockReceived
 .text.SMasterLdd1_OnBlockSent
                0x00008174       0x8c ./Generated_Code/SM1.o
                0x00008174                SMasterLdd1_OnBlockSent
 .text.SMasterLdd1_Init
                0x00008200      0x10c ./Generated_Code/SMasterLdd1.o
                0x00008200                SMasterLdd1_Init
 .text.SMasterLdd1_ReceiveBlock
                0x0000830c       0x68 ./Generated_Code/SMasterLdd1.o
                0x0000830c                SMasterLdd1_ReceiveBlock
 .text.SMasterLdd1_SendBlock
                0x00008374       0x54 ./Generated_Code/SMasterLdd1.o
                0x00008374                SMasterLdd1_SendBlock
 .text.SMasterLdd1_Interrupt
                0x000083c8       0xe0 ./Generated_Code/SMasterLdd1.o
                0x000083c8                SMasterLdd1_Interrupt
 .text.ExtIntLdd1_OnInterrupt
                0x000084a8       0x14 ./Generated_Code/SW1.o
                0x000084a8                ExtIntLdd1_OnInterrupt
 .text.ExtIntLdd2_OnInterrupt
                0x000084bc       0x14 ./Generated_Code/SW2.o
                0x000084bc                ExtIntLdd2_OnInterrupt
 .text.ExtIntLdd3_OnInterrupt
                0x000084d0       0x14 ./Generated_Code/SW3.o
                0x000084d0                ExtIntLdd3_OnInterrupt
 .text.ExtIntLdd4_OnInterrupt
                0x000084e4       0x14 ./Generated_Code/SW4.o
                0x000084e4                ExtIntLdd4_OnInterrupt
 .text.ExtIntLdd5_OnInterrupt
                0x000084f8       0x14 ./Generated_Code/SW7.o
                0x000084f8                ExtIntLdd5_OnInterrupt
 .text.TMOUT1_AddTick
                0x0000850c       0x64 ./Generated_Code/TMOUT1.o
                0x0000850c                TMOUT1_AddTick
 .text.TMOUT1_Init
                0x00008570       0x44 ./Generated_Code/TMOUT1.o
                0x00008570                TMOUT1_Init
 .text.Tx1_Put  0x000085b4       0x68 ./Generated_Code/Tx1.o
                0x000085b4                Tx1_Put
 .text.Tx1_Get  0x0000861c       0x78 ./Generated_Code/Tx1.o
                0x0000861c                Tx1_Get
 .text.Tx1_NofElements
                0x00008694       0x14 ./Generated_Code/Tx1.o
                0x00008694                Tx1_NofElements
 .text.Tx1_Init
                0x000086a8       0x28 ./Generated_Code/Tx1.o
                0x000086a8                Tx1_Init
 .text.USB0_Init
                0x000086d0      0x17c ./Generated_Code/USB0.o
                0x000086d0                USB0_Init
 .text.USB1_usb_int_en
                0x0000884c       0x20 ./Generated_Code/USB1.o
                0x0000884c                USB1_usb_int_en
 .text.USB1_Init
                0x0000886c       0x2c ./Generated_Code/USB1.o
                0x0000886c                USB1_Init
 .text.UTIL1_strcpy
                0x00008898       0x44 ./Generated_Code/UTIL1.o
                0x00008898                UTIL1_strcpy
 .text.UTIL1_strcat
                0x000088dc       0x60 ./Generated_Code/UTIL1.o
                0x000088dc                UTIL1_strcat
 .text.UTIL1_chcat
                0x0000893c       0x50 ./Generated_Code/UTIL1.o
                0x0000893c                UTIL1_chcat
 .text.UTIL1_Num8uToStr
                0x0000898c       0x28 ./Generated_Code/UTIL1.o
                0x0000898c                UTIL1_Num8uToStr
 .text.UTIL1_Num8sToStr
                0x000089b4       0x2c ./Generated_Code/UTIL1.o
                0x000089b4                UTIL1_Num8sToStr
 .text.UTIL1_Num16uToStr
                0x000089e0      0x130 ./Generated_Code/UTIL1.o
                0x000089e0                UTIL1_Num16uToStr
 .text.UTIL1_Num16sToStr
                0x00008b10      0x1ac ./Generated_Code/UTIL1.o
                0x00008b10                UTIL1_Num16sToStr
 .text.UTIL1_strcatNum8u
                0x00008cbc       0x38 ./Generated_Code/UTIL1.o
                0x00008cbc                UTIL1_strcatNum8u
 .text.UTIL1_strcatNum8s
                0x00008cf4       0x3c ./Generated_Code/UTIL1.o
                0x00008cf4                UTIL1_strcatNum8s
 .text.UTIL1_strcatNum8Hex
                0x00008d30       0x88 ./Generated_Code/UTIL1.o
                0x00008d30                UTIL1_strcatNum8Hex
 .text.UTIL1_strcatNum16Hex
                0x00008db8       0x90 ./Generated_Code/UTIL1.o
                0x00008db8                UTIL1_strcatNum16Hex
 .text.UTIL1_strcatNum32u
                0x00008e48       0x34 ./Generated_Code/UTIL1.o
                0x00008e48                UTIL1_strcatNum32u
 .text.UTIL1_Num32sToStr
                0x00008e7c      0x188 ./Generated_Code/UTIL1.o
                0x00008e7c                UTIL1_Num32sToStr
 .text.UTIL1_Num32uToStr
                0x00009004      0x120 ./Generated_Code/UTIL1.o
                0x00009004                UTIL1_Num32uToStr
 .text.UTIL1_xatoi
                0x00009124      0x1f0 ./Generated_Code/UTIL1.o
                0x00009124                UTIL1_xatoi
 .text.UTIL1_ScanDecimal8uNumber
                0x00009314       0xa8 ./Generated_Code/UTIL1.o
                0x00009314                UTIL1_ScanDecimal8uNumber
 .text.UTIL1_ScanDecimal8sNumber
                0x000093bc       0xa8 ./Generated_Code/UTIL1.o
                0x000093bc                UTIL1_ScanDecimal8sNumber
 .text.PreScanHexNumber
                0x00009464       0x54 ./Generated_Code/UTIL1.o
 .text.HexToDec
                0x000094b8       0xb0 ./Generated_Code/UTIL1.o
 .text.UTIL1_ScanHex16uNumber
                0x00009568       0x98 ./Generated_Code/UTIL1.o
                0x00009568                UTIL1_ScanHex16uNumber
 .text.UTIL1_ScanHex8uNumber
                0x00009600       0x98 ./Generated_Code/UTIL1.o
                0x00009600                UTIL1_ScanHex8uNumber
 .text.WAIT1_Wait10Cycles
                0x00009698        0x8 ./Generated_Code/WAIT1.o
                0x00009698                WAIT1_Wait10Cycles
 .text.WAIT1_Wait100Cycles
                0x000096a0       0x18 ./Generated_Code/WAIT1.o
                0x000096a0                WAIT1_Wait100Cycles
 .text.WAIT1_WaitCycles
                0x000096b8       0x44 ./Generated_Code/WAIT1.o
                0x000096b8                WAIT1_WaitCycles
 .text.WAIT1_WaitLongCycles
                0x000096fc       0x3c ./Generated_Code/WAIT1.o
                0x000096fc                WAIT1_WaitLongCycles
 .text.WAIT1_Waitms
                0x00009738       0x38 ./Generated_Code/WAIT1.o
                0x00009738                WAIT1_Waitms
 .text.pvPortMalloc
                0x00009770      0x124 ./Generated_Code/heap_2.o
                0x00009770                pvPortMalloc
 .text.vPortFree
                0x00009894       0x70 ./Generated_Code/heap_2.o
                0x00009894                vPortFree
 .text.xPortGetFreeHeapSize
                0x00009904       0x14 ./Generated_Code/heap_2.o
                0x00009904                xPortGetFreeHeapSize
 .text.prvHeapInit
                0x00009918       0x4c ./Generated_Code/heap_2.o
 .text.vListInitialise
                0x00009964       0x3c ./Generated_Code/list.o
                0x00009964                vListInitialise
 .text.vListInitialiseItem
                0x000099a0       0x14 ./Generated_Code/list.o
                0x000099a0                vListInitialiseItem
 .text.vListInsertEnd
                0x000099b4       0x44 ./Generated_Code/list.o
                0x000099b4                vListInsertEnd
 .text.vListInsert
                0x000099f8       0x6c ./Generated_Code/list.o
                0x000099f8                vListInsert
 .text.uxListRemove
                0x00009a64       0x50 ./Generated_Code/list.o
                0x00009a64                uxListRemove
 .text.prvTaskExitError
                0x00009ab4       0x18 ./Generated_Code/port.o
 .text.pxPortInitialiseStack
                0x00009acc       0x54 ./Generated_Code/port.o
                0x00009acc                pxPortInitialiseStack
 .text.vPortInitTickTimer
                0x00009b20       0x3c ./Generated_Code/port.o
                0x00009b20                vPortInitTickTimer
 .text.vPortStartTickTimer
                0x00009b5c       0x14 ./Generated_Code/port.o
                0x00009b5c                vPortStartTickTimer
 .text.vPortStopTickTimer
                0x00009b70       0x14 ./Generated_Code/port.o
                0x00009b70                vPortStopTickTimer
 .text.xPortStartScheduler
                0x00009b84       0x4c ./Generated_Code/port.o
                0x00009b84                xPortStartScheduler
 .text.vPortEnterCritical
                0x00009bd0       0x20 ./Generated_Code/port.o
                0x00009bd0                vPortEnterCritical
 .text.vPortExitCritical
                0x00009bf0       0x20 ./Generated_Code/port.o
                0x00009bf0                vPortExitCritical
 .text.vPortYieldFromISR
                0x00009c10       0x1c ./Generated_Code/port.o
                0x00009c10                vPortYieldFromISR
 .text.vPortTickHandler
                0x00009c2c       0x1c ./Generated_Code/port.o
                0x00009c2c                vPortTickHandler
 .text.vPortStartFirstTask
                0x00009c48       0x1c ./Generated_Code/port.o
                0x00009c48                vPortStartFirstTask
 .text.vPortSVCHandler
                0x00009c64       0x28 ./Generated_Code/port.o
                0x00009c64                vPortSVCHandler
 .text.vPortPendSVHandler
                0x00009c8c       0x44 ./Generated_Code/port.o
                0x00009c8c                vPortPendSVHandler
 .text.xQueueGenericReset
                0x00009cd0       0xac ./Generated_Code/queue.o
                0x00009cd0                xQueueGenericReset
 .text.xQueueGenericCreate
                0x00009d7c       0x8c ./Generated_Code/queue.o
                0x00009d7c                xQueueGenericCreate
 .text.xQueueCreateMutex
                0x00009e08       0x98 ./Generated_Code/queue.o
                0x00009e08                xQueueCreateMutex
 .text.xQueueGiveMutexRecursive
                0x00009ea0       0x58 ./Generated_Code/queue.o
                0x00009ea0                xQueueGiveMutexRecursive
 .text.xQueueTakeMutexRecursive
                0x00009ef8       0x64 ./Generated_Code/queue.o
                0x00009ef8                xQueueTakeMutexRecursive
 .text.xQueueGenericSend
                0x00009f5c      0x180 ./Generated_Code/queue.o
                0x00009f5c                xQueueGenericSend
 .text.xQueueGenericSendFromISR
                0x0000a0dc       0xcc ./Generated_Code/queue.o
                0x0000a0dc                xQueueGenericSendFromISR
 .text.xQueueGenericReceive
                0x0000a1a8      0x1bc ./Generated_Code/queue.o
                0x0000a1a8                xQueueGenericReceive
 .text.uxQueueMessagesWaiting
                0x0000a364       0x2c ./Generated_Code/queue.o
                0x0000a364                uxQueueMessagesWaiting
 .text.vQueueDelete
                0x0000a390       0x40 ./Generated_Code/queue.o
                0x0000a390                vQueueDelete
 .text.prvCopyDataToQueue
                0x0000a3d0       0xd4 ./Generated_Code/queue.o
 .text.prvCopyDataFromQueue
                0x0000a4a4       0x50 ./Generated_Code/queue.o
 .text.prvUnlockQueue
                0x0000a4f4       0x98 ./Generated_Code/queue.o
 .text.prvIsQueueEmpty
                0x0000a58c       0x2c ./Generated_Code/queue.o
 .text.prvIsQueueFull
                0x0000a5b8       0x30 ./Generated_Code/queue.o
 .text.vQueueAddToRegistry
                0x0000a5e8       0x4c ./Generated_Code/queue.o
                0x0000a5e8                vQueueAddToRegistry
 .text.vQueueUnregisterQueue
                0x0000a634       0x40 ./Generated_Code/queue.o
                0x0000a634                vQueueUnregisterQueue
 .text.xTaskGenericCreate
                0x0000a674      0x174 ./Generated_Code/tasks.o
                0x0000a674                xTaskGenericCreate
 .text.vTaskDelay
                0x0000a7e8       0x64 ./Generated_Code/tasks.o
                0x0000a7e8                vTaskDelay
 .text.vTaskStartScheduler
                0x0000a84c       0x88 ./Generated_Code/tasks.o
                0x0000a84c                vTaskStartScheduler
 .text.vTaskSuspendAll
                0x0000a8d4       0x18 ./Generated_Code/tasks.o
                0x0000a8d4                vTaskSuspendAll
 .text.xTaskResumeAll
                0x0000a8ec      0x108 ./Generated_Code/tasks.o
                0x0000a8ec                xTaskResumeAll
 .text.uxTaskGetNumberOfTasks
                0x0000a9f4       0x14 ./Generated_Code/tasks.o
                0x0000a9f4                uxTaskGetNumberOfTasks
 .text.uxTaskGetSystemState
                0x0000aa08       0xe4 ./Generated_Code/tasks.o
                0x0000aa08                uxTaskGetSystemState
 .text.xTaskIncrementTick
                0x0000aaec      0x17c ./Generated_Code/tasks.o
                0x0000aaec                xTaskIncrementTick
 .text.vTaskSwitchContext
                0x0000ac68      0x100 ./Generated_Code/tasks.o
                0x0000ac68                vTaskSwitchContext
 .text.vTaskPlaceOnEventList
                0x0000ad68       0x6c ./Generated_Code/tasks.o
                0x0000ad68                vTaskPlaceOnEventList
 .text.xTaskRemoveFromEventList
                0x0000add4       0xb8 ./Generated_Code/tasks.o
                0x0000add4                xTaskRemoveFromEventList
 .text.vTaskSetTimeOutState
                0x0000ae8c       0x30 ./Generated_Code/tasks.o
                0x0000ae8c                vTaskSetTimeOutState
 .text.xTaskCheckForTimeOut
                0x0000aebc       0x9c ./Generated_Code/tasks.o
                0x0000aebc                xTaskCheckForTimeOut
 .text.vTaskMissedYield
                0x0000af58       0x14 ./Generated_Code/tasks.o
                0x0000af58                vTaskMissedYield
 .text.prvIdleTask
                0x0000af6c       0x24 ./Generated_Code/tasks.o
 .text.prvInitialiseTCBVariables
                0x0000af90       0x98 ./Generated_Code/tasks.o
 .text.prvInitialiseTaskLists
                0x0000b028       0x7c ./Generated_Code/tasks.o
 .text.prvCheckTasksWaitingTermination
                0x0000b0a4        0x8 ./Generated_Code/tasks.o
 .text.prvAddCurrentTaskToDelayedList
                0x0000b0ac       0x6c ./Generated_Code/tasks.o
 .text.prvAllocateTCBAndStack
                0x0000b118       0x70 ./Generated_Code/tasks.o
 .text.prvListTaskWithinSingleList
                0x0000b188      0x120 ./Generated_Code/tasks.o
 .text.prvTaskCheckFreeStackSpace
                0x0000b2a8       0x34 ./Generated_Code/tasks.o
 .text.prvResetNextTaskUnblockTime
                0x0000b2dc       0x44 ./Generated_Code/tasks.o
 .text.xTaskGetCurrentTaskHandle
                0x0000b320       0x1c ./Generated_Code/tasks.o
                0x0000b320                xTaskGetCurrentTaskHandle
 .text.xTaskGetSchedulerState
                0x0000b33c       0x38 ./Generated_Code/tasks.o
                0x0000b33c                xTaskGetSchedulerState
 .text.vTaskPriorityInherit
                0x0000b374       0xbc ./Generated_Code/tasks.o
                0x0000b374                vTaskPriorityInherit
 .text.vTaskPriorityDisinherit
                0x0000b430       0x84 ./Generated_Code/tasks.o
                0x0000b430                vTaskPriorityDisinherit
 .text.vTaskList
                0x0000b4b4      0x180 ./Generated_Code/tasks.o
                0x0000b4b4                vTaskList
 .text.vTaskGetRunTimeStats
                0x0000b634      0x17c ./Generated_Code/tasks.o
                0x0000b634                vTaskGetRunTimeStats
 .text.USB_Class_CDC_Service_Cic_Notify
                0x0000b7b0      0x148 ./Generated_Code/usb_cdc.o
                0x0000b7b0                USB_Class_CDC_Service_Cic_Notify
 .text.USB_Class_CDC_Service_Dic_Bulk_In
                0x0000b8f8      0x17c ./Generated_Code/usb_cdc.o
                0x0000b8f8                USB_Class_CDC_Service_Dic_Bulk_In
 .text.USB_Class_CDC_Service_Dic_Bulk_Out
                0x0000ba74       0x78 ./Generated_Code/usb_cdc.o
                0x0000ba74                USB_Class_CDC_Service_Dic_Bulk_Out
 .text.USB_Class_CDC_Event
                0x0000baec      0x1dc ./Generated_Code/usb_cdc.o
                0x0000baec                USB_Class_CDC_Event
 .text.USB_Other_Requests
                0x0000bcc8      0x180 ./Generated_Code/usb_cdc.o
 .text.USB_Class_CDC_Init
                0x0000be48      0x154 ./Generated_Code/usb_cdc.o
                0x0000be48                USB_Class_CDC_Init
 .text.USB_Class_CDC_Send_Data
                0x0000bf9c      0x1bc ./Generated_Code/usb_cdc.o
                0x0000bf9c                USB_Class_CDC_Send_Data
 .text.USB_Class_CDC_Pstn_Init
                0x0000c158       0x30 ./Generated_Code/usb_cdc_pstn.o
                0x0000c158                USB_Class_CDC_Pstn_Init
 .text.USB_Class_CDC_PSTN_Get_Line_Coding
                0x0000c188       0x50 ./Generated_Code/usb_cdc_pstn.o
                0x0000c188                USB_Class_CDC_PSTN_Get_Line_Coding
 .text.USB_Class_CDC_PSTN_Set_Line_Coding
                0x0000c1d8       0x58 ./Generated_Code/usb_cdc_pstn.o
                0x0000c1d8                USB_Class_CDC_PSTN_Set_Line_Coding
 .text.USB_Class_CDC_PSTN_Set_Ctrl_Line_State
                0x0000c230       0xdc ./Generated_Code/usb_cdc_pstn.o
                0x0000c230                USB_Class_CDC_PSTN_Set_Ctrl_Line_State
 .text.USB_Class_CDC_PSTN_Send_Break
                0x0000c30c       0x30 ./Generated_Code/usb_cdc_pstn.o
                0x0000c30c                USB_Class_CDC_PSTN_Send_Break
 .text.USB_Class_CDC_PSTN_Get_Comm_Feature
                0x0000c33c       0x94 ./Generated_Code/usb_cdc_pstn.o
                0x0000c33c                USB_Class_CDC_PSTN_Get_Comm_Feature
 .text.USB_Class_CDC_PSTN_Set_Comm_Feature
                0x0000c3d0       0x94 ./Generated_Code/usb_cdc_pstn.o
                0x0000c3d0                USB_Class_CDC_PSTN_Set_Comm_Feature
 .text.USB_Class_CDC_PSTN_Send_Serial_State
                0x0000c464       0x40 ./Generated_Code/usb_cdc_pstn.o
                0x0000c464                USB_Class_CDC_PSTN_Send_Serial_State
 .text.USB_Suspend_Service
                0x0000c4a4       0x44 ./Generated_Code/usb_class.o
                0x0000c4a4                USB_Suspend_Service
 .text.USB_Resume_Service
                0x0000c4e8       0x54 ./Generated_Code/usb_class.o
                0x0000c4e8                USB_Resume_Service
 .text.USB_Stall_Service
                0x0000c53c       0x34 ./Generated_Code/usb_class.o
                0x0000c53c                USB_Stall_Service
 .text.USB_Sof_Service
                0x0000c570       0x7c ./Generated_Code/usb_class.o
                0x0000c570                USB_Sof_Service
 .text.USB_Reset_Service
                0x0000c5ec      0x118 ./Generated_Code/usb_class.o
                0x0000c5ec                USB_Reset_Service
 .text.USB_Error_Service
                0x0000c704       0x28 ./Generated_Code/usb_class.o
                0x0000c704                USB_Error_Service
 .text.USB_Class_Init
                0x0000c72c      0x158 ./Generated_Code/usb_class.o
                0x0000c72c                USB_Class_Init
 .text.USB_Class_Initiate_Resume
                0x0000c884       0x84 ./Generated_Code/usb_class.o
                0x0000c884                USB_Class_Initiate_Resume
 .text.USB_Class_Send_Data
                0x0000c908       0x60 ./Generated_Code/usb_class.o
                0x0000c908                USB_Class_Send_Data
 .text.USB_Class_Periodic_Task
                0x0000c968        0x8 ./Generated_Code/usb_class.o
                0x0000c968                USB_Class_Periodic_Task
 .text.USB_Bus_Reset_Handler
                0x0000c970       0xd0 ./Generated_Code/usb_dci_kinetis.o
 .text.USB_DCI_Get_BDT_Index
                0x0000ca40       0x5c ./Generated_Code/usb_dci_kinetis.o
 .text.USB_DCI_Validate_Param
                0x0000ca9c       0x78 ./Generated_Code/usb_dci_kinetis.o
 .text.USB_DCI_Prepare_Send_Data
                0x0000cb14       0xfc ./Generated_Code/usb_dci_kinetis.o
 .text.USB_DCI_Init
                0x0000cc10      0x184 ./Generated_Code/usb_dci_kinetis.o
                0x0000cc10                USB_DCI_Init
 .text.USB_DCI_Init_EndPoint
                0x0000cd94      0x35c ./Generated_Code/usb_dci_kinetis.o
                0x0000cd94                USB_DCI_Init_EndPoint
 .text._usb_device_cancel_transfer
                0x0000d0f0       0xd0 ./Generated_Code/usb_dci_kinetis.o
                0x0000d0f0                _usb_device_cancel_transfer
 .text.USB_DCI_Deinit_EndPoint
                0x0000d1c0       0xdc ./Generated_Code/usb_dci_kinetis.o
                0x0000d1c0                USB_DCI_Deinit_EndPoint
 .text._usb_device_stall_endpoint
                0x0000d29c       0xa0 ./Generated_Code/usb_dci_kinetis.o
                0x0000d29c                _usb_device_stall_endpoint
 .text._usb_device_unstall_endpoint
                0x0000d33c      0x120 ./Generated_Code/usb_dci_kinetis.o
                0x0000d33c                _usb_device_unstall_endpoint
 .text._usb_device_clear_data0_endpoint
                0x0000d45c       0x7c ./Generated_Code/usb_dci_kinetis.o
                0x0000d45c                _usb_device_clear_data0_endpoint
 .text._usb_device_recv_data
                0x0000d4d8      0x294 ./Generated_Code/usb_dci_kinetis.o
                0x0000d4d8                _usb_device_recv_data
 .text._usb_device_send_data
                0x0000d76c      0x168 ./Generated_Code/usb_dci_kinetis.o
                0x0000d76c                _usb_device_send_data
 .text._usb_device_set_address
                0x0000d8d4       0x34 ./Generated_Code/usb_dci_kinetis.o
                0x0000d8d4                _usb_device_set_address
 .text._usb_device_assert_resume
                0x0000d908       0xd0 ./Generated_Code/usb_dci_kinetis.o
                0x0000d908                _usb_device_assert_resume
 .text.USB_Bus_Token_Cpl_Handler
                0x0000d9d8      0x634 ./Generated_Code/usb_dci_kinetis.o
 .text.USB_ISR  0x0000e00c      0x358 ./Generated_Code/usb_dci_kinetis.o
                0x0000e00c                USB_ISR
 .text.Clear_Mem
                0x0000e364       0x28 ./Generated_Code/usb_dci_kinetis.o
                0x0000e364                Clear_Mem
 .text.USB_Desc_Get_Descriptor
                0x0000e38c      0x13c ./Generated_Code/usb_descriptor.o
                0x0000e38c                USB_Desc_Get_Descriptor
 .text.USB_Desc_Get_Interface
                0x0000e4c8       0x3c ./Generated_Code/usb_descriptor.o
                0x0000e4c8                USB_Desc_Get_Interface
 .text.USB_Desc_Set_Interface
                0x0000e504       0x38 ./Generated_Code/usb_descriptor.o
                0x0000e504                USB_Desc_Set_Interface
 .text.USB_Desc_Valid_Configation
                0x0000e53c       0x58 ./Generated_Code/usb_descriptor.o
                0x0000e53c                USB_Desc_Valid_Configation
 .text.USB_Desc_Remote_Wakeup
                0x0000e594       0x18 ./Generated_Code/usb_descriptor.o
                0x0000e594                USB_Desc_Remote_Wakeup
 .text.USB_Desc_Get_Endpoints
                0x0000e5ac       0x1c ./Generated_Code/usb_descriptor.o
                0x0000e5ac                USB_Desc_Get_Endpoints
 .text.USB_Desc_Get_Line_Coding
                0x0000e5c8       0x40 ./Generated_Code/usb_descriptor.o
                0x0000e5c8                USB_Desc_Get_Line_Coding
 .text.USB_Desc_Set_Line_Coding
                0x0000e608       0x78 ./Generated_Code/usb_descriptor.o
                0x0000e608                USB_Desc_Set_Line_Coding
 .text.USB_Desc_Get_Abstract_State
                0x0000e680       0x3c ./Generated_Code/usb_descriptor.o
                0x0000e680                USB_Desc_Get_Abstract_State
 .text.USB_Desc_Get_Country_Setting
                0x0000e6bc       0x3c ./Generated_Code/usb_descriptor.o
                0x0000e6bc                USB_Desc_Get_Country_Setting
 .text.USB_Desc_Set_Abstract_State
                0x0000e6f8       0x70 ./Generated_Code/usb_descriptor.o
                0x0000e6f8                USB_Desc_Set_Abstract_State
 .text.USB_Desc_Set_Country_Setting
                0x0000e768       0x70 ./Generated_Code/usb_descriptor.o
                0x0000e768                USB_Desc_Set_Country_Setting
 .text.USB_Device_Init_Params
                0x0000e7d8       0x74 ./Generated_Code/usb_driver.o
 .text._usb_device_init
                0x0000e84c       0x5c ./Generated_Code/usb_driver.o
                0x0000e84c                _usb_device_init
 .text._usb_device_init_endpoint
                0x0000e8a8       0xc8 ./Generated_Code/usb_driver.o
                0x0000e8a8                _usb_device_init_endpoint
 .text._usb_device_deinit_endpoint
                0x0000e970       0x84 ./Generated_Code/usb_driver.o
                0x0000e970                _usb_device_deinit_endpoint
 .text._usb_device_get_status
                0x0000e9f4       0x84 ./Generated_Code/usb_driver.o
                0x0000e9f4                _usb_device_get_status
 .text._usb_device_set_status
                0x0000ea78      0x10c ./Generated_Code/usb_driver.o
                0x0000ea78                _usb_device_set_status
 .text._usb_device_register_service
                0x0000eb84       0x20 ./Generated_Code/usb_driver.o
                0x0000eb84                _usb_device_register_service
 .text.USB_Device_Call_Service
                0x0000eba4       0x48 ./Generated_Code/usb_driver.o
                0x0000eba4                USB_Device_Call_Service
 .text.USB_NULL_CALLBACK
                0x0000ebec       0x10 ./Generated_Code/usb_driver.o
                0x0000ebec                USB_NULL_CALLBACK
 .text.USB_Framework_Init
                0x0000ebfc       0x5c ./Generated_Code/usb_framework.o
                0x0000ebfc                USB_Framework_Init
 .text.USB_Control_Service
                0x0000ec58      0x21c ./Generated_Code/usb_framework.o
                0x0000ec58                USB_Control_Service
 .text.USB_Control_Service_Handler
                0x0000ee74       0x84 ./Generated_Code/usb_framework.o
 .text.USB_Strd_Req_Get_Status
                0x0000eef8      0x1c4 ./Generated_Code/usb_framework.o
 .text.USB_Strd_Req_Feature
                0x0000f0bc      0x208 ./Generated_Code/usb_framework.o
 .text.USB_Strd_Req_Set_Address
                0x0000f2c4       0x40 ./Generated_Code/usb_framework.o
 .text.USB_Strd_Req_Assign_Address
                0x0000f304       0x44 ./Generated_Code/usb_framework.o
 .text.USB_Strd_Req_Get_Config
                0x0000f348       0x54 ./Generated_Code/usb_framework.o
 .text.USB_Strd_Req_Set_Config
                0x0000f39c       0xdc ./Generated_Code/usb_framework.o
 .text.USB_Strd_Req_Get_Interface
                0x0000f478       0x64 ./Generated_Code/usb_framework.o
 .text.USB_Strd_Req_Set_Interface
                0x0000f4dc       0x5c ./Generated_Code/usb_framework.o
 .text.USB_Strd_Req_Sync_Frame
                0x0000f538       0x58 ./Generated_Code/usb_framework.o
 .text.USB_Strd_Req_Get_Descriptor
                0x0000f590       0x84 ./Generated_Code/usb_framework.o
 .text.Watchdog_Reset
                0x0000f614       0x1c ./Generated_Code/wdt_kinetis.o
                0x0000f614                Watchdog_Reset
 .text.memcpy   0x0000f630       0x12 c:/freescale/kds_1.1.1/toolchain/bin/../lib/gcc/arm-none-eabi/4.8.0/../../../../arm-none-eabi/lib\libg_s.a(lib_a-memcpy.o)
                0x0000f630                memcpy
 .text.memset   0x0000f642       0x12 c:/freescale/kds_1.1.1/toolchain/bin/../lib/gcc/arm-none-eabi/4.8.0/../../../../arm-none-eabi/lib\libg_s.a(lib_a-memset.o)
                0x0000f642                memset
 .text.strcmp   0x0000f654       0x14 c:/freescale/kds_1.1.1/toolchain/bin/../lib/gcc/arm-none-eabi/4.8.0/../../../../arm-none-eabi/lib\libg_s.a(lib_a-strcmp.o)
                0x0000f654                strcmp
 .text.strlen   0x0000f668        0xe c:/freescale/kds_1.1.1/toolchain/bin/../lib/gcc/arm-none-eabi/4.8.0/../../../../arm-none-eabi/lib\libg_s.a(lib_a-strlen.o)
                0x0000f668                strlen
 .text.strncmp  0x0000f676       0x2c c:/freescale/kds_1.1.1/toolchain/bin/../lib/gcc/arm-none-eabi/4.8.0/../../../../arm-none-eabi/lib\libg_s.a(lib_a-strncmp.o)
                0x0000f676                strncmp
 *(.rodata)
 *fill*         0x0000f6a2        0x2 
 .rodata        0x0000f6a4      0x19c ./Sources/Common/Application.o
 .rodata        0x0000f840      0x27c ./Sources/Common/RNet_App.o
 .rodata        0x0000fabc        0x8 ./Sources/Common/RTOS.o
 .rodata        0x0000fac4      0x25c ./Sources/Common/Remote.o
 .rodata        0x0000fd20       0x14 ./Sources/Common/Sem.o
 .rodata        0x0000fd34       0xb8 ./Sources/Common/Shell.o
 .rodata        0x0000fdec        0xc ./Sources/Common/ShellQueue.o
 .rodata        0x0000fdf8      0x164 ./Generated_Code/CLS1.o
 .rodata        0x0000ff5c      0x180 ./Generated_Code/FRTOS1.o
 .rodata        0x000100dc      0x174 ./Generated_Code/MMA1.o
 .rodata        0x00010250       0x84 ./Generated_Code/RNWK.o
 .rodata        0x000102d4      0x504 ./Generated_Code/Radio.o
 .rodata        0x000107d8       0x18 ./Generated_Code/UTIL1.o
 .rodata        0x000107f0       0x1c ./Generated_Code/tasks.o
 .rodata        0x0001080c        0x8 ./Generated_Code/usb_dci_kinetis.o
 *(.rodata*)
 .rodata.CmdParserTable
                0x00010814       0x20 ./Sources/Common/Shell.o
 .rodata.CDC_stdio
                0x00010834       0x10 ./Sources/Common/Shell.o
 .rodata.ChannelToPin
                0x00010844        0x4 ./Generated_Code/AdcLdd1.o
 .rodata.CLS1_stdio
                0x00010848       0x10 ./Generated_Code/CLS1.o
 .rodata.addr.6628
                0x00010858        0x1 ./Generated_Code/MMA1.o
 .rodata.addr.6636
                0x00010859        0x1 ./Generated_Code/MMA1.o
 .rodata.addr.6644
                0x0001085a        0x1 ./Generated_Code/MMA1.o
 *fill*         0x0001085b        0x1 
 .rodata.CmdParserTable.6766
                0x0001085c        0xc ./Generated_Code/RNET1.o
 .rodata.RSTDIO_AddToQueue
                0x00010868       0x18 ./Generated_Code/RStdIO.o
 .rodata.RSTDIO_NofInQueue
                0x00010880       0x18 ./Generated_Code/RStdIO.o
 .rodata.RSTDIO_ReceiveQueueChar
                0x00010898       0x18 ./Generated_Code/RStdIO.o
 .rodata.RSTDIO_stdioRx.6965
                0x000108b0       0x10 ./Generated_Code/RStdIO.o
 .rodata.RadioStateStr
                0x000108c0       0x20 ./Generated_Code/Radio.o
 .rodata.USB_Other_Requests
                0x000108e0       0x90 ./Generated_Code/usb_cdc.o
 .rodata.usb_desc_ep
                0x00010970       0x10 ./Generated_Code/usb_descriptor.o
                0x00010970                usb_desc_ep
 .rodata.g_std_desc_size
                0x00010980       0x10 ./Generated_Code/usb_descriptor.o
                0x00010980                g_std_desc_size
 .rodata.g_std_descriptors
                0x00010990       0x20 ./Generated_Code/usb_descriptor.o
                0x00010990                g_std_descriptors
 .rodata.g_string_desc_size
                0x000109b0        0x4 ./Generated_Code/usb_descriptor.o
                0x000109b0                g_string_desc_size
 .rodata.g_string_descriptors
                0x000109b4       0x10 ./Generated_Code/usb_descriptor.o
                0x000109b4                g_string_descriptors
 .rodata.g_languages
                0x000109c4       0x20 ./Generated_Code/usb_descriptor.o
                0x000109c4                g_languages
 .rodata.g_valid_config_values
                0x000109e4        0x4 ./Generated_Code/usb_descriptor.o
                0x000109e4                g_valid_config_values
 .rodata.g_usb_CB
                0x000109e8       0x60 ./Generated_Code/usb_driver.o
 .rodata.g_validate_request
                0x00010a48       0x28 ./Generated_Code/usb_framework.o
                0x00010a48                g_validate_request
 .rodata.g_standard_request
                0x00010a70       0x34 ./Generated_Code/usb_framework.o
                0x00010a70                g_standard_request
 *(.glue_7)
 .glue_7        0x00000000        0x0 linker stubs
 *(.glue_7t)
 .glue_7t       0x00000000        0x0 linker stubs
 *(.eh_frame)
 .eh_frame      0x00010aa4        0x0 c:/freescale/kds_1.1.1/toolchain/bin/../lib/gcc/arm-none-eabi/4.8.0/crtbegin.o
 *(.init)
 .init          0x00010aa4        0x4 c:/freescale/kds_1.1.1/toolchain/bin/../lib/gcc/arm-none-eabi/4.8.0/crti.o
                0x00010aa4                _init
 .init          0x00010aa8        0x8 c:/freescale/kds_1.1.1/toolchain/bin/../lib/gcc/arm-none-eabi/4.8.0/crtn.o
 *(.fini)
 .fini          0x00010ab0        0x4 c:/freescale/kds_1.1.1/toolchain/bin/../lib/gcc/arm-none-eabi/4.8.0/crti.o
                0x00010ab0                _fini
 .fini          0x00010ab4        0x8 c:/freescale/kds_1.1.1/toolchain/bin/../lib/gcc/arm-none-eabi/4.8.0/crtn.o
                0x00010abc                . = ALIGN (0x4)
                0x00010abc                _etext = .

.vfp11_veneer   0x00010abc        0x0
 .vfp11_veneer  0x00000000        0x0 linker stubs

.v4_bx          0x00010abc        0x0
 .v4_bx         0x00000000        0x0 linker stubs

.iplt           0x00010abc        0x0
 .iplt          0x00000000        0x0 c:/freescale/kds_1.1.1/toolchain/bin/../lib/gcc/arm-none-eabi/4.8.0/crtbegin.o

.rel.dyn        0x00010abc        0x0
 .rel.iplt      0x00000000        0x0 c:/freescale/kds_1.1.1/toolchain/bin/../lib/gcc/arm-none-eabi/4.8.0/crtbegin.o

.ARM.extab
 *(.ARM.extab* .gnu.linkonce.armextab.*)

.ARM            0x00010abc        0x0
                0x00010abc                __exidx_start = .
 *(.ARM.exidx*)
                0x00010abc                __exidx_end = .

.ctors          0x00010abc        0x0
                0x00010abc                __CTOR_LIST__ = .
 *crtbegin.o(.ctors)
 *(EXCLUDE_FILE(*crtend.o) .ctors)
 *(SORT(.ctors.*))
 *(.ctors)
                0x00010abc                __CTOR_END__ = .

.dtors          0x00010abc        0x0
                0x00010abc                __DTOR_LIST__ = .
 *crtbegin.o(.dtors)
 *(EXCLUDE_FILE(*crtend.o) .dtors)
 *(SORT(.dtors.*))
 *(.dtors)
                0x00010abc                __DTOR_END__ = .

.preinit_array  0x00010abc        0x0
                0x00010abc                PROVIDE (__preinit_array_start, .)
 *(.preinit_array*)
                0x00010abc                PROVIDE (__preinit_array_end, .)

.init_array     0x00010abc        0x4
                0x00010abc                PROVIDE (__init_array_start, .)
 *(SORT(.init_array.*))
 *(.init_array*)
 .init_array    0x00010abc        0x4 c:/freescale/kds_1.1.1/toolchain/bin/../lib/gcc/arm-none-eabi/4.8.0/crtbegin.o
                0x00010ac0                PROVIDE (__init_array_end, .)

.fini_array     0x00010ac0        0x4
                0x00010ac0                PROVIDE (__fini_array_start, .)
 *(SORT(.fini_array.*))
 *(.fini_array*)
 .fini_array    0x00010ac0        0x4 c:/freescale/kds_1.1.1/toolchain/bin/../lib/gcc/arm-none-eabi/4.8.0/crtbegin.o
                0x00010ac4                PROVIDE (__fini_array_end, .)
                0x00010ac4                ___ROM_AT = .

.mtb            0x1ffff000        0x0
                0x1ffff000                . = ALIGN (0x8)
                0x1ffff000                _mtb_start = .
 *(.mtb_buf)
                0x1ffff000                . = ALIGN (0x8)
                0x1ffff000                _mtb_end = .

.data           0x1ffff000      0x128 load address 0x00010ac4
                0x1ffff000                . = ALIGN (0x4)
                0x1ffff000                _sdata = .
 *(.data)
 *(.data*)
 .data.KEYDBNC_FSMdata
                0x1ffff000       0x14 ./Sources/Common/KeyDebounce.o
 .data.APP_dstAddr
                0x1ffff014        0x1 ./Sources/Common/RNet_App.o
 .data.REMOTE_useJoystick
                0x1ffff015        0x1 ./Sources/Common/Remote.o
 .data.REMOTE_useAccelerometer
                0x1ffff016        0x1 ./Sources/Common/Remote.o
 *fill*         0x1ffff017        0x1 
 .data.CLS1_currStdIO
                0x1ffff018        0x4 ./Generated_Code/CLS1.o
 .data.RNWK_ThisNodeAddr
                0x1ffff01c        0x1 ./Generated_Code/RNWK.o
 .data.RADIO_CurrChannel
                0x1ffff01d        0x1 ./Generated_Code/Radio.o
 *fill*         0x1ffff01e        0x2 
 .data.xFreeBytesRemaining
                0x1ffff020        0x4 ./Generated_Code/heap_2.o
 .data.uxCriticalNesting
                0x1ffff024        0x4 ./Generated_Code/port.o
 .data.xNextTaskUnblockTime
                0x1ffff028        0x4 ./Generated_Code/tasks.o
 .data.g_serial_state_buf
                0x1ffff02c        0xc ./Generated_Code/usb_cdc_pstn.o
 .data.g_trf_direction
                0x1ffff038        0x1 ./Generated_Code/usb_dci_kinetis.o
 *fill*         0x1ffff039        0x3 
 .data.g_device_descriptor
                0x1ffff03c       0x14 ./Generated_Code/usb_descriptor.o
                0x1ffff03c                g_device_descriptor
 .data.g_config_descriptor
                0x1ffff050       0x44 ./Generated_Code/usb_descriptor.o
                0x1ffff050                g_config_descriptor
 .data.USB_STR_0
                0x1ffff094        0x4 ./Generated_Code/usb_descriptor.o
                0x1ffff094                USB_STR_0
 .data.USB_STR_1
                0x1ffff098       0x3c ./Generated_Code/usb_descriptor.o
                0x1ffff098                USB_STR_1
 .data.USB_STR_2
                0x1ffff0d4       0x20 ./Generated_Code/usb_descriptor.o
                0x1ffff0d4                USB_STR_2
 .data.USB_STR_n
                0x1ffff0f4       0x24 ./Generated_Code/usb_descriptor.o
                0x1ffff0f4                USB_STR_n
 .data.g_line_coding
                0x1ffff118       0x10 ./Generated_Code/usb_descriptor.o
                0x1ffff128                . = ALIGN (0x4)
                0x1ffff128                _edata = .
                0x00000128                ___data_size = (_edata - _sdata)

.jcr            0x1ffff128        0x0 load address 0x00010bec
 .jcr           0x1ffff128        0x0 c:/freescale/kds_1.1.1/toolchain/bin/../lib/gcc/arm-none-eabi/4.8.0/crtbegin.o

.tm_clone_table
                0x1ffff128        0x0 load address 0x00010bec
 .tm_clone_table
                0x1ffff128        0x0 c:/freescale/kds_1.1.1/toolchain/bin/../lib/gcc/arm-none-eabi/4.8.0/crtbegin.o
 .tm_clone_table
                0x1ffff128        0x0 c:/freescale/kds_1.1.1/toolchain/bin/../lib/gcc/arm-none-eabi/4.8.0/crtend.o

.igot.plt       0x1ffff128        0x0 load address 0x00010bec
 .igot.plt      0x00000000        0x0 c:/freescale/kds_1.1.1/toolchain/bin/../lib/gcc/arm-none-eabi/4.8.0/crtbegin.o
                0x1ffff128                . = ALIGN (0x4)

.bss            0x1ffff200     0x3800 load address 0x00010e00
                0x1ffff200                __START_BSS = .
                0x1ffff200                PROVIDE (__bss_start__, __START_BSS)
 *(.bss)
 *(.bss*)
 .bss.completed.6137
                0x1ffff200        0x1 c:/freescale/kds_1.1.1/toolchain/bin/../lib/gcc/arm-none-eabi/4.8.0/crtbegin.o
 *fill*         0x1ffff201        0x3 
 .bss.object.6142
                0x1ffff204       0x18 c:/freescale/kds_1.1.1/toolchain/bin/../lib/gcc/arm-none-eabi/4.8.0/crtbegin.o
 .bss.EVNT_Events
                0x1ffff21c        0x4 ./Sources/Common/Event.o
 .bss.REMOTE_isOn
                0x1ffff220        0x1 ./Sources/Common/Remote.o
 .bss.REMOTE_isVerbose
                0x1ffff221        0x1 ./Sources/Common/Remote.o
 .bss.midPointX
                0x1ffff222        0x2 ./Sources/Common/Remote.o
 .bss.midPointY
                0x1ffff224        0x2 ./Sources/Common/Remote.o
 *fill*         0x1ffff226        0x2 
 .bss.SHELL_val
                0x1ffff228        0x4 ./Sources/Common/Shell.o
 .bss.cdc_buf.7106
                0x1ffff22c       0x30 ./Sources/Common/Shell.o
 .bss.radio_cmd_buf.7109
                0x1ffff25c       0x30 ./Sources/Common/Shell.o
 .bss.localConsole_buf.7107
                0x1ffff28c       0x30 ./Sources/Common/Shell.o
 .bss.SQUEUE_Queue
                0x1ffff2bc        0x4 ./Sources/Common/ShellQueue.o
 .bss.cntr.5567
                0x1ffff2c0        0x4 ./Sources/Common/Timer.o
 .bss.TRG_Triggers
                0x1ffff2c4       0x30 ./Sources/Common/Trigger.o
 .bss.argv      0x1ffff2f4       0x28 ./Project_Settings/Startup_Code/startup.o
 .bss.ModeFlg   0x1ffff31c        0x1 ./Generated_Code/AD1.o
 *fill*         0x1ffff31d        0x3 
 .bss.SampleGroup
                0x1ffff320        0x4 ./Generated_Code/AD1.o
 .bss.OutFlg    0x1ffff324        0x1 ./Generated_Code/AD1.o
 *fill*         0x1ffff325        0x1 
 .bss.SerFlag   0x1ffff326        0x2 ./Generated_Code/AS1.o
 .bss.AS1_InpLen
                0x1ffff328        0x2 ./Generated_Code/AS1.o
 .bss.InpIndexR
                0x1ffff32a        0x2 ./Generated_Code/AS1.o
 .bss.InpIndexW
                0x1ffff32c        0x2 ./Generated_Code/AS1.o
 *fill*         0x1ffff32e        0x2 
 .bss.InpBuffer
                0x1ffff330       0x20 ./Generated_Code/AS1.o
 .bss.BufferRead
                0x1ffff350        0x1 ./Generated_Code/AS1.o
 *fill*         0x1ffff351        0x1 
 .bss.AS1_OutLen
                0x1ffff352        0x2 ./Generated_Code/AS1.o
 .bss.OutIndexR
                0x1ffff354        0x2 ./Generated_Code/AS1.o
 .bss.OutIndexW
                0x1ffff356        0x2 ./Generated_Code/AS1.o
 .bss.OutBuffer
                0x1ffff358      0x100 ./Generated_Code/AS1.o
 .bss.DeviceDataPrv__DEFAULT_RTOS_ALLOC
                0x1ffff458       0x20 ./Generated_Code/ASerialLdd1.o
 .bss.INT_UART0__BAREBOARD_RTOS_ISRPARAM
                0x1ffff478        0x4 ./Generated_Code/ASerialLdd1.o
 .bss.DeviceDataPrv__DEFAULT_RTOS_ALLOC
                0x1ffff47c        0x8 ./Generated_Code/AdcLdd1.o
 .bss.DeviceDataPrv__DEFAULT_RTOS_ALLOC
                0x1ffff484        0x4 ./Generated_Code/BitIoLdd1.o
 .bss.DeviceDataPrv__DEFAULT_RTOS_ALLOC
                0x1ffff488        0x4 ./Generated_Code/BitIoLdd12.o
 .bss.DeviceDataPrv__DEFAULT_RTOS_ALLOC
                0x1ffff48c        0x4 ./Generated_Code/BitIoLdd13.o
 .bss.DeviceDataPrv__DEFAULT_RTOS_ALLOC
                0x1ffff490        0x4 ./Generated_Code/BitIoLdd2.o
 .bss.DeviceDataPrv__DEFAULT_RTOS_ALLOC
                0x1ffff494        0x4 ./Generated_Code/BitIoLdd8.o
 .bss.DeviceDataPrv__DEFAULT_RTOS_ALLOC
                0x1ffff498        0x4 ./Generated_Code/BitIoLdd9.o
 .bss.start_app
                0x1ffff49c        0x1 ./Generated_Code/CDC1.o
 .bss.start_transactions
                0x1ffff49d        0x1 ./Generated_Code/CDC1.o
 .bss.transactionOngoing
                0x1ffff49e        0x1 ./Generated_Code/CDC1.o
 *fill*         0x1ffff49f        0x1 
 .bss.txBuf.6891
                0x1ffff4a0       0x40 ./Generated_Code/CDC1.o
 .bss.txBuf.6901
                0x1ffff4e0       0x40 ./Generated_Code/CDC1.o
 .bss.ShellSem  0x1ffff520        0x4 ./Generated_Code/CLS1.o
 .bss.SR_lock   0x1ffff524        0x1 ./Generated_Code/Cpu.o
                0x1ffff524                SR_lock
 *fill*         0x1ffff525        0x3 
 .bss.DeviceDataPrv__DEFAULT_RTOS_ALLOC
                0x1ffff528        0x4 ./Generated_Code/ExtIntLdd1.o
 .bss.INT_PORTD__BAREBOARD_RTOS_ISRPARAM
                0x1ffff52c        0x4 ./Generated_Code/ExtIntLdd1.o
 .bss.DeviceDataPrv__DEFAULT_RTOS_ALLOC
                0x1ffff530        0x4 ./Generated_Code/ExtIntLdd2.o
 .bss.INT_PORTA__BAREBOARD_RTOS_ISRPARAM
                0x1ffff534        0x4 ./Generated_Code/ExtIntLdd2.o
 .bss.DeviceDataPrv__DEFAULT_RTOS_ALLOC
                0x1ffff538        0x8 ./Generated_Code/ExtIntLdd3.o
 .bss.INT_PORTA__BAREBOARD_RTOS_ISRPARAM
                0x1ffff540        0x4 ./Generated_Code/ExtIntLdd3.o
 .bss.DeviceDataPrv__DEFAULT_RTOS_ALLOC
                0x1ffff544        0x4 ./Generated_Code/ExtIntLdd4.o
 .bss.INT_PORTA__BAREBOARD_RTOS_ISRPARAM
                0x1ffff548        0x4 ./Generated_Code/ExtIntLdd4.o
 .bss.DeviceDataPrv__DEFAULT_RTOS_ALLOC
                0x1ffff54c        0x4 ./Generated_Code/ExtIntLdd5.o
 .bss.INT_PORTA__BAREBOARD_RTOS_ISRPARAM
                0x1ffff550        0x4 ./Generated_Code/ExtIntLdd5.o
 .bss.GI2C1_deviceData
                0x1ffff554        0x8 ./Generated_Code/GI2C1.o
 .bss.GI2C1_busSem
                0x1ffff55c        0x4 ./Generated_Code/GI2C1.o
 .bss.writeBuf.7199
                0x1ffff560      0x100 ./Generated_Code/GI2C1.o
 .bss.stacked_r0.5443
                0x1ffff660        0x4 ./Generated_Code/HF1.o
 .bss.stacked_r1.5444
                0x1ffff664        0x4 ./Generated_Code/HF1.o
 .bss.stacked_r2.5445
                0x1ffff668        0x4 ./Generated_Code/HF1.o
 .bss.stacked_r3.5446
                0x1ffff66c        0x4 ./Generated_Code/HF1.o
 .bss.stacked_r12.5447
                0x1ffff670        0x4 ./Generated_Code/HF1.o
 .bss.stacked_lr.5448
                0x1ffff674        0x4 ./Generated_Code/HF1.o
 .bss.stacked_pc.5449
                0x1ffff678        0x4 ./Generated_Code/HF1.o
 .bss.stacked_psr.5450
                0x1ffff67c        0x4 ./Generated_Code/HF1.o
 .bss._CFSR.5451
                0x1ffff680        0x4 ./Generated_Code/HF1.o
 .bss._HFSR.5452
                0x1ffff684        0x4 ./Generated_Code/HF1.o
 .bss._DFSR.5453
                0x1ffff688        0x4 ./Generated_Code/HF1.o
 .bss._AFSR.5454
                0x1ffff68c        0x4 ./Generated_Code/HF1.o
 .bss._MMAR.5456
                0x1ffff690        0x4 ./Generated_Code/HF1.o
 .bss._BFAR.5455
                0x1ffff694        0x4 ./Generated_Code/HF1.o
 .bss.DeviceDataPrv__DEFAULT_RTOS_ALLOC
                0x1ffff698       0x18 ./Generated_Code/I2C1.o
 .bss.INT_I2C0__BAREBOARD_RTOS_ISRPARAM
                0x1ffff6b0        0x4 ./Generated_Code/I2C1.o
 .bss.IFsh1_CmdPending
                0x1ffff6b4        0x1 ./Generated_Code/IFsh1.o
 .bss.IFsh1_EnEvent
                0x1ffff6b5        0x1 ./Generated_Code/IFsh1.o
 *fill*         0x1ffff6b6        0x2 
 .bss.IntFlashLdd1_DevDataPtr
                0x1ffff6b8        0x4 ./Generated_Code/IFsh1.o
 .bss.DeviceDataPrv__DEFAULT_RTOS_ALLOC
                0x1ffff6bc       0x18 ./Generated_Code/IntFlashLdd1.o
 .bss.PE_LDD_DeviceDataList